{
  "files": 95,
  "items": 1268,
  "main_subsections": 231,
  "main_exercises": 106,
  "pending_review": 1268,
  "changed_files": [
    "outlines/02-模型架构.md",
    "outlines/03-推理与训练负载.md",
    "outlines/04-加速器架构.md",
    "outlines/08-单实例推理.md",
    "outlines/09-分布式推理.md",
    "outlines/12-端边云协同.md",
    "outlines/extensions/03-推理与训练负载.md",
    "outlines/extensions/09-分布式推理.md",
    "outlines/extensions/12-端边云协同.md"
  ],
  "snapshot_refreshed": true,
  "scope_note": "Capturing source text is not implementation coverage; work-package review remains explicit."
}
