time="2026-09-14T19:05:34.967935264Z" level=info msg="Starting up"
time="2026-09-14T19:05:34.967998706Z" level=warning msg="Running experimental build"
time="2026-09-14T19:05:34.968711604Z" level=debug msg="Listener created for HTTP on unix (/run/book1102-c421.sock)"
time="2026-09-14T19:05:34.968973934Z" level=info msg="detected 127.0.0.53 nameserver, assuming systemd-resolved, so using resolv.conf: /run/systemd/resolve/resolv.conf"
time="2026-09-14T19:05:34.969108980Z" level=debug msg="Golang's threads limit set to 1387350"
time="2026-09-14T19:05:34.969539079Z" level=debug msg="metrics API listening on /run/book1102-c421/metrics.sock"
time="2026-09-14T19:05:34.971872383Z" level=debug msg="Using default logging driver json-file"
time="2026-09-14T19:05:34.971954254Z" level=debug msg="processing event stream" module=libcontainerd namespace=plugins.moby
time="2026-09-14T19:05:34.972024262Z" level=debug msg="No quota support for local volumes in /home/ubuntu/ai-infra-book-experiments/ch11/11-02/docker-lifecycle/isolated-daemon/criu421/data/volumes: Filesystem does not support, or has not enabled quotas"
time="2026-09-14T19:05:35.113031267Z" level=debug msg="[graphdriver] priority list: [overlay2 fuse-overlayfs btrfs zfs devicemapper vfs]"
time="2026-09-14T19:05:35.124762810Z" level=debug msg="successfully detected metacopy status" storage-driver=overlay2 usingMetacopy=false
time="2026-09-14T19:05:35.128552469Z" level=debug msg="backingFs=extfs, projectQuotaSupported=false, usingMetacopy=false, indexOff=\"index=off,\", userxattr=\"\"" storage-driver=overlay2
time="2026-09-14T19:05:35.128568668Z" level=debug msg="Initialized graph driver overlay2"
time="2026-09-14T19:05:35.131996816Z" level=debug msg="Max Concurrent Downloads: 3"
time="2026-09-14T19:05:35.132006509Z" level=debug msg="Max Concurrent Uploads: 5"
time="2026-09-14T19:05:35.132010790Z" level=debug msg="Max Download Attempts: 5"
time="2026-09-14T19:05:35.132034291Z" level=info msg="Loading containers: start."
time="2026-09-14T19:05:35.132073558Z" level=debug msg="Option DefaultDriver: bridge"
time="2026-09-14T19:05:35.132080728Z" level=debug msg="Option DefaultNetwork: bridge"
time="2026-09-14T19:05:35.132084998Z" level=debug msg="Network Control Plane MTU: 1500"
time="2026-09-14T19:05:35.132136790Z" level=debug msg="processing event stream" module=libcontainerd namespace=book1102
time="2026-09-14T19:05:35.168612876Z" level=info msg="Loading containers: done."
time="2026-09-14T19:05:35.196796158Z" level=warning msg="WARNING: bridge-nf-call-iptables is disabled"
time="2026-09-14T19:05:35.196817969Z" level=warning msg="WARNING: bridge-nf-call-ip6tables is disabled"
time="2026-09-14T19:05:35.196833550Z" level=info msg="Docker daemon" commit=fca702d graphdriver=overlay2 version=24.0.9
time="2026-09-14T19:05:35.196908350Z" level=info msg="Daemon has completed initialization"
time="2026-09-14T19:05:35.243851651Z" level=debug msg="Registering routers"
time="2026-09-14T19:05:35.243873031Z" level=debug msg="Registering GET, /containers/{name:.*}/checkpoints"
time="2026-09-14T19:05:35.243940639Z" level=debug msg="Registering POST, /containers/{name:.*}/checkpoints"
time="2026-09-14T19:05:35.243975787Z" level=debug msg="Registering DELETE, /containers/{name}/checkpoints/{checkpoint}"
time="2026-09-14T19:05:35.244034573Z" level=debug msg="Registering HEAD, /containers/{name:.*}/archive"
time="2026-09-14T19:05:35.244074514Z" level=debug msg="Registering GET, /containers/json"
time="2026-09-14T19:05:35.244100389Z" level=debug msg="Registering GET, /containers/{name:.*}/export"
time="2026-09-14T19:05:35.244133514Z" level=debug msg="Registering GET, /containers/{name:.*}/changes"
time="2026-09-14T19:05:35.244165307Z" level=debug msg="Registering GET, /containers/{name:.*}/json"
time="2026-09-14T19:05:35.244190694Z" level=debug msg="Registering GET, /containers/{name:.*}/top"
time="2026-09-14T19:05:35.244248331Z" level=debug msg="Registering GET, /containers/{name:.*}/logs"
time="2026-09-14T19:05:35.244277789Z" level=debug msg="Registering GET, /containers/{name:.*}/stats"
time="2026-09-14T19:05:35.244307050Z" level=debug msg="Registering GET, /containers/{name:.*}/attach/ws"
time="2026-09-14T19:05:35.244347147Z" level=debug msg="Registering GET, /exec/{id:.*}/json"
time="2026-09-14T19:05:35.244376366Z" level=debug msg="Registering GET, /containers/{name:.*}/archive"
time="2026-09-14T19:05:35.244403062Z" level=debug msg="Registering POST, /containers/create"
time="2026-09-14T19:05:35.244431277Z" level=debug msg="Registering POST, /containers/{name:.*}/kill"
time="2026-09-14T19:05:35.244463770Z" level=debug msg="Registering POST, /containers/{name:.*}/pause"
time="2026-09-14T19:05:35.244490396Z" level=debug msg="Registering POST, /containers/{name:.*}/unpause"
time="2026-09-14T19:05:35.244528444Z" level=debug msg="Registering POST, /containers/{name:.*}/restart"
time="2026-09-14T19:05:35.244561722Z" level=debug msg="Registering POST, /containers/{name:.*}/start"
time="2026-09-14T19:05:35.244592184Z" level=debug msg="Registering POST, /containers/{name:.*}/stop"
time="2026-09-14T19:05:35.244622281Z" level=debug msg="Registering POST, /containers/{name:.*}/wait"
time="2026-09-14T19:05:35.244649967Z" level=debug msg="Registering POST, /containers/{name:.*}/resize"
time="2026-09-14T19:05:35.244677083Z" level=debug msg="Registering POST, /containers/{name:.*}/attach"
time="2026-09-14T19:05:35.244702407Z" level=debug msg="Registering POST, /containers/{name:.*}/copy"
time="2026-09-14T19:05:35.244735672Z" level=debug msg="Registering POST, /containers/{name:.*}/exec"
time="2026-09-14T19:05:35.244758379Z" level=debug msg="Registering POST, /exec/{name:.*}/start"
time="2026-09-14T19:05:35.244783409Z" level=debug msg="Registering POST, /exec/{name:.*}/resize"
time="2026-09-14T19:05:35.244806799Z" level=debug msg="Registering POST, /containers/{name:.*}/rename"
time="2026-09-14T19:05:35.244831813Z" level=debug msg="Registering POST, /containers/{name:.*}/update"
time="2026-09-14T19:05:35.244858126Z" level=debug msg="Registering POST, /containers/prune"
time="2026-09-14T19:05:35.244875766Z" level=debug msg="Registering POST, /commit"
time="2026-09-14T19:05:35.244892918Z" level=debug msg="Registering PUT, /containers/{name:.*}/archive"
time="2026-09-14T19:05:35.244933459Z" level=debug msg="Registering DELETE, /containers/{name:.*}"
time="2026-09-14T19:05:35.244962043Z" level=debug msg="Registering GET, /images/json"
time="2026-09-14T19:05:35.244982031Z" level=debug msg="Registering GET, /images/search"
time="2026-09-14T19:05:35.245009591Z" level=debug msg="Registering GET, /images/get"
time="2026-09-14T19:05:35.245025277Z" level=debug msg="Registering GET, /images/{name:.*}/get"
time="2026-09-14T19:05:35.245057244Z" level=debug msg="Registering GET, /images/{name:.*}/history"
time="2026-09-14T19:05:35.245086797Z" level=debug msg="Registering GET, /images/{name:.*}/json"
time="2026-09-14T19:05:35.245113119Z" level=debug msg="Registering POST, /images/load"
time="2026-09-14T19:05:35.245136092Z" level=debug msg="Registering POST, /images/create"
time="2026-09-14T19:05:35.245152001Z" level=debug msg="Registering POST, /images/{name:.*}/push"
time="2026-09-14T19:05:35.245181887Z" level=debug msg="Registering POST, /images/{name:.*}/tag"
time="2026-09-14T19:05:35.245212645Z" level=debug msg="Registering POST, /images/prune"
time="2026-09-14T19:05:35.245238857Z" level=debug msg="Registering DELETE, /images/{name:.*}"
time="2026-09-14T19:05:35.245263418Z" level=debug msg="Registering OPTIONS, /{anyroute:.*}"
time="2026-09-14T19:05:35.245286060Z" level=debug msg="Registering GET, /_ping"
time="2026-09-14T19:05:35.245304527Z" level=debug msg="Registering HEAD, /_ping"
time="2026-09-14T19:05:35.245319607Z" level=debug msg="Registering GET, /events"
time="2026-09-14T19:05:35.245333978Z" level=debug msg="Registering GET, /info"
time="2026-09-14T19:05:35.245350980Z" level=debug msg="Registering GET, /version"
time="2026-09-14T19:05:35.245367651Z" level=debug msg="Registering GET, /system/df"
time="2026-09-14T19:05:35.245389535Z" level=debug msg="Registering POST, /auth"
time="2026-09-14T19:05:35.245404262Z" level=debug msg="Registering GET, /volumes"
time="2026-09-14T19:05:35.245425935Z" level=debug msg="Registering GET, /volumes/{name:.*}"
time="2026-09-14T19:05:35.245449982Z" level=debug msg="Registering POST, /volumes/create"
time="2026-09-14T19:05:35.245467258Z" level=debug msg="Registering POST, /volumes/prune"
time="2026-09-14T19:05:35.245487512Z" level=debug msg="Registering PUT, /volumes/{name:.*}"
time="2026-09-14T19:05:35.245514366Z" level=debug msg="Registering DELETE, /volumes/{name:.*}"
time="2026-09-14T19:05:35.245542654Z" level=debug msg="Registering POST, /build"
time="2026-09-14T19:05:35.245558345Z" level=debug msg="Registering POST, /build/prune"
time="2026-09-14T19:05:35.245577588Z" level=debug msg="Registering POST, /build/cancel"
time="2026-09-14T19:05:35.245594432Z" level=debug msg="Registering POST, /session"
time="2026-09-14T19:05:35.245609034Z" level=debug msg="Registering POST, /swarm/init"
time="2026-09-14T19:05:35.245627992Z" level=debug msg="Registering POST, /swarm/join"
time="2026-09-14T19:05:35.245654837Z" level=debug msg="Registering POST, /swarm/leave"
time="2026-09-14T19:05:35.245671263Z" level=debug msg="Registering GET, /swarm"
time="2026-09-14T19:05:35.245686180Z" level=debug msg="Registering GET, /swarm/unlockkey"
time="2026-09-14T19:05:35.245703570Z" level=debug msg="Registering POST, /swarm/update"
time="2026-09-14T19:05:35.245719368Z" level=debug msg="Registering POST, /swarm/unlock"
time="2026-09-14T19:05:35.245735973Z" level=debug msg="Registering GET, /services"
time="2026-09-14T19:05:35.245755622Z" level=debug msg="Registering GET, /services/{id}"
time="2026-09-14T19:05:35.245777776Z" level=debug msg="Registering POST, /services/create"
time="2026-09-14T19:05:35.245797289Z" level=debug msg="Registering POST, /services/{id}/update"
time="2026-09-14T19:05:35.245827076Z" level=debug msg="Registering DELETE, /services/{id}"
time="2026-09-14T19:05:35.245854441Z" level=debug msg="Registering GET, /services/{id}/logs"
time="2026-09-14T19:05:35.245879462Z" level=debug msg="Registering GET, /nodes"
time="2026-09-14T19:05:35.245897744Z" level=debug msg="Registering GET, /nodes/{id}"
time="2026-09-14T19:05:35.245920045Z" level=debug msg="Registering DELETE, /nodes/{id}"
time="2026-09-14T19:05:35.245941072Z" level=debug msg="Registering POST, /nodes/{id}/update"
time="2026-09-14T19:05:35.245967904Z" level=debug msg="Registering GET, /tasks"
time="2026-09-14T19:05:35.245981851Z" level=debug msg="Registering GET, /tasks/{id}"
time="2026-09-14T19:05:35.246003913Z" level=debug msg="Registering GET, /tasks/{id}/logs"
time="2026-09-14T19:05:35.246030915Z" level=debug msg="Registering GET, /secrets"
time="2026-09-14T19:05:35.246045448Z" level=debug msg="Registering POST, /secrets/create"
time="2026-09-14T19:05:35.246064686Z" level=debug msg="Registering DELETE, /secrets/{id}"
time="2026-09-14T19:05:35.246091122Z" level=debug msg="Registering GET, /secrets/{id}"
time="2026-09-14T19:05:35.246114321Z" level=debug msg="Registering POST, /secrets/{id}/update"
time="2026-09-14T19:05:35.246142682Z" level=debug msg="Registering GET, /configs"
time="2026-09-14T19:05:35.246157646Z" level=debug msg="Registering POST, /configs/create"
time="2026-09-14T19:05:35.246175245Z" level=debug msg="Registering DELETE, /configs/{id}"
time="2026-09-14T19:05:35.246201504Z" level=debug msg="Registering GET, /configs/{id}"
time="2026-09-14T19:05:35.246228090Z" level=debug msg="Registering POST, /configs/{id}/update"
time="2026-09-14T19:05:35.246255792Z" level=debug msg="Registering GET, /plugins"
time="2026-09-14T19:05:35.246275823Z" level=debug msg="Registering GET, /plugins/{name:.*}/json"
time="2026-09-14T19:05:35.246303934Z" level=debug msg="Registering GET, /plugins/privileges"
time="2026-09-14T19:05:35.246323696Z" level=debug msg="Registering DELETE, /plugins/{name:.*}"
time="2026-09-14T19:05:35.246350231Z" level=debug msg="Registering POST, /plugins/{name:.*}/enable"
time="2026-09-14T19:05:35.246374951Z" level=debug msg="Registering POST, /plugins/{name:.*}/disable"
time="2026-09-14T19:05:35.246402689Z" level=debug msg="Registering POST, /plugins/pull"
time="2026-09-14T19:05:35.246431408Z" level=debug msg="Registering POST, /plugins/{name:.*}/push"
time="2026-09-14T19:05:35.246458667Z" level=debug msg="Registering POST, /plugins/{name:.*}/upgrade"
time="2026-09-14T19:05:35.246493893Z" level=debug msg="Registering POST, /plugins/{name:.*}/set"
time="2026-09-14T19:05:35.246524030Z" level=debug msg="Registering POST, /plugins/create"
time="2026-09-14T19:05:35.246548997Z" level=debug msg="Registering GET, /distribution/{name:.*}/json"
time="2026-09-14T19:05:35.246581434Z" level=debug msg="Registering POST, /grpc"
time="2026-09-14T19:05:35.246621783Z" level=debug msg="Registering GET, /networks"
time="2026-09-14T19:05:35.246651246Z" level=debug msg="Registering GET, /networks/"
time="2026-09-14T19:05:35.246674116Z" level=debug msg="Registering GET, /networks/{id:.+}"
time="2026-09-14T19:05:35.246706986Z" level=debug msg="Registering POST, /networks/create"
time="2026-09-14T19:05:35.246732594Z" level=debug msg="Registering POST, /networks/{id:.*}/connect"
time="2026-09-14T19:05:35.246769119Z" level=debug msg="Registering POST, /networks/{id:.*}/disconnect"
time="2026-09-14T19:05:35.246809422Z" level=debug msg="Registering POST, /networks/prune"
time="2026-09-14T19:05:35.246834312Z" level=debug msg="Registering DELETE, /networks/{id:.*}"
time="2026-09-14T19:05:35.247022844Z" level=info msg="API listen on /run/book1102-c421.sock"
time="2026-09-14T19:05:35.247223832Z" level=debug msg="Calling HEAD /_ping"
time="2026-09-14T19:05:35.247540419Z" level=debug msg="Calling GET /v1.43/info"
time="2026-09-14T19:05:35.883035969Z" level=debug msg="Calling HEAD /_ping"
time="2026-09-14T19:05:35.883404555Z" level=debug msg="Calling POST /v1.43/images/load?quiet=1"
time="2026-09-14T19:05:35.975379866Z" level=debug msg="Applying tar in /home/ubuntu/ai-infra-book-experiments/ch11/11-02/docker-lifecycle/isolated-daemon/criu421/data/overlay2/4af57b145ec1d9c0203dd270d689b940c4f7045d5f163c957afa31c8daf29570/diff" storage-driver=overlay2
time="2026-09-14T19:05:36.418009407Z" level=debug msg="Applied tar sha256:6f94328331290cbd81edab450664d42da7b64c191416c9346cd5d28c84f76035 to 4af57b145ec1d9c0203dd270d689b940c4f7045d5f163c957afa31c8daf29570, size: 78621580"
time="2026-09-14T19:05:36.451824338Z" level=debug msg="Applying tar in /home/ubuntu/ai-infra-book-experiments/ch11/11-02/docker-lifecycle/isolated-daemon/criu421/data/overlay2/5034d3ffff17e864ea316a8d3b2f703452e0741128b913d07999c23202f3db5b/diff" storage-driver=overlay2
time="2026-09-14T19:05:36.500109570Z" level=debug msg="Applied tar sha256:275f0a9e4758b8a31c628ab748d8184bd103fb27ec8aeff6b588003a3056d082 to 5034d3ffff17e864ea316a8d3b2f703452e0741128b913d07999c23202f3db5b, size: 3811541"
time="2026-09-14T19:05:36.527035293Z" level=debug msg="Applying tar in /home/ubuntu/ai-infra-book-experiments/ch11/11-02/docker-lifecycle/isolated-daemon/criu421/data/overlay2/898b17407972fa0f241869af380d74ae78f3fcd1676f8d82ec881468dad43bb6/diff" storage-driver=overlay2
time="2026-09-14T19:05:36.878462862Z" level=debug msg="Applied tar sha256:3d7dddf62be3a47f3c072a9dc069ac228beea659375d9fff022792deaaf08d61 to 898b17407972fa0f241869af380d74ae78f3fcd1676f8d82ec881468dad43bb6, size: 42415046"
time="2026-09-14T19:05:36.913142023Z" level=debug msg="Applying tar in /home/ubuntu/ai-infra-book-experiments/ch11/11-02/docker-lifecycle/isolated-daemon/criu421/data/overlay2/05cd81a075c6a6d3a6c086bebbe4007e0f9698ea83cbba6c98712595f470dfce/diff" storage-driver=overlay2
time="2026-09-14T19:05:36.915294836Z" level=debug msg="Applied tar sha256:1a8800d1b976e9a254659bbce8213f99d55639c12cc4d2ebecafe95a163797c5 to 05cd81a075c6a6d3a6c086bebbe4007e0f9698ea83cbba6c98712595f470dfce, size: 36"
time="2026-09-14T19:05:36.995809433Z" level=debug msg="Calling HEAD /_ping"
time="2026-09-14T19:05:36.996155893Z" level=debug msg="Calling GET /v1.43/images/python:3.11-slim/json"
time="2026-09-14T19:05:37.005557328Z" level=debug msg="Calling HEAD /_ping"
time="2026-09-14T19:05:37.006146954Z" level=debug msg="Calling POST /v1.43/containers/create?name=book1102-probe-6be32e9974"
time="2026-09-14T19:05:37.006299332Z" level=debug msg="form data: {\"AttachStderr\":true,\"AttachStdin\":false,\"AttachStdout\":true,\"Cmd\":[\"python\",\"-u\",\"-c\",\"import time,uuid; print(uuid.uuid4().hex,flush=True); time.sleep(3600)\"],\"Domainname\":\"\",\"Entrypoint\":null,\"Env\":null,\"HostConfig\":{\"AutoRemove\":false,\"Binds\":null,\"BlkioDeviceReadBps\":[],\"BlkioDeviceReadIOps\":[],\"BlkioDeviceWriteBps\":[],\"BlkioDeviceWriteIOps\":[],\"BlkioWeight\":0,\"BlkioWeightDevice\":[],\"CapAdd\":null,\"CapDrop\":null,\"Cgroup\":\"\",\"CgroupParent\":\"\",\"CgroupnsMode\":\"\",\"ConsoleSize\":[0,0],\"ContainerIDFile\":\"\",\"CpuCount\":0,\"CpuPercent\":0,\"CpuPeriod\":0,\"CpuQuota\":0,\"CpuRealtimePeriod\":0,\"CpuRealtimeRuntime\":0,\"CpuShares\":0,\"CpusetCpus\":\"\",\"CpusetMems\":\"\",\"DeviceCgroupRules\":null,\"DeviceRequests\":null,\"Devices\":[],\"Dns\":[],\"DnsOptions\":[],\"DnsSearch\":[],\"ExtraHosts\":null,\"GroupAdd\":null,\"IOMaximumBandwidth\":0,\"IOMaximumIOps\":0,\"IpcMode\":\"\",\"Isolation\":\"\",\"Links\":null,\"LogConfig\":{\"Config\":{},\"Type\":\"\"},\"MaskedPaths\":null,\"Memory\":134217728,\"MemoryReservation\":0,\"MemorySwap\":0,\"MemorySwappiness\":-1,\"NanoCpus\":1000000000,\"NetworkMode\":\"host\",\"OomKillDisable\":false,\"OomScoreAdj\":0,\"PidMode\":\"\",\"PidsLimit\":0,\"PortBindings\":{},\"Privileged\":false,\"PublishAllPorts\":false,\"ReadonlyPaths\":null,\"ReadonlyRootfs\":false,\"RestartPolicy\":{\"MaximumRetryCount\":0,\"Name\":\"no\"},\"SecurityOpt\":null,\"ShmSize\":0,\"UTSMode\":\"\",\"Ulimits\":null,\"UsernsMode\":\"\",\"VolumeDriver\":\"\",\"VolumesFrom\":null},\"Hostname\":\"\",\"Image\":\"sha256:002792ac193538382f4aa5b2f696e5669c20e3c972e60d75e6df90d64d4e696e\",\"Labels\":{\"book.experiment\":\"restore-probe\"},\"NetworkingConfig\":{\"EndpointsConfig\":{}},\"OnBuild\":null,\"OpenStdin\":false,\"StdinOnce\":false,\"Tty\":false,\"User\":\"\",\"Volumes\":{},\"WorkingDir\":\"\"}"
time="2026-09-14T19:05:37.276237809Z" level=debug msg="container mounted via layerStore: /home/ubuntu/ai-infra-book-experiments/ch11/11-02/docker-lifecycle/isolated-daemon/criu421/data/overlay2/5eb09d79de7cb3a5531fade4afb4bb627a13ce815670e52896724d2db6ce45f8/merged" container=da387682a31568bee5c5f46504395e0697f589594d97f78be7a5f4941bf0e10b
time="2026-09-14T19:05:37.300138839Z" level=debug msg="Calling HEAD /_ping"
time="2026-09-14T19:05:37.300436786Z" level=debug msg="Calling POST /v1.43/containers/da387682a31568bee5c5f46504395e0697f589594d97f78be7a5f4941bf0e10b/start"
time="2026-09-14T19:05:37.300959507Z" level=debug msg="container mounted via layerStore: /home/ubuntu/ai-infra-book-experiments/ch11/11-02/docker-lifecycle/isolated-daemon/criu421/data/overlay2/5eb09d79de7cb3a5531fade4afb4bb627a13ce815670e52896724d2db6ce45f8/merged" container=da387682a31568bee5c5f46504395e0697f589594d97f78be7a5f4941bf0e10b
time="2026-09-14T19:05:37.326329974Z" level=debug msg="EnableService da387682a31568bee5c5f46504395e0697f589594d97f78be7a5f4941bf0e10b START"
time="2026-09-14T19:05:37.326352371Z" level=debug msg="EnableService da387682a31568bee5c5f46504395e0697f589594d97f78be7a5f4941bf0e10b DONE"
time="2026-09-14T19:05:37.330054020Z" level=debug msg="createSpec: cgroupsPath: system.slice:docker:da387682a31568bee5c5f46504395e0697f589594d97f78be7a5f4941bf0e10b"
time="2026-09-14T19:05:37.330391986Z" level=debug msg="bundle dir created" bundle=/run/book1102-c421/containerd/da387682a31568bee5c5f46504395e0697f589594d97f78be7a5f4941bf0e10b module=libcontainerd namespace=book1102 root=/home/ubuntu/ai-infra-book-experiments/ch11/11-02/docker-lifecycle/isolated-daemon/criu421/data/overlay2/5eb09d79de7cb3a5531fade4afb4bb627a13ce815670e52896724d2db6ce45f8/merged
time="2026-09-14T19:05:37.413856323Z" level=debug msg=event module=libcontainerd namespace=book1102 topic=/tasks/create
time="2026-09-14T19:05:37.418907502Z" level=debug msg=event module=libcontainerd namespace=book1102 topic=/tasks/start
time="2026-09-14T19:05:37.934867412Z" level=debug msg="Calling HEAD /_ping"
time="2026-09-14T19:05:37.935116779Z" level=debug msg="Calling GET /v1.43/containers/da387682a31568bee5c5f46504395e0697f589594d97f78be7a5f4941bf0e10b/json"
time="2026-09-14T19:05:37.936131051Z" level=debug msg="Calling GET /v1.43/containers/da387682a31568bee5c5f46504395e0697f589594d97f78be7a5f4941bf0e10b/logs?stderr=1&stdout=1&tail=all"
time="2026-09-14T19:05:37.936207211Z" level=debug msg="begin logs" container=da387682a31568bee5c5f46504395e0697f589594d97f78be7a5f4941bf0e10b method="(*Daemon).ContainerLogs" module=daemon
time="2026-09-14T19:05:37.936341064Z" level=debug msg="end logs (<nil>)" container=da387682a31568bee5c5f46504395e0697f589594d97f78be7a5f4941bf0e10b method="(*Daemon).ContainerLogs" module=daemon
time="2026-09-14T19:05:37.948604474Z" level=debug msg="Calling HEAD /_ping"
time="2026-09-14T19:05:37.948858337Z" level=debug msg="Calling POST /v1.43/containers/da387682a31568bee5c5f46504395e0697f589594d97f78be7a5f4941bf0e10b/checkpoints"
time="2026-09-14T19:05:37.948911588Z" level=debug msg="form data: {\"CheckpointDir\":\"\",\"CheckpointID\":\"probe\",\"Exit\":true}"
time="2026-09-14T19:05:37.969821955Z" level=debug msg=event module=libcontainerd namespace=book1102 topic=/tasks/paused
time="2026-09-14T19:05:38.053907868Z" level=debug msg=event module=libcontainerd namespace=book1102 topic=/tasks/exit
time="2026-09-14T19:05:38.058415081Z" level=debug msg=event module=libcontainerd namespace=book1102 topic=/tasks/delete
time="2026-09-14T19:05:38.058440271Z" level=info msg="ignoring event" container=da387682a31568bee5c5f46504395e0697f589594d97f78be7a5f4941bf0e10b module=libcontainerd namespace=book1102 topic=/tasks/delete type="*events.TaskDelete"
time="2026-09-14T19:05:38.245417989Z" level=debug msg="Calling HEAD /_ping"
time="2026-09-14T19:05:38.245707806Z" level=debug msg="Calling POST /v1.43/containers/da387682a31568bee5c5f46504395e0697f589594d97f78be7a5f4941bf0e10b/start?checkpoint=probe"
time="2026-09-14T19:05:38.246259217Z" level=debug msg="container mounted via layerStore: /home/ubuntu/ai-infra-book-experiments/ch11/11-02/docker-lifecycle/isolated-daemon/criu421/data/overlay2/5eb09d79de7cb3a5531fade4afb4bb627a13ce815670e52896724d2db6ce45f8/merged" container=da387682a31568bee5c5f46504395e0697f589594d97f78be7a5f4941bf0e10b
time="2026-09-14T19:05:38.269423503Z" level=debug msg="EnableService da387682a31568bee5c5f46504395e0697f589594d97f78be7a5f4941bf0e10b START"
time="2026-09-14T19:05:38.269446177Z" level=debug msg="EnableService da387682a31568bee5c5f46504395e0697f589594d97f78be7a5f4941bf0e10b DONE"
time="2026-09-14T19:05:38.274021132Z" level=debug msg="createSpec: cgroupsPath: system.slice:docker:da387682a31568bee5c5f46504395e0697f589594d97f78be7a5f4941bf0e10b"
time="2026-09-14T19:05:38.274314019Z" level=debug msg="bundle dir created" bundle=/run/book1102-c421/containerd/da387682a31568bee5c5f46504395e0697f589594d97f78be7a5f4941bf0e10b module=libcontainerd namespace=book1102 root=/home/ubuntu/ai-infra-book-experiments/ch11/11-02/docker-lifecycle/isolated-daemon/criu421/data/overlay2/5eb09d79de7cb3a5531fade4afb4bb627a13ce815670e52896724d2db6ce45f8/merged
time="2026-09-14T19:05:38.288786520Z" level=debug msg="Using single walk diff for /home/ubuntu/ai-infra-book-experiments/ch11/11-02/docker-lifecycle/isolated-daemon/criu421/data/containers/da387682a31568bee5c5f46504395e0697f589594d97f78be7a5f4941bf0e10b/checkpoints/probe"
time="2026-09-14T19:05:38.367503050Z" level=error msg="da387682a31568bee5c5f46504395e0697f589594d97f78be7a5f4941bf0e10b cleanup: failed to delete container from containerd: container \"da387682a31568bee5c5f46504395e0697f589594d97f78be7a5f4941bf0e10b\" in namespace \"book1102\": not found"
time="2026-09-14T19:05:38.407015753Z" level=error msg="Handler for POST /v1.43/containers/da387682a31568bee5c5f46504395e0697f589594d97f78be7a5f4941bf0e10b/start returned error: failed to upload checkpoint to containerd: commit failed: content sha256:caa3a35ce8a0a7457c2d7b2ba22250b914461d3e708f8af414e4799f3b0313ba: already exists"
time="2026-09-14T19:05:38.427188219Z" level=debug msg="Calling HEAD /_ping"
time="2026-09-14T19:05:38.427522518Z" level=debug msg="Calling DELETE /v1.43/containers/da387682a31568bee5c5f46504395e0697f589594d97f78be7a5f4941bf0e10b?force=1"
time="2026-09-14T19:05:38.478375977Z" level=info msg="Processing signal 'terminated'"
time="2026-09-14T19:05:38.478521653Z" level=debug msg="daemon configured with a 15 seconds minimum shutdown timeout"
time="2026-09-14T19:05:38.478538013Z" level=debug msg="start clean shutdown of all containers with a 15 seconds timeout..."
time="2026-09-14T19:05:38.479237838Z" level=debug msg="Unix socket /run/book1102-c421/libnetwork/25d45d88c1af.sock doesn't exist. cannot accept client connections"
time="2026-09-14T19:05:38.479291279Z" level=debug msg="Cleaning up old mountid : start."
time="2026-09-14T19:05:38.479344258Z" level=info msg="stopping event stream following graceful shutdown" error="<nil>" module=libcontainerd namespace=book1102
time="2026-09-14T19:05:38.479680513Z" level=debug msg="Cleaning up old mountid : done."
time="2026-09-14T19:05:38.479929344Z" level=debug msg="Clean shutdown succeeded"
time="2026-09-14T19:05:38.479940706Z" level=info msg="Daemon shutdown complete"
time="2026-09-14T19:05:38.479988741Z" level=info msg="stopping event stream following graceful shutdown" error="context canceled" module=libcontainerd namespace=plugins.moby
