{
  "status": "multi_turn_remote_replay_verified",
  "phases": {
    "chat-producer": {
      "requests": 4,
      "request_hit_fraction": 0.75,
      "token_hit_fraction": 0.6374501992031872,
      "wall_s": 1.2530769619625062,
      "request_p95_s": 1.144840395078063,
      "levels": {
        "device": 480,
        "host": 0,
        "storage": 0
      },
      "requests_with_remote_get": 0,
      "per_request_get_sum_median_s": null,
      "per_request_get_sum_p95_s": null,
      "retrieval_quantile_scope": "Sum of successful GET RPC times within each request; excludes exists checks, scheduling and model work. Descriptive nearest-rank sample."
    },
    "chat-consumer": {
      "requests": 4,
      "request_hit_fraction": 0.75,
      "token_hit_fraction": 0.6374501992031872,
      "wall_s": 1.1788607612252235,
      "request_p95_s": 1.105765538988635,
      "levels": {
        "device": 480,
        "host": 0,
        "storage": 0
      },
      "requests_with_remote_get": 0,
      "per_request_get_sum_median_s": null,
      "per_request_get_sum_p95_s": null,
      "retrieval_quantile_scope": "Sum of successful GET RPC times within each request; excludes exists checks, scheduling and model work. Descriptive nearest-rank sample."
    },
    "agent-producer": {
      "requests": 12,
      "request_hit_fraction": 0.9166666666666666,
      "token_hit_fraction": 0.8337083248107997,
      "wall_s": 3.490569255547598,
      "request_p95_s": 1.091814411105588,
      "levels": {
        "device": 16304,
        "host": 0,
        "storage": 0
      },
      "requests_with_remote_get": 0,
      "per_request_get_sum_median_s": null,
      "per_request_get_sum_p95_s": null,
      "retrieval_quantile_scope": "Sum of successful GET RPC times within each request; excludes exists checks, scheduling and model work. Descriptive nearest-rank sample."
    },
    "agent-consumer": {
      "requests": 12,
      "request_hit_fraction": 0.9166666666666666,
      "token_hit_fraction": 0.9237062794027409,
      "wall_s": 145.08690959005617,
      "request_p95_s": 37.207157254219055,
      "levels": {
        "device": 16304,
        "host": 0,
        "storage": 1760
      },
      "requests_with_remote_get": 5,
      "per_request_get_sum_median_s": 14.339168953243643,
      "per_request_get_sum_p95_s": 24.467310012085363,
      "retrieval_quantile_scope": "Sum of successful GET RPC times within each request; excludes exists checks, scheduling and model work. Descriptive nearest-rank sample."
    }
  },
  "paired_outputs": [
    {
      "kind": "chat",
      "turn": 0,
      "output_ids_equal": true,
      "producer_output_ids": [
        37788
      ],
      "consumer_output_ids": [
        37788
      ]
    },
    {
      "kind": "chat",
      "turn": 1,
      "output_ids_equal": true,
      "producer_output_ids": [
        82280
      ],
      "consumer_output_ids": [
        82280
      ]
    },
    {
      "kind": "chat",
      "turn": 2,
      "output_ids_equal": true,
      "producer_output_ids": [
        18
      ],
      "consumer_output_ids": [
        18
      ]
    },
    {
      "kind": "chat",
      "turn": 3,
      "output_ids_equal": true,
      "producer_output_ids": [
        785
      ],
      "consumer_output_ids": [
        785
      ]
    },
    {
      "kind": "agent",
      "turn": 0,
      "output_ids_equal": true,
      "producer_output_ids": [
        515
      ],
      "consumer_output_ids": [
        515
      ]
    },
    {
      "kind": "agent",
      "turn": 1,
      "output_ids_equal": true,
      "producer_output_ids": [
        515
      ],
      "consumer_output_ids": [
        515
      ]
    },
    {
      "kind": "agent",
      "turn": 2,
      "output_ids_equal": true,
      "producer_output_ids": [
        515
      ],
      "consumer_output_ids": [
        515
      ]
    },
    {
      "kind": "agent",
      "turn": 3,
      "output_ids_equal": true,
      "producer_output_ids": [
        515
      ],
      "consumer_output_ids": [
        515
      ]
    },
    {
      "kind": "agent",
      "turn": 4,
      "output_ids_equal": true,
      "producer_output_ids": [
        515
      ],
      "consumer_output_ids": [
        515
      ]
    },
    {
      "kind": "agent",
      "turn": 5,
      "output_ids_equal": true,
      "producer_output_ids": [
        515
      ],
      "consumer_output_ids": [
        515
      ]
    },
    {
      "kind": "agent",
      "turn": 6,
      "output_ids_equal": true,
      "producer_output_ids": [
        515
      ],
      "consumer_output_ids": [
        515
      ]
    },
    {
      "kind": "agent",
      "turn": 7,
      "output_ids_equal": true,
      "producer_output_ids": [
        515
      ],
      "consumer_output_ids": [
        515
      ]
    },
    {
      "kind": "agent",
      "turn": 8,
      "output_ids_equal": true,
      "producer_output_ids": [
        515
      ],
      "consumer_output_ids": [
        515
      ]
    },
    {
      "kind": "agent",
      "turn": 9,
      "output_ids_equal": true,
      "producer_output_ids": [
        515
      ],
      "consumer_output_ids": [
        515
      ]
    },
    {
      "kind": "agent",
      "turn": 10,
      "output_ids_equal": true,
      "producer_output_ids": [
        515
      ],
      "consumer_output_ids": [
        515
      ]
    },
    {
      "kind": "agent",
      "turn": 11,
      "output_ids_equal": true,
      "producer_output_ids": [
        515
      ],
      "consumer_output_ids": [
        515
      ]
    }
  ],
  "all_paired_outputs_equal": true,
  "published_pages": 213,
  "get_operations": 110,
  "conflicting_duplicate_writes": 0,
  "conflicting_keys_read": [],
  "scope": "Two single recorded traces with forced one-token responses. Publication barriers instrument replay and are not original think times. Quantiles are nearest-rank descriptive samples; no full task-quality or stable p95 claim. No three-policy remote routing comparison in this run."
}
