[
  {
    "kind": "chat",
    "busy": "cache",
    "policy": "queue_first",
    "decisions": 48,
    "cache_selections": 0,
    "mean_completion_s": 0.031637322274036705,
    "mean_regret_s": 0.0,
    "max_regret_s": 0.0,
    "mean_absolute_prediction_error_s": 0.3907331305090338,
    "request_hit_rate": 0.0,
    "token_hit_rate": 0.0,
    "levels": {
      "device": 0,
      "host": 0,
      "storage": 0
    },
    "selected_get_sum_sample_p95_s": null
  },
  {
    "kind": "chat",
    "busy": "cache",
    "policy": "cache_first",
    "decisions": 48,
    "cache_selections": 48,
    "mean_completion_s": 6.065243409112251,
    "mean_regret_s": 6.033606086838215,
    "max_regret_s": 11.351297901244834,
    "mean_absolute_prediction_error_s": 1.770559349774885,
    "request_hit_rate": 1.0,
    "token_hit_rate": 0.9561752988047809,
    "levels": {
      "device": 5760,
      "host": 0,
      "storage": 2880
    },
    "selected_get_sum_sample_p95_s": 5.728505466133356
  },
  {
    "kind": "chat",
    "busy": "cache",
    "policy": "predicted_completion",
    "decisions": 48,
    "cache_selections": 0,
    "mean_completion_s": 0.031637322274036705,
    "mean_regret_s": 0.0,
    "max_regret_s": 0.0,
    "mean_absolute_prediction_error_s": 0.3907331305090338,
    "request_hit_rate": 0.0,
    "token_hit_rate": 0.0,
    "levels": {
      "device": 0,
      "host": 0,
      "storage": 0
    },
    "selected_get_sum_sample_p95_s": null
  },
  {
    "kind": "chat",
    "busy": "cold",
    "policy": "queue_first",
    "decisions": 48,
    "cache_selections": 48,
    "mean_completion_s": 4.617216212267522,
    "mean_regret_s": 3.137551693148756,
    "max_regret_s": 8.454834993230179,
    "mean_absolute_prediction_error_s": 1.770559349774885,
    "request_hit_rate": 1.0,
    "token_hit_rate": 0.9561752988047809,
    "levels": {
      "device": 5760,
      "host": 0,
      "storage": 2880
    },
    "selected_get_sum_sample_p95_s": 5.728505466133356
  },
  {
    "kind": "chat",
    "busy": "cold",
    "policy": "cache_first",
    "decisions": 48,
    "cache_selections": 48,
    "mean_completion_s": 4.617216212267522,
    "mean_regret_s": 3.137551693148756,
    "max_regret_s": 8.454834993230179,
    "mean_absolute_prediction_error_s": 1.770559349774885,
    "request_hit_rate": 1.0,
    "token_hit_rate": 0.9561752988047809,
    "levels": {
      "device": 5760,
      "host": 0,
      "storage": 2880
    },
    "selected_get_sum_sample_p95_s": 5.728505466133356
  },
  {
    "kind": "chat",
    "busy": "cold",
    "policy": "predicted_completion",
    "decisions": 48,
    "cache_selections": 6,
    "mean_completion_s": 1.555778925602984,
    "mean_regret_s": 0.07611440648421801,
    "max_regret_s": 0.6135389839764684,
    "mean_absolute_prediction_error_s": 0.47996172645162005,
    "request_hit_rate": 0.125,
    "token_hit_rate": 0.1593625498007968,
    "levels": {
      "device": 1248,
      "host": 0,
      "storage": 192
    },
    "selected_get_sum_sample_p95_s": 1.292867376934737
  },
  {
    "kind": "agent",
    "busy": "cache",
    "policy": "queue_first",
    "decisions": 144,
    "cache_selections": 0,
    "mean_completion_s": 0.09601237751000251,
    "mean_regret_s": 0.0,
    "max_regret_s": 0.0,
    "mean_absolute_prediction_error_s": 0.0069836329979201155,
    "request_hit_rate": 0.0,
    "token_hit_rate": 0.0,
    "levels": {
      "device": 0,
      "host": 0,
      "storage": 0
    },
    "selected_get_sum_sample_p95_s": null
  },
  {
    "kind": "agent",
    "busy": "cache",
    "policy": "cache_first",
    "decisions": 144,
    "cache_selections": 132,
    "mean_completion_s": 13.327417721066418,
    "mean_regret_s": 13.231405343556414,
    "max_regret_s": 38.71038604248315,
    "mean_absolute_prediction_error_s": 5.4031084711356625,
    "request_hit_rate": 0.9166666666666666,
    "token_hit_rate": 0.9237062794027409,
    "levels": {
      "device": 195648,
      "host": 0,
      "storage": 21120
    },
    "selected_get_sum_sample_p95_s": 24.467310012085363
  },
  {
    "kind": "agent",
    "busy": "cache",
    "policy": "predicted_completion",
    "decisions": 144,
    "cache_selections": 0,
    "mean_completion_s": 0.09601237751000251,
    "mean_regret_s": 0.0,
    "max_regret_s": 0.0,
    "mean_absolute_prediction_error_s": 0.0069836329979201155,
    "request_hit_rate": 0.0,
    "token_hit_rate": 0.0,
    "levels": {
      "device": 0,
      "host": 0,
      "storage": 0
    },
    "selected_get_sum_sample_p95_s": null
  },
  {
    "kind": "agent",
    "busy": "cold",
    "policy": "queue_first",
    "decisions": 144,
    "cache_selections": 144,
    "mean_completion_s": 12.090575799171347,
    "mean_regret_s": 11.33860152868955,
    "max_regret_s": 35.813923134468496,
    "mean_absolute_prediction_error_s": 5.492300329763263,
    "request_hit_rate": 0.9166666666666666,
    "token_hit_rate": 0.9237062794027409,
    "levels": {
      "device": 195648,
      "host": 0,
      "storage": 21120
    },
    "selected_get_sum_sample_p95_s": 24.467310012085363
  },
  {
    "kind": "agent",
    "busy": "cold",
    "policy": "cache_first",
    "decisions": 144,
    "cache_selections": 144,
    "mean_completion_s": 12.090575799171347,
    "mean_regret_s": 11.33860152868955,
    "max_regret_s": 35.813923134468496,
    "mean_absolute_prediction_error_s": 5.492300329763263,
    "request_hit_rate": 0.9166666666666666,
    "token_hit_rate": 0.9237062794027409,
    "levels": {
      "device": 195648,
      "host": 0,
      "storage": 21120
    },
    "selected_get_sum_sample_p95_s": 24.467310012085363
  },
  {
    "kind": "agent",
    "busy": "cold",
    "policy": "predicted_completion",
    "decisions": 144,
    "cache_selections": 84,
    "mean_completion_s": 0.7519742704817973,
    "mean_regret_s": 0.0,
    "max_regret_s": 0.0,
    "mean_absolute_prediction_error_s": 0.09444560886671145,
    "request_hit_rate": 0.5,
    "token_hit_rate": 0.46635303743096745,
    "levels": {
      "device": 109440,
      "host": 0,
      "storage": 0
    },
    "selected_get_sum_sample_p95_s": null
  }
]
