{
  "status": "three_engines_verified",
  "requests": 99,
  "engines": [
    {
      "engine": 0,
      "raw_sha256": "334d6cceb149568eadcd8026139041f1a75408bfd2dd3b37340d3765835841dd",
      "comparisons": [
        {
          "candidate": "schedule",
          "exact_output_pairs": 11,
          "median_saving_ms": -13.49779381416738,
          "positive_pairs": 4
        },
        {
          "candidate": "agent",
          "exact_output_pairs": 11,
          "median_saving_ms": -29.984365915879607,
          "positive_pairs": 4
        }
      ]
    },
    {
      "engine": 1,
      "raw_sha256": "8878c1e7a196d47ead4ad70ad6e8cf0dcd290404cca0b9058d7e95a84d3b558f",
      "comparisons": [
        {
          "candidate": "schedule",
          "exact_output_pairs": 11,
          "median_saving_ms": -17.847600858658552,
          "positive_pairs": 2
        },
        {
          "candidate": "agent",
          "exact_output_pairs": 11,
          "median_saving_ms": -33.04021689109504,
          "positive_pairs": 2
        }
      ]
    },
    {
      "engine": 2,
      "raw_sha256": "eb9b98861c29868d46b5b47665de90bf51a87ceaed1bc4321174b0d9f18d32fb",
      "comparisons": [
        {
          "candidate": "schedule",
          "exact_output_pairs": 11,
          "median_saving_ms": -10.99630817770958,
          "positive_pairs": 4
        },
        {
          "candidate": "agent",
          "exact_output_pairs": 11,
          "median_saving_ms": 6.647363072261214,
          "positive_pairs": 6
        }
      ]
    }
  ],
  "scope": "Three engine initializations, randomized triplets within engine, one known prompt, 32 forced outputs. GPU process samples exclusive, CPU background uncontrolled. No general quality, saturation throughput, or performance extrapolation."
}
