{
  "requests": 54,
  "valid": 54,
  "conditions": [
    {
      "mode": "whole",
      "protocol": "h1",
      "count": 6,
      "median_s": 1.3888512670528144,
      "samples_s": [
        1.5587042248807847,
        1.2215278381481767,
        1.5555217580404133,
        1.2221807760652155,
        1.5565393739379942,
        1.221324800979346
      ],
      "fresh_median_s": 1.5565393739379942,
      "reused_median_s": 1.2215278381481767
    },
    {
      "mode": "whole",
      "protocol": "h3",
      "count": 6,
      "median_s": 1.4102012944640592,
      "samples_s": [
        1.5591379879042506,
        1.2213627549353987,
        1.5608065349515527,
        1.2211028879974037,
        1.557839459972456,
        1.2625631289556623
      ],
      "fresh_median_s": 1.5591379879042506,
      "reused_median_s": 1.2213627549353987
    },
    {
      "mode": "16k",
      "protocol": "h1",
      "count": 6,
      "median_s": 1.3892723449971527,
      "samples_s": [
        1.6580365269910544,
        1.2204663220327348,
        1.5599974009674042,
        1.2207397168967873,
        1.556662824936211,
        1.2218818650580943
      ],
      "fresh_median_s": 1.5599974009674042,
      "reused_median_s": 1.2207397168967873
    },
    {
      "mode": "16k",
      "protocol": "h3",
      "count": 6,
      "median_s": 1.6372305599506944,
      "samples_s": [
        1.6202606428414583,
        2.222913249162957,
        1.6542004770599306,
        2.62168443785049,
        1.5646038528066128,
        1.2682132278569043
      ],
      "fresh_median_s": 1.6202606428414583,
      "reused_median_s": 2.222913249162957
    },
    {
      "mode": "64k",
      "protocol": "h1",
      "count": 6,
      "median_s": 1.3900211144937202,
      "samples_s": [
        1.5595721611753106,
        1.220638443948701,
        1.561273709172383,
        1.220215689856559,
        1.5594037850387394,
        1.2197647360153496
      ],
      "fresh_median_s": 1.5595721611753106,
      "reused_median_s": 1.220215689856559
    },
    {
      "mode": "64k",
      "protocol": "h3",
      "count": 6,
      "median_s": 2.5183577010175213,
      "samples_s": [
        2.745103150838986,
        2.6135566481389105,
        2.314110725885257,
        3.0215260460972786,
        1.751407545991242,
        2.423158753896132
      ],
      "fresh_median_s": 2.314110725885257,
      "reused_median_s": 2.6135566481389105
    }
  ]
}
