{
  "requests": 162,
  "valid": 162,
  "conditions": [
    {
      "trace_samples_s": [
        4.427793764974922,
        4.42338117887266,
        4.420013224938884
      ],
      "median_trace_s": 4.42338117887266,
      "mode": "whole",
      "protocol": "h1",
      "count": 24,
      "median_s": 0.5568915880285203,
      "samples_s": [
        0.7483545090071857,
        0.536413153866306,
        0.546240626135841,
        0.4351653119083494,
        0.5811092669609934,
        0.4367997511290014,
        0.5676187931094319,
        0.5745314329396933,
        0.7429741101805121,
        0.5365113629959524,
        0.5463236840441823,
        0.43543287203647196,
        0.582282979041338,
        0.4368330829311162,
        0.5677127761300653,
        0.5736959481146187,
        0.7421597149223089,
        0.5370095509570092,
        0.5457721068523824,
        0.4350816491059959,
        0.5808760330546647,
        0.43680739193223417,
        0.5674594920128584,
        0.5734784970991313
      ],
      "fresh_median_s": 0.7429741101805121,
      "reused_median_s": 0.546240626135841
    },
    {
      "trace_samples_s": [
        4.533090640092269,
        4.571489010006189,
        4.5199788690079
      ],
      "median_trace_s": 4.533090640092269,
      "mode": "whole",
      "protocol": "h3",
      "count": 24,
      "median_s": 0.5599820690695196,
      "samples_s": [
        0.8227472559083253,
        0.5394809080753475,
        0.5493068110663444,
        0.4420988990459591,
        0.5885074839461595,
        0.4404701739549637,
        0.5717370379716158,
        0.5771698819007725,
        0.8247610388789326,
        0.541399170877412,
        0.5485906179528683,
        0.4385181008838117,
        0.5849625240080059,
        0.440017496002838,
        0.5738638699986041,
        0.6177201259415597,
        0.8213935990352184,
        0.539106871932745,
        0.547944902908057,
        0.43852440593764186,
        0.5843155069742352,
        0.4404182070866227,
        0.5706573270726949,
        0.576276594074443
      ],
      "fresh_median_s": 0.8227472559083253,
      "reused_median_s": 0.5485906179528683
    },
    {
      "trace_samples_s": [
        4.426312701078132,
        4.420030526816845,
        4.4217108429875225
      ],
      "median_trace_s": 4.4217108429875225,
      "mode": "16k",
      "protocol": "h1",
      "count": 24,
      "median_s": 0.55636091157794,
      "samples_s": [
        0.7455403560306877,
        0.5354669741354883,
        0.5447334931232035,
        0.43484312295913696,
        0.5807383470237255,
        0.4393043259624392,
        0.5698024481534958,
        0.5742550208233297,
        0.7442873779218644,
        0.5359448490198702,
        0.5447098431177437,
        0.4347288019489497,
        0.5815760639961809,
        0.43626552796922624,
        0.5679883300326765,
        0.5728565468452871,
        0.7441676079761237,
        0.5358209901023656,
        0.5447031939402223,
        0.4348343519959599,
        0.5821013911627233,
        0.4361577311065048,
        0.5681038880720735,
        0.5741794959176332
      ],
      "fresh_median_s": 0.7442873779218644,
      "reused_median_s": 0.5447098431177437
    },
    {
      "trace_samples_s": [
        4.790422162041068,
        4.819822513964027,
        4.572458856040612
      ],
      "median_trace_s": 4.790422162041068,
      "mode": "16k",
      "protocol": "h3",
      "count": 24,
      "median_s": 0.5985801200149581,
      "samples_s": [
        0.8211653118487448,
        0.5392998161260039,
        0.616777605842799,
        0.4390748420264572,
        0.6404570650774986,
        0.4898362518288195,
        0.6191995008848608,
        0.6228325110860169,
        0.8201440740376711,
        0.6070207010488957,
        0.5901395389810205,
        0.47719603404402733,
        0.6231385529972613,
        0.47837209212593734,
        0.6086801171768457,
        0.6136032859794796,
        0.8208415880799294,
        0.539408516837284,
        0.5482216570526361,
        0.43832949502393603,
        0.5840072298888117,
        0.4396205029916018,
        0.6236078389920294,
        0.5768004381097853
      ],
      "fresh_median_s": 0.8208415880799294,
      "reused_median_s": 0.5840072298888117
    },
    {
      "trace_samples_s": [
        4.4230553458910435,
        4.421738530974835,
        4.431683631846681
      ],
      "median_trace_s": 4.4230553458910435,
      "mode": "64k",
      "protocol": "h1",
      "count": 24,
      "median_s": 0.5560285924002528,
      "samples_s": [
        0.7471128969918936,
        0.5361872960347682,
        0.5450909920036793,
        0.4351192410103977,
        0.5808494240045547,
        0.4364980210084468,
        0.5673403001856059,
        0.5734501879196614,
        0.747509588021785,
        0.5357711350079626,
        0.5446977601386607,
        0.43474087305366993,
        0.5814313108567148,
        0.43621742096729577,
        0.5669661927968264,
        0.5729158008471131,
        0.7470611359458417,
        0.5360573290381581,
        0.5450139411259443,
        0.43514642119407654,
        0.5807712080422789,
        0.4364493798930198,
        0.5673546700272709,
        0.5734363431110978
      ],
      "fresh_median_s": 0.7471128969918936,
      "reused_median_s": 0.5450139411259443
    },
    {
      "trace_samples_s": [
        4.810039455071092,
        4.608229720033705,
        4.524582138983533
      ],
      "median_trace_s": 4.608229720033705,
      "mode": "64k",
      "protocol": "h3",
      "count": 24,
      "median_s": 0.578838293091394,
      "samples_s": [
        0.8179650360252708,
        0.6059052119962871,
        0.5875531679484993,
        0.4762886599637568,
        0.622913691913709,
        0.4770618989132345,
        0.6082396421115845,
        0.6125646459404379,
        0.8173421588726342,
        0.6221355958841741,
        0.5488387139048427,
        0.4399734588805586,
        0.5847968240268528,
        0.44082204601727426,
        0.5718286989722401,
        0.5808429021853954,
        0.8217260679230094,
        0.5393100599758327,
        0.5512507110834122,
        0.4384479799773544,
        0.5849322460126132,
        0.4397647262085229,
        0.5708547180984169,
        0.5768336839973927
      ],
      "fresh_median_s": 0.8179650360252708,
      "reused_median_s": 0.5718286989722401
    }
  ]
}
