{
  "requests": 54,
  "valid": 54,
  "conditions": [
    {
      "mode": "whole",
      "protocol": "h1",
      "count": 6,
      "median_s": 7.405527575989254,
      "samples_s": [
        7.60818866500631,
        7.111956547014415,
        7.7158032699953765,
        7.226282717194408,
        7.5847724347840995,
        7.075077146058902
      ],
      "fresh_median_s": 7.60818866500631,
      "reused_median_s": 7.111956547014415
    },
    {
      "mode": "whole",
      "protocol": "h3",
      "count": 6,
      "median_s": 21.531146177556366,
      "samples_s": [
        21.218493035063148,
        29.385175186907873,
        18.727809980977327,
        21.843799320049584,
        18.45651498902589,
        25.83540954417549
      ],
      "fresh_median_s": 18.727809980977327,
      "reused_median_s": 25.83540954417549
    },
    {
      "mode": "16k",
      "protocol": "h1",
      "count": 6,
      "median_s": 7.269146610982716,
      "samples_s": [
        7.50204924819991,
        7.056704552145675,
        7.523373448988423,
        7.019877600017935,
        7.481588669819757,
        6.96740552294068
      ],
      "fresh_median_s": 7.50204924819991,
      "reused_median_s": 7.019877600017935
    },
    {
      "mode": "16k",
      "protocol": "h3",
      "count": 6,
      "median_s": 23.508557851077057,
      "samples_s": [
        20.943392710061744,
        27.135434468043968,
        15.958094486035407,
        26.07372299209237,
        19.090749826980755,
        26.133737734053284
      ],
      "fresh_median_s": 19.090749826980755,
      "reused_median_s": 26.133737734053284
    },
    {
      "mode": "64k",
      "protocol": "h1",
      "count": 6,
      "median_s": 7.365115532535128,
      "samples_s": [
        7.6127650670241565,
        7.050254829926416,
        7.678031399846077,
        7.11751549015753,
        7.612715574912727,
        7.073334745131433
      ],
      "fresh_median_s": 7.6127650670241565,
      "reused_median_s": 7.073334745131433
    },
    {
      "mode": "64k",
      "protocol": "h3",
      "count": 6,
      "median_s": 25.133453147602268,
      "samples_s": [
        13.852339542936534,
        26.699189805891365,
        26.3917904230766,
        28.742458371911198,
        19.06432192516513,
        23.875115872127935
      ],
      "fresh_median_s": 19.06432192516513,
      "reused_median_s": 26.699189805891365
    }
  ]
}
