START asr trial0-whole
{"requests": 6, "failures": 0, "server_errors": []}
DONE asr trial0-whole
START asr trial0-16k
{"requests": 6, "failures": 0, "server_errors": []}
DONE asr trial0-16k
START asr trial0-64k
{"requests": 6, "failures": 0, "server_errors": []}
DONE asr trial0-64k
START asr trial1-16k
{"requests": 6, "failures": 0, "server_errors": []}
DONE asr trial1-16k
START asr trial1-64k
{"requests": 6, "failures": 0, "server_errors": []}
DONE asr trial1-64k
START asr trial1-whole
{"requests": 6, "failures": 0, "server_errors": []}
DONE asr trial1-whole
START asr trial2-64k
{"requests": 6, "failures": 0, "server_errors": []}
DONE asr trial2-64k
START asr trial2-whole
{"requests": 6, "failures": 0, "server_errors": []}
DONE asr trial2-whole
START asr trial2-16k
{"requests": 6, "failures": 0, "server_errors": []}
DONE asr trial2-16k
START computer trial0-whole
{"requests": 18, "failures": 0, "server_errors": []}
DONE computer trial0-whole
START computer trial0-16k
{"requests": 18, "failures": 0, "server_errors": []}
DONE computer trial0-16k
START computer trial0-64k
{"requests": 18, "failures": 0, "server_errors": []}
DONE computer trial0-64k
START computer trial1-16k
{"requests": 18, "failures": 0, "server_errors": []}
DONE computer trial1-16k
START computer trial1-64k
{"requests": 18, "failures": 0, "server_errors": []}
DONE computer trial1-64k
START computer trial1-whole
{"requests": 18, "failures": 0, "server_errors": []}
DONE computer trial1-whole
START computer trial2-64k
{"requests": 18, "failures": 0, "server_errors": []}
DONE computer trial2-64k
START computer trial2-whole
{"requests": 18, "failures": 0, "server_errors": []}
DONE computer trial2-whole
START computer trial2-16k
{"requests": 18, "failures": 0, "server_errors": []}
DONE computer trial2-16k
START image trial0-whole
{"requests": 6, "failures": 0, "server_errors": []}
DONE image trial0-whole
START image trial0-16k
{"requests": 6, "failures": 0, "server_errors": []}
DONE image trial0-16k
START image trial0-64k
{"requests": 6, "failures": 0, "server_errors": []}
DONE image trial0-64k
START image trial1-16k
{"requests": 6, "failures": 0, "server_errors": []}
DONE image trial1-16k
START image trial1-64k
{"requests": 6, "failures": 0, "server_errors": []}
DONE image trial1-64k
START image trial1-whole
{"requests": 6, "failures": 0, "server_errors": []}
DONE image trial1-whole
START image trial2-64k
{"requests": 6, "failures": 0, "server_errors": []}
DONE image trial2-64k
START image trial2-whole
{"requests": 6, "failures": 0, "server_errors": []}
DONE image trial2-whole
START image trial2-16k
{"requests": 6, "failures": 0, "server_errors": []}
DONE image trial2-16k
