[
  {
    "arrangement": "additional",
    "rep": 0,
    "cut": null,
    "generation_s": 82.32432220806368,
    "composed_training_s": 40.742309369146824,
    "composed_total_s": 123.0666315772105,
    "completed_tasks": 2,
    "trained_output_positions": 500,
    "training_stream": "canonical",
    "teaching_total_cost": 0.053143001919508805,
    "measurement_scope": "Measured new batch plus separately measured cold-consumer stage composition"
  },
  {
    "arrangement": "fixed",
    "rep": 0,
    "cut": null,
    "generation_s": 13.431184667046182,
    "composed_training_s": 40.06660133902915,
    "composed_total_s": 53.49778600607533,
    "completed_tasks": 2,
    "trained_output_positions": 500,
    "training_stream": "canonical",
    "teaching_total_cost": 0.014860496112798703,
    "measurement_scope": "Measured new batch plus separately measured cold-consumer stage composition"
  },
  {
    "arrangement": "additional",
    "rep": 1,
    "cut": null,
    "generation_s": 79.40669708303176,
    "composed_training_s": 40.07335423817858,
    "composed_total_s": 119.48005132121034,
    "completed_tasks": 2,
    "trained_output_positions": 500,
    "training_stream": "canonical",
    "teaching_total_cost": 0.051341364880887946,
    "measurement_scope": "Measured new batch plus separately measured cold-consumer stage composition"
  },
  {
    "arrangement": "fixed",
    "rep": 1,
    "cut": null,
    "generation_s": 13.481022292049602,
    "composed_training_s": 40.07670660922304,
    "composed_total_s": 53.55772890127264,
    "completed_tasks": 2,
    "trained_output_positions": 500,
    "training_stream": "canonical",
    "teaching_total_cost": 0.014877146917020178,
    "measurement_scope": "Measured new batch plus separately measured cold-consumer stage composition"
  },
  {
    "arrangement": "fixed",
    "rep": 2,
    "cut": null,
    "generation_s": 13.648448916967027,
    "composed_training_s": 40.07970151794143,
    "composed_total_s": 53.72815043490846,
    "completed_tasks": 2,
    "trained_output_positions": 500,
    "training_stream": "canonical",
    "teaching_total_cost": 0.014924486231919016,
    "measurement_scope": "Measured new batch plus separately measured cold-consumer stage composition"
  },
  {
    "arrangement": "additional",
    "rep": 2,
    "cut": null,
    "generation_s": 79.53227629198227,
    "composed_training_s": 40.07451823609881,
    "composed_total_s": 119.60679452808108,
    "completed_tasks": 2,
    "trained_output_positions": 500,
    "training_stream": "canonical",
    "teaching_total_cost": 0.05139912246141143,
    "measurement_scope": "Measured new batch plus separately measured cold-consumer stage composition"
  },
  {
    "arrangement": "restart",
    "rep": null,
    "cut": 32,
    "generation_s": 21.29508137499215,
    "composed_training_s": 43.06390663702041,
    "composed_total_s": 64.35898801201256,
    "completed_tasks": 2,
    "trained_output_positions": 500,
    "sampled_tokens": 564,
    "received_positions": 500,
    "rebuilt_prefix_positions": 0,
    "teaching_total_cost": 0.01787749667000349,
    "measurement_scope": "Sum of original per-task interrupted windows plus separate cold-consumer stage composition"
  },
  {
    "arrangement": "preserve",
    "rep": null,
    "cut": 32,
    "generation_s": 19.40255720796995,
    "composed_training_s": 43.0328655440826,
    "composed_total_s": 62.435422752052546,
    "completed_tasks": 2,
    "trained_output_positions": 500,
    "sampled_tokens": 500,
    "received_positions": 500,
    "rebuilt_prefix_positions": 64,
    "teaching_total_cost": 0.01734317298668126,
    "measurement_scope": "Sum of original per-task interrupted windows plus separate cold-consumer stage composition"
  },
  {
    "arrangement": "restart",
    "rep": null,
    "cut": 96,
    "generation_s": 24.795766833995003,
    "composed_training_s": 43.04037437890656,
    "composed_total_s": 67.83614121290157,
    "completed_tasks": 2,
    "trained_output_positions": 500,
    "sampled_tokens": 692,
    "received_positions": 500,
    "rebuilt_prefix_positions": 0,
    "teaching_total_cost": 0.018843372559139322,
    "measurement_scope": "Sum of original per-task interrupted windows plus separate cold-consumer stage composition"
  },
  {
    "arrangement": "preserve",
    "rep": null,
    "cut": 96,
    "generation_s": 23.91410358302528,
    "composed_training_s": 43.06158271082677,
    "composed_total_s": 66.97568629385205,
    "completed_tasks": 2,
    "trained_output_positions": 500,
    "sampled_tokens": 500,
    "received_positions": 500,
    "rebuilt_prefix_positions": 192,
    "teaching_total_cost": 0.018604357303847793,
    "measurement_scope": "Sum of original per-task interrupted windows plus separate cold-consumer stage composition"
  }
]
