{
  "status": "cold_recomputation_verified",
  "requests": 48,
  "all_cache_hits_zero": true,
  "all_repeated_outputs_equal": true,
  "per_input": [
    {
      "kind": "chat",
      "turn": 0,
      "input_tokens": 116,
      "wall_s": [
        0.026679699076339602,
        0.032459015026688576,
        0.04117822297848761
      ],
      "median_s": 0.032459015026688576,
      "output_ids": [
        [
          37788
        ],
        [
          37788
        ],
        [
          37788
        ]
      ],
      "outputs_equal": true
    },
    {
      "kind": "chat",
      "turn": 1,
      "input_tokens": 168,
      "wall_s": [
        0.0535395871847868,
        0.033556086011230946,
        0.03251901105977595
      ],
      "median_s": 0.033556086011230946,
      "output_ids": [
        [
          82280
        ],
        [
          82280
        ],
        [
          82280
        ]
      ],
      "outputs_equal": true
    },
    {
      "kind": "chat",
      "turn": 2,
      "input_tokens": 217,
      "wall_s": [
        1.555565970018506,
        0.030845704022794962,
        0.026029750937595963
      ],
      "median_s": 0.030845704022794962,
      "output_ids": [
        [
          18
        ],
        [
          18
        ],
        [
          18
        ]
      ],
      "outputs_equal": true
    },
    {
      "kind": "chat",
      "turn": 3,
      "input_tokens": 252,
      "wall_s": [
        0.03341871500015259,
        0.030498706037178636,
        0.026012082118541002
      ],
      "median_s": 0.030498706037178636,
      "output_ids": [
        [
          785
        ],
        [
          785
        ],
        [
          785
        ]
      ],
      "outputs_equal": true
    },
    {
      "kind": "agent",
      "turn": 0,
      "input_tokens": 210,
      "wall_s": [
        0.03382912906818092,
        0.024368975078687072,
        0.027395484037697315
      ],
      "median_s": 0.027395484037697315,
      "output_ids": [
        [
          515
        ],
        [
          515
        ],
        [
          515
        ]
      ],
      "outputs_equal": true
    },
    {
      "kind": "agent",
      "turn": 1,
      "input_tokens": 316,
      "wall_s": [
        0.03319260198622942,
        0.0322478951420635,
        0.03461766894906759
      ],
      "median_s": 0.03319260198622942,
      "output_ids": [
        [
          515
        ],
        [
          515
        ],
        [
          515
        ]
      ],
      "outputs_equal": true
    },
    {
      "kind": "agent",
      "turn": 2,
      "input_tokens": 670,
      "wall_s": [
        0.04639785597100854,
        0.040272923884913325,
        0.047479765955358744
      ],
      "median_s": 0.04639785597100854,
      "output_ids": [
        [
          515
        ],
        [
          515
        ],
        [
          515
        ]
      ],
      "outputs_equal": true
    },
    {
      "kind": "agent",
      "turn": 3,
      "input_tokens": 884,
      "wall_s": [
        0.05121389008127153,
        0.04378209705464542,
        0.05110958404839039
      ],
      "median_s": 0.05110958404839039,
      "output_ids": [
        [
          515
        ],
        [
          515
        ],
        [
          515
        ]
      ],
      "outputs_equal": true
    },
    {
      "kind": "agent",
      "turn": 4,
      "input_tokens": 1233,
      "wall_s": [
        0.09757947199977934,
        0.07202928210608661,
        0.09105299599468708
      ],
      "median_s": 0.09105299599468708,
      "output_ids": [
        [
          515
        ],
        [
          515
        ],
        [
          515
        ]
      ],
      "outputs_equal": true
    },
    {
      "kind": "agent",
      "turn": 5,
      "input_tokens": 1447,
      "wall_s": [
        0.09704168513417244,
        0.08686722978018224,
        0.07787391194142401
      ],
      "median_s": 0.08686722978018224,
      "output_ids": [
        [
          515
        ],
        [
          515
        ],
        [
          515
        ]
      ],
      "outputs_equal": true
    },
    {
      "kind": "agent",
      "turn": 6,
      "input_tokens": 1796,
      "wall_s": [
        0.09910863498225808,
        0.10232384293340147,
        0.09380465908907354
      ],
      "median_s": 0.09910863498225808,
      "output_ids": [
        [
          515
        ],
        [
          515
        ],
        [
          515
        ]
      ],
      "outputs_equal": true
    },
    {
      "kind": "agent",
      "turn": 7,
      "input_tokens": 2010,
      "wall_s": [
        0.09991931705735624,
        0.10598924709483981,
        0.11054524616338313
      ],
      "median_s": 0.10598924709483981,
      "output_ids": [
        [
          515
        ],
        [
          515
        ],
        [
          515
        ]
      ],
      "outputs_equal": true
    },
    {
      "kind": "agent",
      "turn": 8,
      "input_tokens": 2359,
      "wall_s": [
        0.12444557901471853,
        0.1363314059562981,
        0.12601178884506226
      ],
      "median_s": 0.12601178884506226,
      "output_ids": [
        [
          515
        ],
        [
          515
        ],
        [
          515
        ]
      ],
      "outputs_equal": true
    },
    {
      "kind": "agent",
      "turn": 9,
      "input_tokens": 2573,
      "wall_s": [
        0.14401491591706872,
        0.1493457241449505,
        0.1614541499875486
      ],
      "median_s": 0.1493457241449505,
      "output_ids": [
        [
          515
        ],
        [
          515
        ],
        [
          515
        ]
      ],
      "outputs_equal": true
    },
    {
      "kind": "agent",
      "turn": 10,
      "input_tokens": 2922,
      "wall_s": [
        0.15423703519627452,
        0.1542444028891623,
        0.15809718007221818
      ],
      "median_s": 0.1542444028891623,
      "output_ids": [
        [
          515
        ],
        [
          515
        ],
        [
          515
        ]
      ],
      "outputs_equal": true
    },
    {
      "kind": "agent",
      "turn": 11,
      "input_tokens": 3136,
      "wall_s": [
        0.19246437400579453,
        0.19171987799927592,
        0.18533172109164298
      ],
      "median_s": 0.19171987799927592,
      "output_ids": [
        [
          515
        ],
        [
          515
        ],
        [
          515
        ]
      ],
      "outputs_equal": true
    }
  ],
  "scope": "Three shuffled passes in one engine. No queueing and no GPU-kernel-only timing. First pass is retained, including warmup."
}
