time="2026-09-14T18:54:28.602742211Z" level=info msg="Starting up"
time="2026-09-14T18:54:28.604102639Z" level=warning msg="Running with experimental features enabled"
time="2026-09-14T18:54:28.604274143Z" level=debug msg="Listener created for HTTP on unix (/home/ubuntu/ai-infra-book-experiments/ch11/11-02/docker-lifecycle/isolated-daemon/docker.sock)"
time="2026-09-14T18:54:28.604395940Z" level=info msg="OTEL tracing is not configured, using no-op tracer provider"
time="2026-09-14T18:54:28.605925071Z" level=info msg="CDI directory does not exist, skipping: failed to monitor for changes: no such file or directory" dir=/etc/cdi
time="2026-09-14T18:54:28.606066461Z" level=info msg="detected 127.0.0.53 nameserver, assuming systemd-resolved, so using resolv.conf: /run/systemd/resolve/resolv.conf"
time="2026-09-14T18:54:28.614845039Z" level=debug msg="Golang's threads limit set to 1387350"
time="2026-09-14T18:54:28.618142021Z" level=info msg="Creating a containerd client" address=/run/containerd/containerd.sock timeout=1m0s
time="2026-09-14T18:54:28.618200871Z" level=debug msg="metrics API listening on /home/ubuntu/ai-infra-book-experiments/ch11/11-02/docker-lifecycle/isolated-daemon/exec/metrics.sock"
time="2026-09-14T18:54:28.618558875Z" level=debug msg="Using default logging driver json-file"
time="2026-09-14T18:54:28.618669920Z" level=debug msg="No quota support for local volumes in /home/ubuntu/ai-infra-book-experiments/ch11/11-02/docker-lifecycle/isolated-daemon/data/volumes: Filesystem does not support, or has not enabled quotas"
time="2026-09-14T18:54:28.619706860Z" level=debug msg="processing event stream" module=libcontainerd namespace=plugins.moby
time="2026-09-14T18:54:28.640600505Z" level=debug msg="[graphdriver] priority list: [overlay2 fuse-overlayfs btrfs zfs vfs]"
time="2026-09-14T18:54:28.664668440Z" level=debug msg="successfully detected metacopy status" storage-driver=overlay2 usingMetacopy=false
time="2026-09-14T18:54:28.671599606Z" level=debug msg="backingFs=extfs, projectQuotaSupported=false, usingMetacopy=false, indexOff=\"index=off,\", userxattr=\"\"" storage-driver=overlay2
time="2026-09-14T18:54:28.671630675Z" level=debug msg="Initialized graph driver overlay2"
time="2026-09-14T18:54:28.678302076Z" level=debug msg="Max Concurrent Downloads: 3"
time="2026-09-14T18:54:28.678323916Z" level=debug msg="Max Concurrent Uploads: 5"
time="2026-09-14T18:54:28.678327559Z" level=debug msg="Max Download Attempts: 5"
time="2026-09-14T18:54:28.678350534Z" level=info msg="Loading containers: start."
time="2026-09-14T18:54:28.678383957Z" level=debug msg="Option DefaultDriver: bridge"
time="2026-09-14T18:54:28.678387818Z" level=debug msg="Option DefaultNetwork: bridge"
time="2026-09-14T18:54:28.678391635Z" level=debug msg="Network Control Plane MTU: 1500"
time="2026-09-14T18:54:28.678927789Z" level=debug msg="processing event stream" module=libcontainerd namespace=book1102
time="2026-09-14T18:54:28.683276896Z" level=debug msg="Modules already loaded" modules="[nf_conntrack nf_conntrack_netlink]"
time="2026-09-14T18:54:28.683575003Z" level=debug msg="daemon configured with a 15 seconds minimum shutdown timeout"
time="2026-09-14T18:54:28.683582722Z" level=debug msg="start clean shutdown of all containers with a 15 seconds timeout..."
time="2026-09-14T18:54:28.684647336Z" level=debug msg="Cleaning up old mountid : start."
time="2026-09-14T18:54:28.684723264Z" level=info msg="stopping event stream following graceful shutdown" error="<nil>" module=libcontainerd namespace=book1102
time="2026-09-14T18:54:28.684941309Z" level=debug msg="Cleaning up old mountid : done."
time="2026-09-14T18:54:28.685156039Z" level=info msg="stopping event stream following graceful shutdown" error="context canceled" module=libcontainerd namespace=plugins.moby
failed to start daemon: Error initializing network controller: error obtaining controller instance: listen unix /home/ubuntu/ai-infra-book-experiments/ch11/11-02/docker-lifecycle/isolated-daemon/exec/libnetwork/1daa6860c39f.sock: bind: invalid argument
