Exception in callback _SelectorDatagramTransport._read_ready()
handle: <Handle _SelectorDatagramTransport._read_ready()>
Traceback (most recent call last):
  File "/usr/local/lib/python3.11/asyncio/events.py", line 84, in _run
    self._context.run(self._callback, *self._args)
  File "/usr/local/lib/python3.11/asyncio/selector_events.py", line 1173, in _read_ready
    self._protocol.datagram_received(data, addr)
  File "/usr/local/lib/python3.11/site-packages/aioquic/asyncio/protocol.py", line 157, in datagram_received
    self._process_events()
  File "/usr/local/lib/python3.11/site-packages/aioquic/asyncio/protocol.py", line 233, in _process_events
    self.quic_event_received(event)
  File "/experiment/run_network.py", line 47, in quic_event_received
    state['end']=NOW();state['future'].set_result(state)
                       ^^^^^^^^^^^^^^^^^^^^^^^^^^^^^^^^^
asyncio.exceptions.InvalidStateError: invalid state
Exception in callback _SelectorDatagramTransport._read_ready()
handle: <Handle _SelectorDatagramTransport._read_ready()>
Traceback (most recent call last):
  File "/usr/local/lib/python3.11/asyncio/events.py", line 84, in _run
    self._context.run(self._callback, *self._args)
  File "/usr/local/lib/python3.11/asyncio/selector_events.py", line 1173, in _read_ready
    self._protocol.datagram_received(data, addr)
  File "/usr/local/lib/python3.11/site-packages/aioquic/asyncio/protocol.py", line 157, in datagram_received
    self._process_events()
  File "/usr/local/lib/python3.11/site-packages/aioquic/asyncio/protocol.py", line 233, in _process_events
    self.quic_event_received(event)
  File "/experiment/run_network.py", line 47, in quic_event_received
    state['end']=NOW();state['future'].set_result(state)
                       ^^^^^^^^^^^^^^^^^^^^^^^^^^^^^^^^^
asyncio.exceptions.InvalidStateError: invalid state
Exception in callback _SelectorDatagramTransport._read_ready()
handle: <Handle _SelectorDatagramTransport._read_ready()>
Traceback (most recent call last):
  File "/usr/local/lib/python3.11/asyncio/events.py", line 84, in _run
    self._context.run(self._callback, *self._args)
  File "/usr/local/lib/python3.11/asyncio/selector_events.py", line 1173, in _read_ready
    self._protocol.datagram_received(data, addr)
  File "/usr/local/lib/python3.11/site-packages/aioquic/asyncio/protocol.py", line 157, in datagram_received
    self._process_events()
  File "/usr/local/lib/python3.11/site-packages/aioquic/asyncio/protocol.py", line 233, in _process_events
    self.quic_event_received(event)
  File "/experiment/run_network.py", line 47, in quic_event_received
    state['end']=NOW();state['future'].set_result(state)
                       ^^^^^^^^^^^^^^^^^^^^^^^^^^^^^^^^^
asyncio.exceptions.InvalidStateError: invalid state
Exception in callback _SelectorDatagramTransport._read_ready()
handle: <Handle _SelectorDatagramTransport._read_ready()>
Traceback (most recent call last):
  File "/usr/local/lib/python3.11/asyncio/events.py", line 84, in _run
    self._context.run(self._callback, *self._args)
  File "/usr/local/lib/python3.11/asyncio/selector_events.py", line 1173, in _read_ready
    self._protocol.datagram_received(data, addr)
  File "/usr/local/lib/python3.11/site-packages/aioquic/asyncio/protocol.py", line 157, in datagram_received
    self._process_events()
  File "/usr/local/lib/python3.11/site-packages/aioquic/asyncio/protocol.py", line 233, in _process_events
    self.quic_event_received(event)
  File "/experiment/run_network.py", line 47, in quic_event_received
    state['end']=NOW();state['future'].set_result(state)
                       ^^^^^^^^^^^^^^^^^^^^^^^^^^^^^^^^^
asyncio.exceptions.InvalidStateError: invalid state
Exception in callback _SelectorDatagramTransport._read_ready()
handle: <Handle _SelectorDatagramTransport._read_ready()>
Traceback (most recent call last):
  File "/usr/local/lib/python3.11/asyncio/events.py", line 84, in _run
    self._context.run(self._callback, *self._args)
  File "/usr/local/lib/python3.11/asyncio/selector_events.py", line 1173, in _read_ready
    self._protocol.datagram_received(data, addr)
  File "/usr/local/lib/python3.11/site-packages/aioquic/asyncio/protocol.py", line 157, in datagram_received
    self._process_events()
  File "/usr/local/lib/python3.11/site-packages/aioquic/asyncio/protocol.py", line 233, in _process_events
    self.quic_event_received(event)
  File "/experiment/run_network.py", line 47, in quic_event_received
    state['end']=NOW();state['future'].set_result(state)
                       ^^^^^^^^^^^^^^^^^^^^^^^^^^^^^^^^^
asyncio.exceptions.InvalidStateError: invalid state
{"requests": 26, "failures": 9, "server_errors": []}
