{
  "tasks": 20,
  "valid": 20,
  "formal": 18,
  "exchanges": 32,
  "injected_interruptions": 12,
  "service_replays": 26,
  "qlog_headers": 16,
  "close_frames": 16,
  "conditions": [
    {
      "protocol": "h1",
      "policy": "uninterrupted",
      "samples_s": [
        7.700243919156492,
        7.670263699954376,
        7.556581698125228
      ],
      "median_s": 7.670263699954376,
      "upload_bytes": [
        10656312
      ],
      "client_retained_bytes": [
        4556971,
        4556971,
        4556971
      ],
      "median_recovery_s": null,
      "median_close_s": 2.0442064851522446e-05
    },
    {
      "protocol": "h1",
      "policy": "restart",
      "samples_s": [
        14.12936276406981,
        14.316570956027135,
        14.093351060058922
      ],
      "median_s": 14.12936276406981,
      "upload_bytes": [
        21312624
      ],
      "client_retained_bytes": [
        5605547,
        5654699,
        5605547
      ],
      "median_recovery_s": 8.106415441026911,
      "median_close_s": 8.897297084331512e-05
    },
    {
      "protocol": "h1",
      "policy": "resume",
      "samples_s": [
        8.406866002827883,
        8.484355646185577,
        8.17217507190071
      ],
      "median_s": 8.406866002827883,
      "upload_bytes": [
        10656312
      ],
      "client_retained_bytes": [
        4556971,
        4556971,
        4556971
      ],
      "median_recovery_s": 2.4299716961104423,
      "median_close_s": 8.654710836708546e-05
    },
    {
      "protocol": "h3",
      "policy": "uninterrupted",
      "samples_s": [
        23.531119477003813,
        23.503856071969494,
        20.279428853886202
      ],
      "median_s": 23.503856071969494,
      "upload_bytes": [
        10656312
      ],
      "client_retained_bytes": [
        4556971,
        4556971,
        4556971
      ],
      "median_recovery_s": null,
      "median_close_s": 0.35434183315373957
    },
    {
      "protocol": "h3",
      "policy": "restart",
      "samples_s": [
        38.83553237002343,
        36.710644743870944,
        34.74113295204006
      ],
      "median_s": 36.710644743870944,
      "upload_bytes": [
        21312624
      ],
      "client_retained_bytes": [
        5606660,
        5605596,
        5606649
      ],
      "median_recovery_s": 19.235167067032307,
      "median_close_s": 0.8986991920974106
    },
    {
      "protocol": "h3",
      "policy": "resume",
      "samples_s": [
        16.513536360114813,
        27.42915762984194,
        18.452015997841954
      ],
      "median_s": 18.452015997841954,
      "upload_bytes": [
        10656312
      ],
      "client_retained_bytes": [
        4556971,
        4556971,
        4556971
      ],
      "median_recovery_s": 4.20739256683737,
      "median_close_s": 1.0166030921973288
    }
  ]
}
