=== RUN   TestBookAudioReplay
=== RUN   TestBookAudioReplay/cancel-false/round-0-pool-true-baseline
=== RUN   TestBookAudioReplay/cancel-false/round-0-pool-true-queqiao
=== RUN   TestBookAudioReplay/cancel-false/round-1-pool-false-baseline
=== RUN   TestBookAudioReplay/cancel-false/round-1-pool-false-queqiao
=== RUN   TestBookAudioReplay/cancel-false/round-2-pool-false-baseline
=== RUN   TestBookAudioReplay/cancel-false/round-2-pool-false-queqiao
=== RUN   TestBookAudioReplay/cancel-false/round-3-pool-true-baseline
=== RUN   TestBookAudioReplay/cancel-false/round-3-pool-true-queqiao
=== RUN   TestBookAudioReplay/cancel-true/round-0-pool-true-baseline
=== RUN   TestBookAudioReplay/cancel-true/round-0-pool-true-queqiao
=== RUN   TestBookAudioReplay/cancel-true/round-1-pool-false-baseline
=== RUN   TestBookAudioReplay/cancel-true/round-1-pool-false-queqiao
=== RUN   TestBookAudioReplay/cancel-true/round-2-pool-false-baseline
=== RUN   TestBookAudioReplay/cancel-true/round-2-pool-false-queqiao
=== RUN   TestBookAudioReplay/cancel-true/round-3-pool-true-baseline
=== RUN   TestBookAudioReplay/cancel-true/round-3-pool-true-queqiao
--- PASS: TestBookAudioReplay (139.81s)
    --- PASS: TestBookAudioReplay/cancel-false/round-0-pool-true-baseline (13.86s)
    --- PASS: TestBookAudioReplay/cancel-false/round-0-pool-true-queqiao (16.97s)
    --- PASS: TestBookAudioReplay/cancel-false/round-1-pool-false-baseline (13.83s)
    --- PASS: TestBookAudioReplay/cancel-false/round-1-pool-false-queqiao (17.04s)
    --- PASS: TestBookAudioReplay/cancel-false/round-2-pool-false-baseline (13.87s)
    --- PASS: TestBookAudioReplay/cancel-false/round-2-pool-false-queqiao (17.03s)
    --- PASS: TestBookAudioReplay/cancel-false/round-3-pool-true-baseline (13.83s)
    --- PASS: TestBookAudioReplay/cancel-false/round-3-pool-true-queqiao (16.98s)
    --- PASS: TestBookAudioReplay/cancel-true/round-0-pool-true-baseline (0.46s)
    --- PASS: TestBookAudioReplay/cancel-true/round-0-pool-true-queqiao (3.60s)
    --- PASS: TestBookAudioReplay/cancel-true/round-1-pool-false-baseline (0.47s)
    --- PASS: TestBookAudioReplay/cancel-true/round-1-pool-false-queqiao (3.68s)
    --- PASS: TestBookAudioReplay/cancel-true/round-2-pool-false-baseline (0.46s)
    --- PASS: TestBookAudioReplay/cancel-true/round-2-pool-false-queqiao (3.67s)
    --- PASS: TestBookAudioReplay/cancel-true/round-3-pool-true-baseline (0.47s)
    --- PASS: TestBookAudioReplay/cancel-true/round-3-pool-true-queqiao (3.58s)
PASS
