time="2026-09-14T19:00:46Z" level=warning msg="containerd config version `1` has been deprecated and will be removed in containerd v2.0, please switch to version `2`, see https://github.com/containerd/containerd/blob/main/docs/PLUGINS.md#version-header"
time="2026-09-14T19:00:46.175265907Z" level=info msg="starting containerd" revision=7c3aca7a610df76212171d200ca3811ff6096eb8 version=v1.7.13
time="2026-09-14T19:00:46.190546601Z" level=info msg="loading plugin \"io.containerd.warning.v1.deprecations\"..." type=io.containerd.warning.v1
time="2026-09-14T19:00:46.190601416Z" level=info msg="loading plugin \"io.containerd.snapshotter.v1.aufs\"..." type=io.containerd.snapshotter.v1
time="2026-09-14T19:00:46.192641145Z" level=info msg="skip loading plugin \"io.containerd.snapshotter.v1.aufs\"..." error="aufs is not supported (modprobe aufs failed: exit status 1 \"modprobe: FATAL: Module aufs not found in directory /lib/modules/6.8.0-138-generic\\n\"): skip plugin" type=io.containerd.snapshotter.v1
time="2026-09-14T19:00:46.192680043Z" level=info msg="loading plugin \"io.containerd.content.v1.content\"..." type=io.containerd.content.v1
time="2026-09-14T19:00:46.192792477Z" level=info msg="loading plugin \"io.containerd.snapshotter.v1.blockfile\"..." type=io.containerd.snapshotter.v1
time="2026-09-14T19:00:46.192824158Z" level=info msg="skip loading plugin \"io.containerd.snapshotter.v1.blockfile\"..." error="no scratch file generator: skip plugin" type=io.containerd.snapshotter.v1
time="2026-09-14T19:00:46.192831484Z" level=info msg="loading plugin \"io.containerd.snapshotter.v1.native\"..." type=io.containerd.snapshotter.v1
time="2026-09-14T19:00:46.192867243Z" level=info msg="loading plugin \"io.containerd.snapshotter.v1.overlayfs\"..." type=io.containerd.snapshotter.v1
time="2026-09-14T19:00:46.192999337Z" level=info msg="loading plugin \"io.containerd.snapshotter.v1.devmapper\"..." type=io.containerd.snapshotter.v1
time="2026-09-14T19:00:46.193010317Z" level=warning msg="failed to load plugin io.containerd.snapshotter.v1.devmapper" error="devmapper not configured"
time="2026-09-14T19:00:46.193016227Z" level=info msg="loading plugin \"io.containerd.snapshotter.v1.zfs\"..." type=io.containerd.snapshotter.v1
time="2026-09-14T19:00:46.193398909Z" level=info msg="skip loading plugin \"io.containerd.snapshotter.v1.zfs\"..." error="path /home/ubuntu/ai-infra-book-experiments/ch11/11-02/docker-lifecycle/isolated-daemon/content-bypass/containerd-root/io.containerd.snapshotter.v1.zfs must be a zfs filesystem to be used with the zfs snapshotter: skip plugin" type=io.containerd.snapshotter.v1
time="2026-09-14T19:00:46.193412314Z" level=info msg="loading plugin \"io.containerd.metadata.v1.bolt\"..." type=io.containerd.metadata.v1
time="2026-09-14T19:00:46.193452620Z" level=warning msg="could not use snapshotter devmapper in metadata plugin" error="devmapper not configured"
time="2026-09-14T19:00:46.193463900Z" level=info msg="metadata content store policy set" policy=shared
time="2026-09-14T19:00:46.477337607Z" level=info msg="loading plugin \"io.containerd.differ.v1.walking\"..." type=io.containerd.differ.v1
time="2026-09-14T19:00:46.477394673Z" level=info msg="loading plugin \"io.containerd.event.v1.exchange\"..." type=io.containerd.event.v1
time="2026-09-14T19:00:46.477406669Z" level=info msg="loading plugin \"io.containerd.gc.v1.scheduler\"..." type=io.containerd.gc.v1
time="2026-09-14T19:00:46.477440978Z" level=info msg="loading plugin \"io.containerd.lease.v1.manager\"..." type=io.containerd.lease.v1
time="2026-09-14T19:00:46.477455445Z" level=info msg="loading plugin \"io.containerd.nri.v1.nri\"..." type=io.containerd.nri.v1
time="2026-09-14T19:00:46.477468023Z" level=info msg="NRI interface is disabled by configuration."
time="2026-09-14T19:00:46.477479085Z" level=info msg="loading plugin \"io.containerd.runtime.v2.task\"..." type=io.containerd.runtime.v2
time="2026-09-14T19:00:46.477643949Z" level=info msg="loading plugin \"io.containerd.runtime.v2.shim\"..." type=io.containerd.runtime.v2
time="2026-09-14T19:00:46.477655822Z" level=info msg="loading plugin \"io.containerd.sandbox.store.v1.local\"..." type=io.containerd.sandbox.store.v1
time="2026-09-14T19:00:46.477690378Z" level=info msg="loading plugin \"io.containerd.sandbox.controller.v1.local\"..." type=io.containerd.sandbox.controller.v1
time="2026-09-14T19:00:46.477701940Z" level=info msg="loading plugin \"io.containerd.streaming.v1.manager\"..." type=io.containerd.streaming.v1
time="2026-09-14T19:00:46.477712115Z" level=info msg="loading plugin \"io.containerd.service.v1.introspection-service\"..." type=io.containerd.service.v1
time="2026-09-14T19:00:46.477725178Z" level=info msg="loading plugin \"io.containerd.service.v1.containers-service\"..." type=io.containerd.service.v1
time="2026-09-14T19:00:46.477734699Z" level=info msg="loading plugin \"io.containerd.service.v1.content-service\"..." type=io.containerd.service.v1
time="2026-09-14T19:00:46.477744645Z" level=info msg="loading plugin \"io.containerd.service.v1.diff-service\"..." type=io.containerd.service.v1
time="2026-09-14T19:00:46.477754830Z" level=info msg="loading plugin \"io.containerd.service.v1.images-service\"..." type=io.containerd.service.v1
time="2026-09-14T19:00:46.477766489Z" level=info msg="loading plugin \"io.containerd.service.v1.namespaces-service\"..." type=io.containerd.service.v1
time="2026-09-14T19:00:46.477780928Z" level=info msg="loading plugin \"io.containerd.service.v1.snapshots-service\"..." type=io.containerd.service.v1
time="2026-09-14T19:00:46.477790681Z" level=info msg="loading plugin \"io.containerd.runtime.v1.linux\"..." type=io.containerd.runtime.v1
time="2026-09-14T19:00:46.477871283Z" level=info msg="loading plugin \"io.containerd.monitor.v1.cgroups\"..." type=io.containerd.monitor.v1
time="2026-09-14T19:00:46.478083196Z" level=info msg="loading plugin \"io.containerd.service.v1.tasks-service\"..." type=io.containerd.service.v1
time="2026-09-14T19:00:46.478101746Z" level=info msg="loading plugin \"io.containerd.grpc.v1.introspection\"..." type=io.containerd.grpc.v1
time="2026-09-14T19:00:46.478111323Z" level=info msg="loading plugin \"io.containerd.transfer.v1.local\"..." type=io.containerd.transfer.v1
time="2026-09-14T19:00:46.478129687Z" level=info msg="loading plugin \"io.containerd.internal.v1.restart\"..." type=io.containerd.internal.v1
time="2026-09-14T19:00:46.478183656Z" level=info msg="loading plugin \"io.containerd.grpc.v1.containers\"..." type=io.containerd.grpc.v1
time="2026-09-14T19:00:46.478208923Z" level=info msg="loading plugin \"io.containerd.grpc.v1.content\"..." type=io.containerd.grpc.v1
time="2026-09-14T19:00:46.478221393Z" level=info msg="loading plugin \"io.containerd.grpc.v1.diff\"..." type=io.containerd.grpc.v1
time="2026-09-14T19:00:46.478229930Z" level=info msg="loading plugin \"io.containerd.grpc.v1.events\"..." type=io.containerd.grpc.v1
time="2026-09-14T19:00:46.478238980Z" level=info msg="loading plugin \"io.containerd.grpc.v1.healthcheck\"..." type=io.containerd.grpc.v1
time="2026-09-14T19:00:46.478262572Z" level=info msg="loading plugin \"io.containerd.grpc.v1.images\"..." type=io.containerd.grpc.v1
time="2026-09-14T19:00:46.478272307Z" level=info msg="loading plugin \"io.containerd.grpc.v1.leases\"..." type=io.containerd.grpc.v1
time="2026-09-14T19:00:46.478280014Z" level=info msg="loading plugin \"io.containerd.grpc.v1.namespaces\"..." type=io.containerd.grpc.v1
time="2026-09-14T19:00:46.478288578Z" level=info msg="loading plugin \"io.containerd.internal.v1.opt\"..." type=io.containerd.internal.v1
time="2026-09-14T19:00:46.478311348Z" level=info msg="loading plugin \"io.containerd.grpc.v1.sandbox-controllers\"..." type=io.containerd.grpc.v1
time="2026-09-14T19:00:46.478324101Z" level=info msg="loading plugin \"io.containerd.grpc.v1.sandboxes\"..." type=io.containerd.grpc.v1
time="2026-09-14T19:00:46.478332319Z" level=info msg="loading plugin \"io.containerd.grpc.v1.snapshots\"..." type=io.containerd.grpc.v1
time="2026-09-14T19:00:46.478342430Z" level=info msg="loading plugin \"io.containerd.grpc.v1.streaming\"..." type=io.containerd.grpc.v1
time="2026-09-14T19:00:46.478350610Z" level=info msg="loading plugin \"io.containerd.grpc.v1.tasks\"..." type=io.containerd.grpc.v1
time="2026-09-14T19:00:46.478364415Z" level=info msg="loading plugin \"io.containerd.grpc.v1.transfer\"..." type=io.containerd.grpc.v1
time="2026-09-14T19:00:46.478372786Z" level=info msg="loading plugin \"io.containerd.grpc.v1.version\"..." type=io.containerd.grpc.v1
time="2026-09-14T19:00:46.478381433Z" level=info msg="loading plugin \"io.containerd.tracing.processor.v1.otlp\"..." type=io.containerd.tracing.processor.v1
time="2026-09-14T19:00:46.478392105Z" level=info msg="skip loading plugin \"io.containerd.tracing.processor.v1.otlp\"..." error="no OpenTelemetry endpoint: skip plugin" type=io.containerd.tracing.processor.v1
time="2026-09-14T19:00:46.478399237Z" level=info msg="loading plugin \"io.containerd.internal.v1.tracing\"..." type=io.containerd.internal.v1
time="2026-09-14T19:00:46.478406553Z" level=info msg="skipping tracing processor initialization (no tracing plugin)" error="no OpenTelemetry endpoint: skip plugin"
time="2026-09-14T19:00:46.478676284Z" level=info msg=serving... address=/run/book1102-bypass-ctd.sock.ttrpc
time="2026-09-14T19:00:46.478711266Z" level=info msg=serving... address=/run/book1102-bypass-ctd.sock
time="2026-09-14T19:00:46.478725478Z" level=info msg="containerd successfully booted in 0.304483s"
time="2026-09-14T19:00:49.988948117Z" level=info msg="loading plugin \"io.containerd.internal.v1.shutdown\"..." runtime=io.containerd.runc.v2 type=io.containerd.internal.v1
time="2026-09-14T19:00:49.989001669Z" level=info msg="loading plugin \"io.containerd.ttrpc.v1.pause\"..." runtime=io.containerd.runc.v2 type=io.containerd.ttrpc.v1
time="2026-09-14T19:00:49.989013204Z" level=info msg="loading plugin \"io.containerd.event.v1.publisher\"..." runtime=io.containerd.runc.v2 type=io.containerd.event.v1
time="2026-09-14T19:00:49.989020316Z" level=info msg="loading plugin \"io.containerd.ttrpc.v1.task\"..." runtime=io.containerd.runc.v2 type=io.containerd.ttrpc.v1
time="2026-09-14T19:00:50.653179781Z" level=error msg="resuming exited container from paused state" error="runc did not terminate successfully: exit status 1: container does not exist\n"
time="2026-09-14T19:00:50.658309088Z" level=info msg="shim disconnected" id=7cebd2f0c630b60e490585a760ec841584f3c3ace83d8348890cb2750853cd9c namespace=book1102
time="2026-09-14T19:00:50.658378001Z" level=warning msg="cleaning up after shim disconnected" id=7cebd2f0c630b60e490585a760ec841584f3c3ace83d8348890cb2750853cd9c namespace=book1102
time="2026-09-14T19:00:50.658386340Z" level=info msg="cleaning up dead shim" namespace=book1102
time="2026-09-14T19:00:51.338758739Z" level=info msg="loading plugin \"io.containerd.internal.v1.shutdown\"..." runtime=io.containerd.runc.v2 type=io.containerd.internal.v1
time="2026-09-14T19:00:51.338814070Z" level=info msg="loading plugin \"io.containerd.ttrpc.v1.pause\"..." runtime=io.containerd.runc.v2 type=io.containerd.ttrpc.v1
time="2026-09-14T19:00:51.338823958Z" level=info msg="loading plugin \"io.containerd.event.v1.publisher\"..." runtime=io.containerd.runc.v2 type=io.containerd.event.v1
time="2026-09-14T19:00:51.338829890Z" level=info msg="loading plugin \"io.containerd.ttrpc.v1.task\"..." runtime=io.containerd.runc.v2 type=io.containerd.ttrpc.v1
