time="2026-09-14T19:00:46.586668625Z" level=info msg="Starting up"
time="2026-09-14T19:00:46.586781454Z" level=warning msg="Running experimental build"
time="2026-09-14T19:00:46.587503830Z" level=debug msg="Listener created for HTTP on unix (/run/book1102-bypass.sock)"
time="2026-09-14T19:00:46.587663011Z" level=info msg="detected 127.0.0.53 nameserver, assuming systemd-resolved, so using resolv.conf: /run/systemd/resolve/resolv.conf"
time="2026-09-14T19:00:46.587798506Z" level=debug msg="Golang's threads limit set to 1387350"
time="2026-09-14T19:00:46.588180876Z" level=debug msg="metrics API listening on /run/book1102-bypass/metrics.sock"
time="2026-09-14T19:00:46.595694055Z" level=debug msg="Using default logging driver json-file"
time="2026-09-14T19:00:46.595829422Z" level=debug msg="No quota support for local volumes in /home/ubuntu/ai-infra-book-experiments/ch11/11-02/docker-lifecycle/isolated-daemon/content-bypass/data/volumes: Filesystem does not support, or has not enabled quotas"
time="2026-09-14T19:00:46.595845516Z" level=debug msg="processing event stream" module=libcontainerd namespace=plugins.moby
time="2026-09-14T19:00:46.811505850Z" level=debug msg="[graphdriver] priority list: [overlay2 fuse-overlayfs btrfs zfs devicemapper vfs]"
time="2026-09-14T19:00:46.845265772Z" level=debug msg="successfully detected metacopy status" storage-driver=overlay2 usingMetacopy=false
time="2026-09-14T19:00:46.861036711Z" level=debug msg="backingFs=extfs, projectQuotaSupported=false, usingMetacopy=false, indexOff=\"index=off,\", userxattr=\"\"" storage-driver=overlay2
time="2026-09-14T19:00:46.861086768Z" level=debug msg="Initialized graph driver overlay2"
time="2026-09-14T19:00:46.867635418Z" level=debug msg="Max Concurrent Downloads: 3"
time="2026-09-14T19:00:46.867687375Z" level=debug msg="Max Concurrent Uploads: 5"
time="2026-09-14T19:00:46.867699528Z" level=debug msg="Max Download Attempts: 5"
time="2026-09-14T19:00:46.867889162Z" level=info msg="Loading containers: start."
time="2026-09-14T19:00:46.868111959Z" level=debug msg="processing event stream" module=libcontainerd namespace=book1102
time="2026-09-14T19:00:46.868732734Z" level=debug msg="Option DefaultDriver: bridge"
time="2026-09-14T19:00:46.868755288Z" level=debug msg="Option DefaultNetwork: bridge"
time="2026-09-14T19:00:46.868766209Z" level=debug msg="Network Control Plane MTU: 1500"
time="2026-09-14T19:00:46.950653826Z" level=info msg="Loading containers: done."
time="2026-09-14T19:00:46.977831941Z" level=warning msg="WARNING: bridge-nf-call-iptables is disabled"
time="2026-09-14T19:00:46.977858611Z" level=warning msg="WARNING: bridge-nf-call-ip6tables is disabled"
time="2026-09-14T19:00:46.977875067Z" level=info msg="Docker daemon" commit=fca702d graphdriver=overlay2 version=24.0.9
time="2026-09-14T19:00:46.977964558Z" level=info msg="Daemon has completed initialization"
time="2026-09-14T19:00:47.052369725Z" level=debug msg="Registering routers"
time="2026-09-14T19:00:47.052392621Z" level=debug msg="Registering GET, /containers/{name:.*}/checkpoints"
time="2026-09-14T19:00:47.052446922Z" level=debug msg="Registering POST, /containers/{name:.*}/checkpoints"
time="2026-09-14T19:00:47.052478894Z" level=debug msg="Registering DELETE, /containers/{name}/checkpoints/{checkpoint}"
time="2026-09-14T19:00:47.052517360Z" level=debug msg="Registering HEAD, /containers/{name:.*}/archive"
time="2026-09-14T19:00:47.052550070Z" level=debug msg="Registering GET, /containers/json"
time="2026-09-14T19:00:47.052564251Z" level=debug msg="Registering GET, /containers/{name:.*}/export"
time="2026-09-14T19:00:47.052586945Z" level=debug msg="Registering GET, /containers/{name:.*}/changes"
time="2026-09-14T19:00:47.052610881Z" level=debug msg="Registering GET, /containers/{name:.*}/json"
time="2026-09-14T19:00:47.052635213Z" level=debug msg="Registering GET, /containers/{name:.*}/top"
time="2026-09-14T19:00:47.052656698Z" level=debug msg="Registering GET, /containers/{name:.*}/logs"
time="2026-09-14T19:00:47.052679048Z" level=debug msg="Registering GET, /containers/{name:.*}/stats"
time="2026-09-14T19:00:47.052707425Z" level=debug msg="Registering GET, /containers/{name:.*}/attach/ws"
time="2026-09-14T19:00:47.052733102Z" level=debug msg="Registering GET, /exec/{id:.*}/json"
time="2026-09-14T19:00:47.052753488Z" level=debug msg="Registering GET, /containers/{name:.*}/archive"
time="2026-09-14T19:00:47.052774458Z" level=debug msg="Registering POST, /containers/create"
time="2026-09-14T19:00:47.052790341Z" level=debug msg="Registering POST, /containers/{name:.*}/kill"
time="2026-09-14T19:00:47.052809016Z" level=debug msg="Registering POST, /containers/{name:.*}/pause"
time="2026-09-14T19:00:47.052830766Z" level=debug msg="Registering POST, /containers/{name:.*}/unpause"
time="2026-09-14T19:00:47.052856295Z" level=debug msg="Registering POST, /containers/{name:.*}/restart"
time="2026-09-14T19:00:47.052875244Z" level=debug msg="Registering POST, /containers/{name:.*}/start"
time="2026-09-14T19:00:47.052894945Z" level=debug msg="Registering POST, /containers/{name:.*}/stop"
time="2026-09-14T19:00:47.052912679Z" level=debug msg="Registering POST, /containers/{name:.*}/wait"
time="2026-09-14T19:00:47.052931118Z" level=debug msg="Registering POST, /containers/{name:.*}/resize"
time="2026-09-14T19:00:47.052952772Z" level=debug msg="Registering POST, /containers/{name:.*}/attach"
time="2026-09-14T19:00:47.052971836Z" level=debug msg="Registering POST, /containers/{name:.*}/copy"
time="2026-09-14T19:00:47.052989487Z" level=debug msg="Registering POST, /containers/{name:.*}/exec"
time="2026-09-14T19:00:47.053005595Z" level=debug msg="Registering POST, /exec/{name:.*}/start"
time="2026-09-14T19:00:47.053024451Z" level=debug msg="Registering POST, /exec/{name:.*}/resize"
time="2026-09-14T19:00:47.053042802Z" level=debug msg="Registering POST, /containers/{name:.*}/rename"
time="2026-09-14T19:00:47.053062656Z" level=debug msg="Registering POST, /containers/{name:.*}/update"
time="2026-09-14T19:00:47.053081614Z" level=debug msg="Registering POST, /containers/prune"
time="2026-09-14T19:00:47.053095447Z" level=debug msg="Registering POST, /commit"
time="2026-09-14T19:00:47.053108679Z" level=debug msg="Registering PUT, /containers/{name:.*}/archive"
time="2026-09-14T19:00:47.053130369Z" level=debug msg="Registering DELETE, /containers/{name:.*}"
time="2026-09-14T19:00:47.053169636Z" level=debug msg="Registering GET, /images/json"
time="2026-09-14T19:00:47.053183592Z" level=debug msg="Registering GET, /images/search"
time="2026-09-14T19:00:47.053206338Z" level=debug msg="Registering GET, /images/get"
time="2026-09-14T19:00:47.053218479Z" level=debug msg="Registering GET, /images/{name:.*}/get"
time="2026-09-14T19:00:47.053247837Z" level=debug msg="Registering GET, /images/{name:.*}/history"
time="2026-09-14T19:00:47.053268914Z" level=debug msg="Registering GET, /images/{name:.*}/json"
time="2026-09-14T19:00:47.053290137Z" level=debug msg="Registering POST, /images/load"
time="2026-09-14T19:00:47.053304217Z" level=debug msg="Registering POST, /images/create"
time="2026-09-14T19:00:47.053325135Z" level=debug msg="Registering POST, /images/{name:.*}/push"
time="2026-09-14T19:00:47.053349413Z" level=debug msg="Registering POST, /images/{name:.*}/tag"
time="2026-09-14T19:00:47.053368037Z" level=debug msg="Registering POST, /images/prune"
time="2026-09-14T19:00:47.053384972Z" level=debug msg="Registering DELETE, /images/{name:.*}"
time="2026-09-14T19:00:47.053406938Z" level=debug msg="Registering OPTIONS, /{anyroute:.*}"
time="2026-09-14T19:00:47.053423998Z" level=debug msg="Registering GET, /_ping"
time="2026-09-14T19:00:47.053437747Z" level=debug msg="Registering HEAD, /_ping"
time="2026-09-14T19:00:47.053453165Z" level=debug msg="Registering GET, /events"
time="2026-09-14T19:00:47.053463347Z" level=debug msg="Registering GET, /info"
time="2026-09-14T19:00:47.053476995Z" level=debug msg="Registering GET, /version"
time="2026-09-14T19:00:47.053488850Z" level=debug msg="Registering GET, /system/df"
time="2026-09-14T19:00:47.053501123Z" level=debug msg="Registering POST, /auth"
time="2026-09-14T19:00:47.053515253Z" level=debug msg="Registering GET, /volumes"
time="2026-09-14T19:00:47.053530697Z" level=debug msg="Registering GET, /volumes/{name:.*}"
time="2026-09-14T19:00:47.053551843Z" level=debug msg="Registering POST, /volumes/create"
time="2026-09-14T19:00:47.053565065Z" level=debug msg="Registering POST, /volumes/prune"
time="2026-09-14T19:00:47.053578043Z" level=debug msg="Registering PUT, /volumes/{name:.*}"
time="2026-09-14T19:00:47.053594558Z" level=debug msg="Registering DELETE, /volumes/{name:.*}"
time="2026-09-14T19:00:47.053613763Z" level=debug msg="Registering POST, /build"
time="2026-09-14T19:00:47.053623955Z" level=debug msg="Registering POST, /build/prune"
time="2026-09-14T19:00:47.053640061Z" level=debug msg="Registering POST, /build/cancel"
time="2026-09-14T19:00:47.053653198Z" level=debug msg="Registering POST, /session"
time="2026-09-14T19:00:47.053665518Z" level=debug msg="Registering POST, /swarm/init"
time="2026-09-14T19:00:47.053679011Z" level=debug msg="Registering POST, /swarm/join"
time="2026-09-14T19:00:47.053692517Z" level=debug msg="Registering POST, /swarm/leave"
time="2026-09-14T19:00:47.053704399Z" level=debug msg="Registering GET, /swarm"
time="2026-09-14T19:00:47.053723376Z" level=debug msg="Registering GET, /swarm/unlockkey"
time="2026-09-14T19:00:47.053750583Z" level=debug msg="Registering POST, /swarm/update"
time="2026-09-14T19:00:47.053764920Z" level=debug msg="Registering POST, /swarm/unlock"
time="2026-09-14T19:00:47.053778234Z" level=debug msg="Registering GET, /services"
time="2026-09-14T19:00:47.053788689Z" level=debug msg="Registering GET, /services/{id}"
time="2026-09-14T19:00:47.053808153Z" level=debug msg="Registering POST, /services/create"
time="2026-09-14T19:00:47.053828214Z" level=debug msg="Registering POST, /services/{id}/update"
time="2026-09-14T19:00:47.053848072Z" level=debug msg="Registering DELETE, /services/{id}"
time="2026-09-14T19:00:47.053866559Z" level=debug msg="Registering GET, /services/{id}/logs"
time="2026-09-14T19:00:47.053890753Z" level=debug msg="Registering GET, /nodes"
time="2026-09-14T19:00:47.053900785Z" level=debug msg="Registering GET, /nodes/{id}"
time="2026-09-14T19:00:47.053917329Z" level=debug msg="Registering DELETE, /nodes/{id}"
time="2026-09-14T19:00:47.053942104Z" level=debug msg="Registering POST, /nodes/{id}/update"
time="2026-09-14T19:00:47.053964320Z" level=debug msg="Registering GET, /tasks"
time="2026-09-14T19:00:47.053974715Z" level=debug msg="Registering GET, /tasks/{id}"
time="2026-09-14T19:00:47.053989593Z" level=debug msg="Registering GET, /tasks/{id}/logs"
time="2026-09-14T19:00:47.054006730Z" level=debug msg="Registering GET, /secrets"
time="2026-09-14T19:00:47.054017189Z" level=debug msg="Registering POST, /secrets/create"
time="2026-09-14T19:00:47.054029606Z" level=debug msg="Registering DELETE, /secrets/{id}"
time="2026-09-14T19:00:47.054045567Z" level=debug msg="Registering GET, /secrets/{id}"
time="2026-09-14T19:00:47.054063771Z" level=debug msg="Registering POST, /secrets/{id}/update"
time="2026-09-14T19:00:47.054084521Z" level=debug msg="Registering GET, /configs"
time="2026-09-14T19:00:47.054096171Z" level=debug msg="Registering POST, /configs/create"
time="2026-09-14T19:00:47.054109713Z" level=debug msg="Registering DELETE, /configs/{id}"
time="2026-09-14T19:00:47.054125851Z" level=debug msg="Registering GET, /configs/{id}"
time="2026-09-14T19:00:47.054141318Z" level=debug msg="Registering POST, /configs/{id}/update"
time="2026-09-14T19:00:47.054159697Z" level=debug msg="Registering GET, /plugins"
time="2026-09-14T19:00:47.054169974Z" level=debug msg="Registering GET, /plugins/{name:.*}/json"
time="2026-09-14T19:00:47.054189142Z" level=debug msg="Registering GET, /plugins/privileges"
time="2026-09-14T19:00:47.054208788Z" level=debug msg="Registering DELETE, /plugins/{name:.*}"
time="2026-09-14T19:00:47.054232846Z" level=debug msg="Registering POST, /plugins/{name:.*}/enable"
time="2026-09-14T19:00:47.054255131Z" level=debug msg="Registering POST, /plugins/{name:.*}/disable"
time="2026-09-14T19:00:47.054279614Z" level=debug msg="Registering POST, /plugins/pull"
time="2026-09-14T19:00:47.054299378Z" level=debug msg="Registering POST, /plugins/{name:.*}/push"
time="2026-09-14T19:00:47.054327999Z" level=debug msg="Registering POST, /plugins/{name:.*}/upgrade"
time="2026-09-14T19:00:47.054348791Z" level=debug msg="Registering POST, /plugins/{name:.*}/set"
time="2026-09-14T19:00:47.054370943Z" level=debug msg="Registering POST, /plugins/create"
time="2026-09-14T19:00:47.054388493Z" level=debug msg="Registering GET, /distribution/{name:.*}/json"
time="2026-09-14T19:00:47.054415083Z" level=debug msg="Registering POST, /grpc"
time="2026-09-14T19:00:47.054428440Z" level=debug msg="Registering GET, /networks"
time="2026-09-14T19:00:47.054444575Z" level=debug msg="Registering GET, /networks/"
time="2026-09-14T19:00:47.054464311Z" level=debug msg="Registering GET, /networks/{id:.+}"
time="2026-09-14T19:00:47.054486746Z" level=debug msg="Registering POST, /networks/create"
time="2026-09-14T19:00:47.054502767Z" level=debug msg="Registering POST, /networks/{id:.*}/connect"
time="2026-09-14T19:00:47.054522548Z" level=debug msg="Registering POST, /networks/{id:.*}/disconnect"
time="2026-09-14T19:00:47.054548924Z" level=debug msg="Registering POST, /networks/prune"
time="2026-09-14T19:00:47.054566250Z" level=debug msg="Registering DELETE, /networks/{id:.*}"
time="2026-09-14T19:00:47.054739269Z" level=info msg="API listen on /run/book1102-bypass.sock"
time="2026-09-14T19:00:47.054945883Z" level=debug msg="Calling HEAD /_ping"
time="2026-09-14T19:00:47.055264916Z" level=debug msg="Calling GET /v1.43/info"
time="2026-09-14T19:00:48.239159857Z" level=debug msg="Calling HEAD /_ping"
time="2026-09-14T19:00:48.239498959Z" level=debug msg="Calling POST /v1.43/images/load?quiet=1"
time="2026-09-14T19:00:48.447487330Z" level=debug msg="Applying tar in /home/ubuntu/ai-infra-book-experiments/ch11/11-02/docker-lifecycle/isolated-daemon/content-bypass/data/overlay2/f5fdfb402a161ede1c1981844ff65193db07f560b53cfb61887ae387ab629ba2/diff" storage-driver=overlay2
time="2026-09-14T19:00:48.981816156Z" level=debug msg="Applied tar sha256:6f94328331290cbd81edab450664d42da7b64c191416c9346cd5d28c84f76035 to f5fdfb402a161ede1c1981844ff65193db07f560b53cfb61887ae387ab629ba2, size: 78621580"
time="2026-09-14T19:00:49.012932180Z" level=debug msg="Applying tar in /home/ubuntu/ai-infra-book-experiments/ch11/11-02/docker-lifecycle/isolated-daemon/content-bypass/data/overlay2/e07de22d468b18295443aa8597dab4a78c57c87d3c6c4c5efa51f97b02f955ec/diff" storage-driver=overlay2
time="2026-09-14T19:00:49.064198624Z" level=debug msg="Applied tar sha256:275f0a9e4758b8a31c628ab748d8184bd103fb27ec8aeff6b588003a3056d082 to e07de22d468b18295443aa8597dab4a78c57c87d3c6c4c5efa51f97b02f955ec, size: 3811541"
time="2026-09-14T19:00:49.091110264Z" level=debug msg="Applying tar in /home/ubuntu/ai-infra-book-experiments/ch11/11-02/docker-lifecycle/isolated-daemon/content-bypass/data/overlay2/4d20222ec2115439f1a5f3f9aa8dc1fe07f574ee7fbb033ab07e0c26615259eb/diff" storage-driver=overlay2
time="2026-09-14T19:00:49.421710528Z" level=debug msg="Applied tar sha256:3d7dddf62be3a47f3c072a9dc069ac228beea659375d9fff022792deaaf08d61 to 4d20222ec2115439f1a5f3f9aa8dc1fe07f574ee7fbb033ab07e0c26615259eb, size: 42415046"
time="2026-09-14T19:00:49.454209822Z" level=debug msg="Applying tar in /home/ubuntu/ai-infra-book-experiments/ch11/11-02/docker-lifecycle/isolated-daemon/content-bypass/data/overlay2/918283f451be7a17f647fc065606f0e630c2128f6c87e2d26928e0d50d4b548a/diff" storage-driver=overlay2
time="2026-09-14T19:00:49.456227654Z" level=debug msg="Applied tar sha256:1a8800d1b976e9a254659bbce8213f99d55639c12cc4d2ebecafe95a163797c5 to 918283f451be7a17f647fc065606f0e630c2128f6c87e2d26928e0d50d4b548a, size: 36"
time="2026-09-14T19:00:49.523055092Z" level=debug msg="Calling HEAD /_ping"
time="2026-09-14T19:00:49.523275273Z" level=debug msg="Calling GET /v1.43/images/python:3.11-slim/json"
time="2026-09-14T19:00:49.530725413Z" level=debug msg="Calling HEAD /_ping"
time="2026-09-14T19:00:49.531129882Z" level=debug msg="Calling POST /v1.43/containers/create?name=book1102-probe-78fe776cd7"
time="2026-09-14T19:00:49.531222232Z" level=debug msg="form data: {\"AttachStderr\":true,\"AttachStdin\":false,\"AttachStdout\":true,\"Cmd\":[\"python\",\"-u\",\"-c\",\"import time,uuid; print(uuid.uuid4().hex,flush=True); time.sleep(3600)\"],\"Domainname\":\"\",\"Entrypoint\":null,\"Env\":null,\"HostConfig\":{\"AutoRemove\":false,\"Binds\":null,\"BlkioDeviceReadBps\":[],\"BlkioDeviceReadIOps\":[],\"BlkioDeviceWriteBps\":[],\"BlkioDeviceWriteIOps\":[],\"BlkioWeight\":0,\"BlkioWeightDevice\":[],\"CapAdd\":null,\"CapDrop\":null,\"Cgroup\":\"\",\"CgroupParent\":\"\",\"CgroupnsMode\":\"\",\"ConsoleSize\":[0,0],\"ContainerIDFile\":\"\",\"CpuCount\":0,\"CpuPercent\":0,\"CpuPeriod\":0,\"CpuQuota\":0,\"CpuRealtimePeriod\":0,\"CpuRealtimeRuntime\":0,\"CpuShares\":0,\"CpusetCpus\":\"\",\"CpusetMems\":\"\",\"DeviceCgroupRules\":null,\"DeviceRequests\":null,\"Devices\":[],\"Dns\":[],\"DnsOptions\":[],\"DnsSearch\":[],\"ExtraHosts\":null,\"GroupAdd\":null,\"IOMaximumBandwidth\":0,\"IOMaximumIOps\":0,\"IpcMode\":\"\",\"Isolation\":\"\",\"Links\":null,\"LogConfig\":{\"Config\":{},\"Type\":\"\"},\"MaskedPaths\":null,\"Memory\":134217728,\"MemoryReservation\":0,\"MemorySwap\":0,\"MemorySwappiness\":-1,\"NanoCpus\":1000000000,\"NetworkMode\":\"host\",\"OomKillDisable\":false,\"OomScoreAdj\":0,\"PidMode\":\"\",\"PidsLimit\":0,\"PortBindings\":{},\"Privileged\":false,\"PublishAllPorts\":false,\"ReadonlyPaths\":null,\"ReadonlyRootfs\":false,\"RestartPolicy\":{\"MaximumRetryCount\":0,\"Name\":\"no\"},\"SecurityOpt\":null,\"ShmSize\":0,\"UTSMode\":\"\",\"Ulimits\":null,\"UsernsMode\":\"\",\"VolumeDriver\":\"\",\"VolumesFrom\":null},\"Hostname\":\"\",\"Image\":\"sha256:002792ac193538382f4aa5b2f696e5669c20e3c972e60d75e6df90d64d4e696e\",\"Labels\":{\"book.experiment\":\"restore-probe\"},\"NetworkingConfig\":{\"EndpointsConfig\":{}},\"OnBuild\":null,\"OpenStdin\":false,\"StdinOnce\":false,\"Tty\":false,\"User\":\"\",\"Volumes\":{},\"WorkingDir\":\"\"}"
time="2026-09-14T19:00:49.893840448Z" level=debug msg="container mounted via layerStore: /home/ubuntu/ai-infra-book-experiments/ch11/11-02/docker-lifecycle/isolated-daemon/content-bypass/data/overlay2/257c85cf4ab79b2b20aa6ab032a5a9828defb0a7edd55e0f81ab6f755d6f7344/merged" container=7cebd2f0c630b60e490585a760ec841584f3c3ace83d8348890cb2750853cd9c
time="2026-09-14T19:00:49.920013537Z" level=debug msg="Calling HEAD /_ping"
time="2026-09-14T19:00:49.920329096Z" level=debug msg="Calling POST /v1.43/containers/7cebd2f0c630b60e490585a760ec841584f3c3ace83d8348890cb2750853cd9c/start"
time="2026-09-14T19:00:49.920862482Z" level=debug msg="container mounted via layerStore: /home/ubuntu/ai-infra-book-experiments/ch11/11-02/docker-lifecycle/isolated-daemon/content-bypass/data/overlay2/257c85cf4ab79b2b20aa6ab032a5a9828defb0a7edd55e0f81ab6f755d6f7344/merged" container=7cebd2f0c630b60e490585a760ec841584f3c3ace83d8348890cb2750853cd9c
time="2026-09-14T19:00:49.949687699Z" level=debug msg="EnableService 7cebd2f0c630b60e490585a760ec841584f3c3ace83d8348890cb2750853cd9c START"
time="2026-09-14T19:00:49.949716373Z" level=debug msg="EnableService 7cebd2f0c630b60e490585a760ec841584f3c3ace83d8348890cb2750853cd9c DONE"
time="2026-09-14T19:00:49.953130806Z" level=debug msg="createSpec: cgroupsPath: system.slice:docker:7cebd2f0c630b60e490585a760ec841584f3c3ace83d8348890cb2750853cd9c"
time="2026-09-14T19:00:49.953480184Z" level=debug msg="bundle dir created" bundle=/run/book1102-bypass/containerd/7cebd2f0c630b60e490585a760ec841584f3c3ace83d8348890cb2750853cd9c module=libcontainerd namespace=book1102 root=/home/ubuntu/ai-infra-book-experiments/ch11/11-02/docker-lifecycle/isolated-daemon/content-bypass/data/overlay2/257c85cf4ab79b2b20aa6ab032a5a9828defb0a7edd55e0f81ab6f755d6f7344/merged
time="2026-09-14T19:00:50.032319912Z" level=debug msg=event module=libcontainerd namespace=book1102 topic=/tasks/create
time="2026-09-14T19:00:50.037518335Z" level=debug msg=event module=libcontainerd namespace=book1102 topic=/tasks/start
time="2026-09-14T19:00:50.555276660Z" level=debug msg="Calling HEAD /_ping"
time="2026-09-14T19:00:50.555539214Z" level=debug msg="Calling GET /v1.43/containers/7cebd2f0c630b60e490585a760ec841584f3c3ace83d8348890cb2750853cd9c/json"
time="2026-09-14T19:00:50.556600983Z" level=debug msg="Calling GET /v1.43/containers/7cebd2f0c630b60e490585a760ec841584f3c3ace83d8348890cb2750853cd9c/logs?stderr=1&stdout=1&tail=all"
time="2026-09-14T19:00:50.556693361Z" level=debug msg="begin logs" container=7cebd2f0c630b60e490585a760ec841584f3c3ace83d8348890cb2750853cd9c method="(*Daemon).ContainerLogs" module=daemon
time="2026-09-14T19:00:50.556766280Z" level=debug msg="end logs (<nil>)" container=7cebd2f0c630b60e490585a760ec841584f3c3ace83d8348890cb2750853cd9c method="(*Daemon).ContainerLogs" module=daemon
time="2026-09-14T19:00:50.569517764Z" level=debug msg="Calling HEAD /_ping"
time="2026-09-14T19:00:50.569806006Z" level=debug msg="Calling POST /v1.43/containers/7cebd2f0c630b60e490585a760ec841584f3c3ace83d8348890cb2750853cd9c/checkpoints"
time="2026-09-14T19:00:50.569850248Z" level=debug msg="form data: {\"CheckpointDir\":\"\",\"CheckpointID\":\"probe\",\"Exit\":true}"
time="2026-09-14T19:00:50.581368198Z" level=debug msg=event module=libcontainerd namespace=book1102 topic=/tasks/paused
time="2026-09-14T19:00:50.653588747Z" level=debug msg=event module=libcontainerd namespace=book1102 topic=/tasks/exit
time="2026-09-14T19:00:50.658326772Z" level=debug msg=event module=libcontainerd namespace=book1102 topic=/tasks/delete
time="2026-09-14T19:00:50.658353887Z" level=info msg="ignoring event" container=7cebd2f0c630b60e490585a760ec841584f3c3ace83d8348890cb2750853cd9c module=libcontainerd namespace=book1102 topic=/tasks/delete type="*events.TaskDelete"
time="2026-09-14T19:00:50.915446889Z" level=debug msg="Calling HEAD /_ping"
time="2026-09-14T19:00:50.915809905Z" level=debug msg="Calling POST /v1.43/containers/7cebd2f0c630b60e490585a760ec841584f3c3ace83d8348890cb2750853cd9c/start?checkpoint=probe"
time="2026-09-14T19:00:50.923409833Z" level=debug msg="container mounted via layerStore: /home/ubuntu/ai-infra-book-experiments/ch11/11-02/docker-lifecycle/isolated-daemon/content-bypass/data/overlay2/257c85cf4ab79b2b20aa6ab032a5a9828defb0a7edd55e0f81ab6f755d6f7344/merged" container=7cebd2f0c630b60e490585a760ec841584f3c3ace83d8348890cb2750853cd9c
time="2026-09-14T19:00:50.948775014Z" level=debug msg="EnableService 7cebd2f0c630b60e490585a760ec841584f3c3ace83d8348890cb2750853cd9c START"
time="2026-09-14T19:00:50.948807417Z" level=debug msg="EnableService 7cebd2f0c630b60e490585a760ec841584f3c3ace83d8348890cb2750853cd9c DONE"
time="2026-09-14T19:00:50.953428486Z" level=debug msg="createSpec: cgroupsPath: system.slice:docker:7cebd2f0c630b60e490585a760ec841584f3c3ace83d8348890cb2750853cd9c"
time="2026-09-14T19:00:50.953751088Z" level=debug msg="bundle dir created" bundle=/run/book1102-bypass/containerd/7cebd2f0c630b60e490585a760ec841584f3c3ace83d8348890cb2750853cd9c module=libcontainerd namespace=book1102 root=/home/ubuntu/ai-infra-book-experiments/ch11/11-02/docker-lifecycle/isolated-daemon/content-bypass/data/overlay2/257c85cf4ab79b2b20aa6ab032a5a9828defb0a7edd55e0f81ab6f755d6f7344/merged
time="2026-09-14T19:00:50.971725659Z" level=debug msg="Using single walk diff for /home/ubuntu/ai-infra-book-experiments/ch11/11-02/docker-lifecycle/isolated-daemon/content-bypass/data/containers/7cebd2f0c630b60e490585a760ec841584f3c3ace83d8348890cb2750853cd9c/checkpoints/probe"
time="2026-09-14T19:00:51.082328239Z" level=error msg="7cebd2f0c630b60e490585a760ec841584f3c3ace83d8348890cb2750853cd9c cleanup: failed to delete container from containerd: container \"7cebd2f0c630b60e490585a760ec841584f3c3ace83d8348890cb2750853cd9c\" in namespace \"book1102\": not found"
time="2026-09-14T19:00:51.127067961Z" level=error msg="Handler for POST /v1.43/containers/7cebd2f0c630b60e490585a760ec841584f3c3ace83d8348890cb2750853cd9c/start returned error: failed to upload checkpoint to containerd: commit failed: content sha256:b8854425fd74e91f0a18f4d72e9420dc8ad6b58f598ac71c2808eedc532ac2c6: already exists"
time="2026-09-14T19:00:51.178260884Z" level=debug msg="Calling HEAD /_ping"
time="2026-09-14T19:00:51.178777745Z" level=debug msg="Calling POST /v1.43/containers/7cebd2f0c630b60e490585a760ec841584f3c3ace83d8348890cb2750853cd9c/start?checkpoint=probe"
time="2026-09-14T19:00:51.179323821Z" level=debug msg="container mounted via layerStore: /home/ubuntu/ai-infra-book-experiments/ch11/11-02/docker-lifecycle/isolated-daemon/content-bypass/data/overlay2/257c85cf4ab79b2b20aa6ab032a5a9828defb0a7edd55e0f81ab6f755d6f7344/merged" container=7cebd2f0c630b60e490585a760ec841584f3c3ace83d8348890cb2750853cd9c
time="2026-09-14T19:00:51.205801308Z" level=debug msg="EnableService 7cebd2f0c630b60e490585a760ec841584f3c3ace83d8348890cb2750853cd9c START"
time="2026-09-14T19:00:51.205843782Z" level=debug msg="EnableService 7cebd2f0c630b60e490585a760ec841584f3c3ace83d8348890cb2750853cd9c DONE"
time="2026-09-14T19:00:51.210380779Z" level=debug msg="createSpec: cgroupsPath: system.slice:docker:7cebd2f0c630b60e490585a760ec841584f3c3ace83d8348890cb2750853cd9c"
time="2026-09-14T19:00:51.210694089Z" level=debug msg="bundle dir created" bundle=/run/book1102-bypass/containerd/7cebd2f0c630b60e490585a760ec841584f3c3ace83d8348890cb2750853cd9c module=libcontainerd namespace=book1102 root=/home/ubuntu/ai-infra-book-experiments/ch11/11-02/docker-lifecycle/isolated-daemon/content-bypass/data/overlay2/257c85cf4ab79b2b20aa6ab032a5a9828defb0a7edd55e0f81ab6f755d6f7344/merged
time="2026-09-14T19:00:51.229676515Z" level=debug msg="Using single walk diff for /home/ubuntu/ai-infra-book-experiments/ch11/11-02/docker-lifecycle/isolated-daemon/content-bypass/data/containers/7cebd2f0c630b60e490585a760ec841584f3c3ace83d8348890cb2750853cd9c/checkpoints/probe"
time="2026-09-14T19:00:51.341349626Z" level=debug msg=event module=libcontainerd namespace=book1102 topic=/tasks/create
time="2026-09-14T19:00:51.431288359Z" level=error msg="stream copy error: reading from a closed fifo"
time="2026-09-14T19:00:51.434256892Z" level=error msg="stream copy error: reading from a closed fifo"
time="2026-09-14T19:01:36.218990639Z" level=debug msg="Calling HEAD /_ping"
time="2026-09-14T19:01:36.219378706Z" level=debug msg="Calling DELETE /v1.43/containers/7cebd2f0c630b60e490585a760ec841584f3c3ace83d8348890cb2750853cd9c?force=1"
time="2026-09-14T19:02:21.302549826Z" level=info msg="Processing signal 'terminated'"
time="2026-09-14T19:02:21.302702948Z" level=debug msg="daemon configured with a 15 seconds minimum shutdown timeout"
time="2026-09-14T19:02:21.302726391Z" level=debug msg="start clean shutdown of all containers with a 15 seconds timeout..."
time="2026-09-14T19:02:36.303529360Z" level=error msg="Force shutdown daemon"
time="2026-09-14T19:02:36.303610726Z" level=info msg="Daemon shutdown complete"
time="2026-09-14T19:02:41.303886410Z" level=error msg="Error shutting down http server" error="context canceled"
time="2026-09-14T19:02:41.304107546Z" level=info msg="stopping event stream following graceful shutdown" error="context canceled" module=libcontainerd namespace=plugins.moby
time="2026-09-14T19:02:41.304107770Z" level=info msg="stopping event stream following graceful shutdown" error="context canceled" module=libcontainerd namespace=book1102
