time="2026-09-14T19:06:34.184448198Z" level=info msg="Starting up"
time="2026-09-14T19:06:34.184509966Z" level=warning msg="Running experimental build"
time="2026-09-14T19:06:34.185295241Z" level=debug msg="Listener created for HTTP on unix (/run/book1102-c421v2.sock)"
time="2026-09-14T19:06:34.185477659Z" level=info msg="detected 127.0.0.53 nameserver, assuming systemd-resolved, so using resolv.conf: /run/systemd/resolve/resolv.conf"
time="2026-09-14T19:06:34.185623343Z" level=debug msg="Golang's threads limit set to 1387350"
time="2026-09-14T19:06:34.186036034Z" level=debug msg="metrics API listening on /run/book1102-c421v2/metrics.sock"
time="2026-09-14T19:06:34.188171464Z" level=debug msg="Using default logging driver json-file"
time="2026-09-14T19:06:34.188307915Z" level=debug msg="processing event stream" module=libcontainerd namespace=plugins.moby
time="2026-09-14T19:06:34.188314943Z" level=debug msg="No quota support for local volumes in /home/ubuntu/ai-infra-book-experiments/ch11/11-02/docker-lifecycle/isolated-daemon/criu421-v2/data/volumes: Filesystem does not support, or has not enabled quotas"
time="2026-09-14T19:06:34.262449623Z" level=debug msg="[graphdriver] priority list: [overlay2 fuse-overlayfs btrfs zfs devicemapper vfs]"
time="2026-09-14T19:06:34.277163129Z" level=debug msg="successfully detected metacopy status" storage-driver=overlay2 usingMetacopy=false
time="2026-09-14T19:06:34.280471432Z" level=debug msg="backingFs=extfs, projectQuotaSupported=false, usingMetacopy=false, indexOff=\"index=off,\", userxattr=\"\"" storage-driver=overlay2
time="2026-09-14T19:06:34.280487777Z" level=debug msg="Initialized graph driver overlay2"
time="2026-09-14T19:06:34.284242279Z" level=debug msg="Max Concurrent Downloads: 3"
time="2026-09-14T19:06:34.284248218Z" level=debug msg="Max Concurrent Uploads: 5"
time="2026-09-14T19:06:34.284250593Z" level=debug msg="Max Download Attempts: 5"
time="2026-09-14T19:06:34.284268928Z" level=info msg="Loading containers: start."
time="2026-09-14T19:06:34.284286853Z" level=debug msg="Option DefaultDriver: bridge"
time="2026-09-14T19:06:34.284289190Z" level=debug msg="Option DefaultNetwork: bridge"
time="2026-09-14T19:06:34.284291464Z" level=debug msg="Network Control Plane MTU: 1500"
time="2026-09-14T19:06:34.284489228Z" level=debug msg="processing event stream" module=libcontainerd namespace=book1102
time="2026-09-14T19:06:34.319782080Z" level=info msg="Loading containers: done."
time="2026-09-14T19:06:34.331803292Z" level=warning msg="WARNING: bridge-nf-call-iptables is disabled"
time="2026-09-14T19:06:34.331819556Z" level=warning msg="WARNING: bridge-nf-call-ip6tables is disabled"
time="2026-09-14T19:06:34.331830042Z" level=info msg="Docker daemon" commit=fca702d graphdriver=overlay2 version=24.0.9
time="2026-09-14T19:06:34.331884959Z" level=info msg="Daemon has completed initialization"
time="2026-09-14T19:06:34.377749057Z" level=debug msg="Registering routers"
time="2026-09-14T19:06:34.377764247Z" level=debug msg="Registering GET, /containers/{name:.*}/checkpoints"
time="2026-09-14T19:06:34.377810962Z" level=debug msg="Registering POST, /containers/{name:.*}/checkpoints"
time="2026-09-14T19:06:34.377837839Z" level=debug msg="Registering DELETE, /containers/{name}/checkpoints/{checkpoint}"
time="2026-09-14T19:06:34.377867702Z" level=debug msg="Registering HEAD, /containers/{name:.*}/archive"
time="2026-09-14T19:06:34.377888912Z" level=debug msg="Registering GET, /containers/json"
time="2026-09-14T19:06:34.377900825Z" level=debug msg="Registering GET, /containers/{name:.*}/export"
time="2026-09-14T19:06:34.377926078Z" level=debug msg="Registering GET, /containers/{name:.*}/changes"
time="2026-09-14T19:06:34.377949626Z" level=debug msg="Registering GET, /containers/{name:.*}/json"
time="2026-09-14T19:06:34.377964699Z" level=debug msg="Registering GET, /containers/{name:.*}/top"
time="2026-09-14T19:06:34.377981184Z" level=debug msg="Registering GET, /containers/{name:.*}/logs"
time="2026-09-14T19:06:34.377997401Z" level=debug msg="Registering GET, /containers/{name:.*}/stats"
time="2026-09-14T19:06:34.378020474Z" level=debug msg="Registering GET, /containers/{name:.*}/attach/ws"
time="2026-09-14T19:06:34.378046936Z" level=debug msg="Registering GET, /exec/{id:.*}/json"
time="2026-09-14T19:06:34.378060175Z" level=debug msg="Registering GET, /containers/{name:.*}/archive"
time="2026-09-14T19:06:34.378078837Z" level=debug msg="Registering POST, /containers/create"
time="2026-09-14T19:06:34.378113559Z" level=debug msg="Registering POST, /containers/{name:.*}/kill"
time="2026-09-14T19:06:34.378129410Z" level=debug msg="Registering POST, /containers/{name:.*}/pause"
time="2026-09-14T19:06:34.378143881Z" level=debug msg="Registering POST, /containers/{name:.*}/unpause"
time="2026-09-14T19:06:34.378160741Z" level=debug msg="Registering POST, /containers/{name:.*}/restart"
time="2026-09-14T19:06:34.378179409Z" level=debug msg="Registering POST, /containers/{name:.*}/start"
time="2026-09-14T19:06:34.378202806Z" level=debug msg="Registering POST, /containers/{name:.*}/stop"
time="2026-09-14T19:06:34.378218188Z" level=debug msg="Registering POST, /containers/{name:.*}/wait"
time="2026-09-14T19:06:34.378232623Z" level=debug msg="Registering POST, /containers/{name:.*}/resize"
time="2026-09-14T19:06:34.378249240Z" level=debug msg="Registering POST, /containers/{name:.*}/attach"
time="2026-09-14T19:06:34.378267600Z" level=debug msg="Registering POST, /containers/{name:.*}/copy"
time="2026-09-14T19:06:34.378287948Z" level=debug msg="Registering POST, /containers/{name:.*}/exec"
time="2026-09-14T19:06:34.378302705Z" level=debug msg="Registering POST, /exec/{name:.*}/start"
time="2026-09-14T19:06:34.378316152Z" level=debug msg="Registering POST, /exec/{name:.*}/resize"
time="2026-09-14T19:06:34.378329687Z" level=debug msg="Registering POST, /containers/{name:.*}/rename"
time="2026-09-14T19:06:34.378344184Z" level=debug msg="Registering POST, /containers/{name:.*}/update"
time="2026-09-14T19:06:34.378359120Z" level=debug msg="Registering POST, /containers/prune"
time="2026-09-14T19:06:34.378371942Z" level=debug msg="Registering POST, /commit"
time="2026-09-14T19:06:34.378381617Z" level=debug msg="Registering PUT, /containers/{name:.*}/archive"
time="2026-09-14T19:06:34.378398829Z" level=debug msg="Registering DELETE, /containers/{name:.*}"
time="2026-09-14T19:06:34.378413249Z" level=debug msg="Registering GET, /images/json"
time="2026-09-14T19:06:34.378426157Z" level=debug msg="Registering GET, /images/search"
time="2026-09-14T19:06:34.378435885Z" level=debug msg="Registering GET, /images/get"
time="2026-09-14T19:06:34.378444271Z" level=debug msg="Registering GET, /images/{name:.*}/get"
time="2026-09-14T19:06:34.378457448Z" level=debug msg="Registering GET, /images/{name:.*}/history"
time="2026-09-14T19:06:34.378477911Z" level=debug msg="Registering GET, /images/{name:.*}/json"
time="2026-09-14T19:06:34.378492259Z" level=debug msg="Registering POST, /images/load"
time="2026-09-14T19:06:34.378502245Z" level=debug msg="Registering POST, /images/create"
time="2026-09-14T19:06:34.378515928Z" level=debug msg="Registering POST, /images/{name:.*}/push"
time="2026-09-14T19:06:34.378528538Z" level=debug msg="Registering POST, /images/{name:.*}/tag"
time="2026-09-14T19:06:34.378540880Z" level=debug msg="Registering POST, /images/prune"
time="2026-09-14T19:06:34.378551250Z" level=debug msg="Registering DELETE, /images/{name:.*}"
time="2026-09-14T19:06:34.378563868Z" level=debug msg="Registering OPTIONS, /{anyroute:.*}"
time="2026-09-14T19:06:34.378576048Z" level=debug msg="Registering GET, /_ping"
time="2026-09-14T19:06:34.378586988Z" level=debug msg="Registering HEAD, /_ping"
time="2026-09-14T19:06:34.378594931Z" level=debug msg="Registering GET, /events"
time="2026-09-14T19:06:34.378604242Z" level=debug msg="Registering GET, /info"
time="2026-09-14T19:06:34.378612047Z" level=debug msg="Registering GET, /version"
time="2026-09-14T19:06:34.378620767Z" level=debug msg="Registering GET, /system/df"
time="2026-09-14T19:06:34.378631387Z" level=debug msg="Registering POST, /auth"
time="2026-09-14T19:06:34.378639821Z" level=debug msg="Registering GET, /volumes"
time="2026-09-14T19:06:34.378651048Z" level=debug msg="Registering GET, /volumes/{name:.*}"
time="2026-09-14T19:06:34.378663713Z" level=debug msg="Registering POST, /volumes/create"
time="2026-09-14T19:06:34.378674167Z" level=debug msg="Registering POST, /volumes/prune"
time="2026-09-14T19:06:34.378683415Z" level=debug msg="Registering PUT, /volumes/{name:.*}"
time="2026-09-14T19:06:34.378696785Z" level=debug msg="Registering DELETE, /volumes/{name:.*}"
time="2026-09-14T19:06:34.378711118Z" level=debug msg="Registering POST, /build"
time="2026-09-14T19:06:34.378719546Z" level=debug msg="Registering POST, /build/prune"
time="2026-09-14T19:06:34.378732399Z" level=debug msg="Registering POST, /build/cancel"
time="2026-09-14T19:06:34.378741309Z" level=debug msg="Registering POST, /session"
time="2026-09-14T19:06:34.378750836Z" level=debug msg="Registering POST, /swarm/init"
time="2026-09-14T19:06:34.378761347Z" level=debug msg="Registering POST, /swarm/join"
time="2026-09-14T19:06:34.378772546Z" level=debug msg="Registering POST, /swarm/leave"
time="2026-09-14T19:06:34.378782748Z" level=debug msg="Registering GET, /swarm"
time="2026-09-14T19:06:34.378792916Z" level=debug msg="Registering GET, /swarm/unlockkey"
time="2026-09-14T19:06:34.378802218Z" level=debug msg="Registering POST, /swarm/update"
time="2026-09-14T19:06:34.378815076Z" level=debug msg="Registering POST, /swarm/unlock"
time="2026-09-14T19:06:34.378824154Z" level=debug msg="Registering GET, /services"
time="2026-09-14T19:06:34.378835475Z" level=debug msg="Registering GET, /services/{id}"
time="2026-09-14T19:06:34.378849119Z" level=debug msg="Registering POST, /services/create"
time="2026-09-14T19:06:34.378860407Z" level=debug msg="Registering POST, /services/{id}/update"
time="2026-09-14T19:06:34.378878144Z" level=debug msg="Registering DELETE, /services/{id}"
time="2026-09-14T19:06:34.378893412Z" level=debug msg="Registering GET, /services/{id}/logs"
time="2026-09-14T19:06:34.378907059Z" level=debug msg="Registering GET, /nodes"
time="2026-09-14T19:06:34.378914985Z" level=debug msg="Registering GET, /nodes/{id}"
time="2026-09-14T19:06:34.378937752Z" level=debug msg="Registering DELETE, /nodes/{id}"
time="2026-09-14T19:06:34.378951561Z" level=debug msg="Registering POST, /nodes/{id}/update"
time="2026-09-14T19:06:34.378966191Z" level=debug msg="Registering GET, /tasks"
time="2026-09-14T19:06:34.378973503Z" level=debug msg="Registering GET, /tasks/{id}"
time="2026-09-14T19:06:34.378988027Z" level=debug msg="Registering GET, /tasks/{id}/logs"
time="2026-09-14T19:06:34.379009901Z" level=debug msg="Registering GET, /secrets"
time="2026-09-14T19:06:34.379021873Z" level=debug msg="Registering POST, /secrets/create"
time="2026-09-14T19:06:34.379034131Z" level=debug msg="Registering DELETE, /secrets/{id}"
time="2026-09-14T19:06:34.379052819Z" level=debug msg="Registering GET, /secrets/{id}"
time="2026-09-14T19:06:34.379067345Z" level=debug msg="Registering POST, /secrets/{id}/update"
time="2026-09-14T19:06:34.379084838Z" level=debug msg="Registering GET, /configs"
time="2026-09-14T19:06:34.379095670Z" level=debug msg="Registering POST, /configs/create"
time="2026-09-14T19:06:34.379112169Z" level=debug msg="Registering DELETE, /configs/{id}"
time="2026-09-14T19:06:34.379124822Z" level=debug msg="Registering GET, /configs/{id}"
time="2026-09-14T19:06:34.379139155Z" level=debug msg="Registering POST, /configs/{id}/update"
time="2026-09-14T19:06:34.379153372Z" level=debug msg="Registering GET, /plugins"
time="2026-09-14T19:06:34.379162487Z" level=debug msg="Registering GET, /plugins/{name:.*}/json"
time="2026-09-14T19:06:34.379175880Z" level=debug msg="Registering GET, /plugins/privileges"
time="2026-09-14T19:06:34.379185883Z" level=debug msg="Registering DELETE, /plugins/{name:.*}"
time="2026-09-14T19:06:34.379202593Z" level=debug msg="Registering POST, /plugins/{name:.*}/enable"
time="2026-09-14T19:06:34.379219409Z" level=debug msg="Registering POST, /plugins/{name:.*}/disable"
time="2026-09-14T19:06:34.379239028Z" level=debug msg="Registering POST, /plugins/pull"
time="2026-09-14T19:06:34.379250130Z" level=debug msg="Registering POST, /plugins/{name:.*}/push"
time="2026-09-14T19:06:34.379265222Z" level=debug msg="Registering POST, /plugins/{name:.*}/upgrade"
time="2026-09-14T19:06:34.379281627Z" level=debug msg="Registering POST, /plugins/{name:.*}/set"
time="2026-09-14T19:06:34.379297899Z" level=debug msg="Registering POST, /plugins/create"
time="2026-09-14T19:06:34.379314044Z" level=debug msg="Registering GET, /distribution/{name:.*}/json"
time="2026-09-14T19:06:34.379338101Z" level=debug msg="Registering POST, /grpc"
time="2026-09-14T19:06:34.379351463Z" level=debug msg="Registering GET, /networks"
time="2026-09-14T19:06:34.379363179Z" level=debug msg="Registering GET, /networks/"
time="2026-09-14T19:06:34.379371898Z" level=debug msg="Registering GET, /networks/{id:.+}"
time="2026-09-14T19:06:34.379391154Z" level=debug msg="Registering POST, /networks/create"
time="2026-09-14T19:06:34.379405339Z" level=debug msg="Registering POST, /networks/{id:.*}/connect"
time="2026-09-14T19:06:34.379424235Z" level=debug msg="Registering POST, /networks/{id:.*}/disconnect"
time="2026-09-14T19:06:34.379445289Z" level=debug msg="Registering POST, /networks/prune"
time="2026-09-14T19:06:34.379459214Z" level=debug msg="Registering DELETE, /networks/{id:.*}"
time="2026-09-14T19:06:34.379604391Z" level=info msg="API listen on /run/book1102-c421v2.sock"
time="2026-09-14T19:06:34.379816538Z" level=debug msg="Calling HEAD /_ping"
time="2026-09-14T19:06:34.380071554Z" level=debug msg="Calling GET /v1.43/info"
time="2026-09-14T19:06:34.980326432Z" level=debug msg="Calling HEAD /_ping"
time="2026-09-14T19:06:34.980583394Z" level=debug msg="Calling POST /v1.43/images/load?quiet=1"
time="2026-09-14T19:06:35.094260696Z" level=debug msg="Applying tar in /home/ubuntu/ai-infra-book-experiments/ch11/11-02/docker-lifecycle/isolated-daemon/criu421-v2/data/overlay2/b886ed014e31093df8b1b3f383be832019912da5bbebae8c913d91e3ce264db8/diff" storage-driver=overlay2
time="2026-09-14T19:06:35.547067582Z" level=debug msg="Applied tar sha256:6f94328331290cbd81edab450664d42da7b64c191416c9346cd5d28c84f76035 to b886ed014e31093df8b1b3f383be832019912da5bbebae8c913d91e3ce264db8, size: 78621580"
time="2026-09-14T19:06:35.578349056Z" level=debug msg="Applying tar in /home/ubuntu/ai-infra-book-experiments/ch11/11-02/docker-lifecycle/isolated-daemon/criu421-v2/data/overlay2/8a4bb4989b192471fdb4b9531f3536d1638cc6093463554c1fe5cace9aa77e57/diff" storage-driver=overlay2
time="2026-09-14T19:06:35.619944362Z" level=debug msg="Applied tar sha256:275f0a9e4758b8a31c628ab748d8184bd103fb27ec8aeff6b588003a3056d082 to 8a4bb4989b192471fdb4b9531f3536d1638cc6093463554c1fe5cace9aa77e57, size: 3811541"
time="2026-09-14T19:06:35.647068210Z" level=debug msg="Applying tar in /home/ubuntu/ai-infra-book-experiments/ch11/11-02/docker-lifecycle/isolated-daemon/criu421-v2/data/overlay2/d6664a769a6056f7d5472b1615dcc3a6d37cee046ebe190471805b63cb66ac2c/diff" storage-driver=overlay2
time="2026-09-14T19:06:35.988020226Z" level=debug msg="Applied tar sha256:3d7dddf62be3a47f3c072a9dc069ac228beea659375d9fff022792deaaf08d61 to d6664a769a6056f7d5472b1615dcc3a6d37cee046ebe190471805b63cb66ac2c, size: 42415046"
time="2026-09-14T19:06:36.017285370Z" level=debug msg="Applying tar in /home/ubuntu/ai-infra-book-experiments/ch11/11-02/docker-lifecycle/isolated-daemon/criu421-v2/data/overlay2/fb4ef97c680ae6381d1ab6717ffc9bed696b6ee47e0dfb7ec5464394d461e73f/diff" storage-driver=overlay2
time="2026-09-14T19:06:36.018892236Z" level=debug msg="Applied tar sha256:1a8800d1b976e9a254659bbce8213f99d55639c12cc4d2ebecafe95a163797c5 to fb4ef97c680ae6381d1ab6717ffc9bed696b6ee47e0dfb7ec5464394d461e73f, size: 36"
time="2026-09-14T19:06:36.102725304Z" level=debug msg="Calling HEAD /_ping"
time="2026-09-14T19:06:36.103028696Z" level=debug msg="Calling GET /v1.43/images/python:3.11-slim/json"
time="2026-09-14T19:06:36.113206374Z" level=debug msg="Calling HEAD /_ping"
time="2026-09-14T19:06:36.113831747Z" level=debug msg="Calling POST /v1.43/containers/create?name=book1102-probe-1c4b884207"
time="2026-09-14T19:06:36.113981267Z" level=debug msg="form data: {\"AttachStderr\":true,\"AttachStdin\":false,\"AttachStdout\":true,\"Cmd\":[\"python\",\"-u\",\"-c\",\"import time,uuid; print(uuid.uuid4().hex,flush=True); time.sleep(3600)\"],\"Domainname\":\"\",\"Entrypoint\":null,\"Env\":null,\"HostConfig\":{\"AutoRemove\":false,\"Binds\":null,\"BlkioDeviceReadBps\":[],\"BlkioDeviceReadIOps\":[],\"BlkioDeviceWriteBps\":[],\"BlkioDeviceWriteIOps\":[],\"BlkioWeight\":0,\"BlkioWeightDevice\":[],\"CapAdd\":null,\"CapDrop\":null,\"Cgroup\":\"\",\"CgroupParent\":\"\",\"CgroupnsMode\":\"\",\"ConsoleSize\":[0,0],\"ContainerIDFile\":\"\",\"CpuCount\":0,\"CpuPercent\":0,\"CpuPeriod\":0,\"CpuQuota\":0,\"CpuRealtimePeriod\":0,\"CpuRealtimeRuntime\":0,\"CpuShares\":0,\"CpusetCpus\":\"\",\"CpusetMems\":\"\",\"DeviceCgroupRules\":null,\"DeviceRequests\":null,\"Devices\":[],\"Dns\":[],\"DnsOptions\":[],\"DnsSearch\":[],\"ExtraHosts\":null,\"GroupAdd\":null,\"IOMaximumBandwidth\":0,\"IOMaximumIOps\":0,\"IpcMode\":\"\",\"Isolation\":\"\",\"Links\":null,\"LogConfig\":{\"Config\":{},\"Type\":\"\"},\"MaskedPaths\":null,\"Memory\":134217728,\"MemoryReservation\":0,\"MemorySwap\":0,\"MemorySwappiness\":-1,\"NanoCpus\":1000000000,\"NetworkMode\":\"host\",\"OomKillDisable\":false,\"OomScoreAdj\":0,\"PidMode\":\"\",\"PidsLimit\":0,\"PortBindings\":{},\"Privileged\":false,\"PublishAllPorts\":false,\"ReadonlyPaths\":null,\"ReadonlyRootfs\":false,\"RestartPolicy\":{\"MaximumRetryCount\":0,\"Name\":\"no\"},\"SecurityOpt\":null,\"ShmSize\":0,\"UTSMode\":\"\",\"Ulimits\":null,\"UsernsMode\":\"\",\"VolumeDriver\":\"\",\"VolumesFrom\":null},\"Hostname\":\"\",\"Image\":\"sha256:002792ac193538382f4aa5b2f696e5669c20e3c972e60d75e6df90d64d4e696e\",\"Labels\":{\"book.experiment\":\"restore-probe\"},\"NetworkingConfig\":{\"EndpointsConfig\":{}},\"OnBuild\":null,\"OpenStdin\":false,\"StdinOnce\":false,\"Tty\":false,\"User\":\"\",\"Volumes\":{},\"WorkingDir\":\"\"}"
time="2026-09-14T19:06:36.353570631Z" level=debug msg="container mounted via layerStore: /home/ubuntu/ai-infra-book-experiments/ch11/11-02/docker-lifecycle/isolated-daemon/criu421-v2/data/overlay2/13f387d9b497ab591275e166d9d8441f17c33993519678006e40aa8eb79ea559/merged" container=233d382043e903d2219807f50a840a9bfdcfb4955097b90e6509231990c5913d
time="2026-09-14T19:06:36.377590070Z" level=debug msg="Calling HEAD /_ping"
time="2026-09-14T19:06:36.377873163Z" level=debug msg="Calling POST /v1.43/containers/233d382043e903d2219807f50a840a9bfdcfb4955097b90e6509231990c5913d/start"
time="2026-09-14T19:06:36.378396538Z" level=debug msg="container mounted via layerStore: /home/ubuntu/ai-infra-book-experiments/ch11/11-02/docker-lifecycle/isolated-daemon/criu421-v2/data/overlay2/13f387d9b497ab591275e166d9d8441f17c33993519678006e40aa8eb79ea559/merged" container=233d382043e903d2219807f50a840a9bfdcfb4955097b90e6509231990c5913d
time="2026-09-14T19:06:36.407822438Z" level=debug msg="EnableService 233d382043e903d2219807f50a840a9bfdcfb4955097b90e6509231990c5913d START"
time="2026-09-14T19:06:36.407862663Z" level=debug msg="EnableService 233d382043e903d2219807f50a840a9bfdcfb4955097b90e6509231990c5913d DONE"
time="2026-09-14T19:06:36.411446386Z" level=debug msg="createSpec: cgroupsPath: system.slice:docker:233d382043e903d2219807f50a840a9bfdcfb4955097b90e6509231990c5913d"
time="2026-09-14T19:06:36.411803479Z" level=debug msg="bundle dir created" bundle=/run/book1102-c421v2/containerd/233d382043e903d2219807f50a840a9bfdcfb4955097b90e6509231990c5913d module=libcontainerd namespace=book1102 root=/home/ubuntu/ai-infra-book-experiments/ch11/11-02/docker-lifecycle/isolated-daemon/criu421-v2/data/overlay2/13f387d9b497ab591275e166d9d8441f17c33993519678006e40aa8eb79ea559/merged
time="2026-09-14T19:06:36.475895331Z" level=debug msg=event module=libcontainerd namespace=book1102 topic=/tasks/create
time="2026-09-14T19:06:36.481783819Z" level=debug msg=event module=libcontainerd namespace=book1102 topic=/tasks/start
time="2026-09-14T19:06:37.000171248Z" level=debug msg="Calling HEAD /_ping"
time="2026-09-14T19:06:37.000424673Z" level=debug msg="Calling GET /v1.43/containers/233d382043e903d2219807f50a840a9bfdcfb4955097b90e6509231990c5913d/json"
time="2026-09-14T19:06:37.001432925Z" level=debug msg="Calling GET /v1.43/containers/233d382043e903d2219807f50a840a9bfdcfb4955097b90e6509231990c5913d/logs?stderr=1&stdout=1&tail=all"
time="2026-09-14T19:06:37.001498263Z" level=debug msg="begin logs" container=233d382043e903d2219807f50a840a9bfdcfb4955097b90e6509231990c5913d method="(*Daemon).ContainerLogs" module=daemon
time="2026-09-14T19:06:37.001560591Z" level=debug msg="end logs (<nil>)" container=233d382043e903d2219807f50a840a9bfdcfb4955097b90e6509231990c5913d method="(*Daemon).ContainerLogs" module=daemon
time="2026-09-14T19:06:37.015895491Z" level=debug msg="Calling HEAD /_ping"
time="2026-09-14T19:06:37.016174671Z" level=debug msg="Calling POST /v1.43/containers/233d382043e903d2219807f50a840a9bfdcfb4955097b90e6509231990c5913d/checkpoints"
time="2026-09-14T19:06:37.016222251Z" level=debug msg="form data: {\"CheckpointDir\":\"\",\"CheckpointID\":\"probe\",\"Exit\":true}"
time="2026-09-14T19:06:37.026970306Z" level=debug msg=event module=libcontainerd namespace=book1102 topic=/tasks/paused
time="2026-09-14T19:06:37.101375590Z" level=debug msg=event module=libcontainerd namespace=book1102 topic=/tasks/exit
time="2026-09-14T19:06:37.105619738Z" level=debug msg=event module=libcontainerd namespace=book1102 topic=/tasks/delete
time="2026-09-14T19:06:37.105648983Z" level=info msg="ignoring event" container=233d382043e903d2219807f50a840a9bfdcfb4955097b90e6509231990c5913d module=libcontainerd namespace=book1102 topic=/tasks/delete type="*events.TaskDelete"
time="2026-09-14T19:06:37.290597918Z" level=debug msg="Calling HEAD /_ping"
time="2026-09-14T19:06:37.290903593Z" level=debug msg="Calling POST /v1.43/containers/233d382043e903d2219807f50a840a9bfdcfb4955097b90e6509231990c5913d/start?checkpoint=probe"
time="2026-09-14T19:06:37.291428719Z" level=debug msg="container mounted via layerStore: /home/ubuntu/ai-infra-book-experiments/ch11/11-02/docker-lifecycle/isolated-daemon/criu421-v2/data/overlay2/13f387d9b497ab591275e166d9d8441f17c33993519678006e40aa8eb79ea559/merged" container=233d382043e903d2219807f50a840a9bfdcfb4955097b90e6509231990c5913d
time="2026-09-14T19:06:37.312625820Z" level=debug msg="EnableService 233d382043e903d2219807f50a840a9bfdcfb4955097b90e6509231990c5913d START"
time="2026-09-14T19:06:37.312644583Z" level=debug msg="EnableService 233d382043e903d2219807f50a840a9bfdcfb4955097b90e6509231990c5913d DONE"
time="2026-09-14T19:06:37.316410225Z" level=debug msg="createSpec: cgroupsPath: system.slice:docker:233d382043e903d2219807f50a840a9bfdcfb4955097b90e6509231990c5913d"
time="2026-09-14T19:06:37.316656642Z" level=debug msg="bundle dir created" bundle=/run/book1102-c421v2/containerd/233d382043e903d2219807f50a840a9bfdcfb4955097b90e6509231990c5913d module=libcontainerd namespace=book1102 root=/home/ubuntu/ai-infra-book-experiments/ch11/11-02/docker-lifecycle/isolated-daemon/criu421-v2/data/overlay2/13f387d9b497ab591275e166d9d8441f17c33993519678006e40aa8eb79ea559/merged
time="2026-09-14T19:06:37.330947344Z" level=debug msg="Using single walk diff for /home/ubuntu/ai-infra-book-experiments/ch11/11-02/docker-lifecycle/isolated-daemon/criu421-v2/data/containers/233d382043e903d2219807f50a840a9bfdcfb4955097b90e6509231990c5913d/checkpoints/probe"
time="2026-09-14T19:06:37.409685486Z" level=error msg="233d382043e903d2219807f50a840a9bfdcfb4955097b90e6509231990c5913d cleanup: failed to delete container from containerd: container \"233d382043e903d2219807f50a840a9bfdcfb4955097b90e6509231990c5913d\" in namespace \"book1102\": not found"
time="2026-09-14T19:06:37.441898609Z" level=error msg="Handler for POST /v1.43/containers/233d382043e903d2219807f50a840a9bfdcfb4955097b90e6509231990c5913d/start returned error: failed to upload checkpoint to containerd: commit failed: content sha256:6c5824af0d8b761227cb5850dec00137b438548ba2011c682dc94bc937801773: already exists"
time="2026-09-14T19:06:37.473829281Z" level=debug msg="Calling HEAD /_ping"
time="2026-09-14T19:06:37.474158754Z" level=debug msg="Calling POST /v1.43/containers/233d382043e903d2219807f50a840a9bfdcfb4955097b90e6509231990c5913d/start?checkpoint=probe"
time="2026-09-14T19:06:37.474689878Z" level=debug msg="container mounted via layerStore: /home/ubuntu/ai-infra-book-experiments/ch11/11-02/docker-lifecycle/isolated-daemon/criu421-v2/data/overlay2/13f387d9b497ab591275e166d9d8441f17c33993519678006e40aa8eb79ea559/merged" container=233d382043e903d2219807f50a840a9bfdcfb4955097b90e6509231990c5913d
time="2026-09-14T19:06:37.496735377Z" level=debug msg="EnableService 233d382043e903d2219807f50a840a9bfdcfb4955097b90e6509231990c5913d START"
time="2026-09-14T19:06:37.496755187Z" level=debug msg="EnableService 233d382043e903d2219807f50a840a9bfdcfb4955097b90e6509231990c5913d DONE"
time="2026-09-14T19:06:37.500303961Z" level=debug msg="createSpec: cgroupsPath: system.slice:docker:233d382043e903d2219807f50a840a9bfdcfb4955097b90e6509231990c5913d"
time="2026-09-14T19:06:37.500501228Z" level=debug msg="bundle dir created" bundle=/run/book1102-c421v2/containerd/233d382043e903d2219807f50a840a9bfdcfb4955097b90e6509231990c5913d module=libcontainerd namespace=book1102 root=/home/ubuntu/ai-infra-book-experiments/ch11/11-02/docker-lifecycle/isolated-daemon/criu421-v2/data/overlay2/13f387d9b497ab591275e166d9d8441f17c33993519678006e40aa8eb79ea559/merged
time="2026-09-14T19:06:37.515841647Z" level=debug msg="Using single walk diff for /home/ubuntu/ai-infra-book-experiments/ch11/11-02/docker-lifecycle/isolated-daemon/criu421-v2/data/containers/233d382043e903d2219807f50a840a9bfdcfb4955097b90e6509231990c5913d/checkpoints/probe"
time="2026-09-14T19:06:37.593851677Z" level=debug msg=event module=libcontainerd namespace=book1102 topic=/tasks/create
time="2026-09-14T19:06:37.655363594Z" level=debug msg=event module=libcontainerd namespace=book1102 topic=/tasks/start
time="2026-09-14T19:06:37.681333947Z" level=debug msg="Calling HEAD /_ping"
time="2026-09-14T19:06:37.681608121Z" level=debug msg="Calling GET /v1.43/containers/233d382043e903d2219807f50a840a9bfdcfb4955097b90e6509231990c5913d/json"
time="2026-09-14T19:06:37.691961484Z" level=debug msg="Calling HEAD /_ping"
time="2026-09-14T19:06:37.692202807Z" level=debug msg="Calling GET /v1.43/containers/233d382043e903d2219807f50a840a9bfdcfb4955097b90e6509231990c5913d/json"
time="2026-09-14T19:06:37.692875551Z" level=debug msg="Calling GET /v1.43/containers/233d382043e903d2219807f50a840a9bfdcfb4955097b90e6509231990c5913d/logs?stderr=1&stdout=1&tail=all"
time="2026-09-14T19:06:37.692925640Z" level=debug msg="begin logs" container=233d382043e903d2219807f50a840a9bfdcfb4955097b90e6509231990c5913d method="(*Daemon).ContainerLogs" module=daemon
time="2026-09-14T19:06:37.692952822Z" level=debug msg="end logs (<nil>)" container=233d382043e903d2219807f50a840a9bfdcfb4955097b90e6509231990c5913d method="(*Daemon).ContainerLogs" module=daemon
time="2026-09-14T19:06:37.703172073Z" level=debug msg="Calling HEAD /_ping"
time="2026-09-14T19:06:37.703475753Z" level=debug msg="Calling DELETE /v1.43/containers/233d382043e903d2219807f50a840a9bfdcfb4955097b90e6509231990c5913d?force=1"
time="2026-09-14T19:06:37.703507373Z" level=debug msg="Sending kill signal 9 to container 233d382043e903d2219807f50a840a9bfdcfb4955097b90e6509231990c5913d"
time="2026-09-14T19:06:37.724268072Z" level=debug msg=event module=libcontainerd namespace=book1102 topic=/tasks/exit
time="2026-09-14T19:06:37.734164976Z" level=debug msg=event module=libcontainerd namespace=book1102 topic=/tasks/delete
time="2026-09-14T19:06:37.734197283Z" level=info msg="ignoring event" container=233d382043e903d2219807f50a840a9bfdcfb4955097b90e6509231990c5913d module=libcontainerd namespace=book1102 topic=/tasks/delete type="*events.TaskDelete"
time="2026-09-14T19:06:37.824065114Z" level=debug msg="Calling HEAD /_ping"
time="2026-09-14T19:06:37.824717925Z" level=debug msg="Calling POST /v1.43/containers/create?name=book1102-probe-128939d2aa"
time="2026-09-14T19:06:37.824845928Z" level=debug msg="form data: {\"AttachStderr\":true,\"AttachStdin\":false,\"AttachStdout\":true,\"Cmd\":[\"python\",\"-u\",\"-c\",\"import time,uuid; print(uuid.uuid4().hex,flush=True); time.sleep(3600)\"],\"Domainname\":\"\",\"Entrypoint\":null,\"Env\":null,\"HostConfig\":{\"AutoRemove\":false,\"Binds\":null,\"BlkioDeviceReadBps\":[],\"BlkioDeviceReadIOps\":[],\"BlkioDeviceWriteBps\":[],\"BlkioDeviceWriteIOps\":[],\"BlkioWeight\":0,\"BlkioWeightDevice\":[],\"CapAdd\":null,\"CapDrop\":null,\"Cgroup\":\"\",\"CgroupParent\":\"\",\"CgroupnsMode\":\"\",\"ConsoleSize\":[0,0],\"ContainerIDFile\":\"\",\"CpuCount\":0,\"CpuPercent\":0,\"CpuPeriod\":0,\"CpuQuota\":0,\"CpuRealtimePeriod\":0,\"CpuRealtimeRuntime\":0,\"CpuShares\":0,\"CpusetCpus\":\"\",\"CpusetMems\":\"\",\"DeviceCgroupRules\":null,\"DeviceRequests\":null,\"Devices\":[],\"Dns\":[],\"DnsOptions\":[],\"DnsSearch\":[],\"ExtraHosts\":null,\"GroupAdd\":null,\"IOMaximumBandwidth\":0,\"IOMaximumIOps\":0,\"IpcMode\":\"\",\"Isolation\":\"\",\"Links\":null,\"LogConfig\":{\"Config\":{},\"Type\":\"\"},\"MaskedPaths\":null,\"Memory\":134217728,\"MemoryReservation\":0,\"MemorySwap\":0,\"MemorySwappiness\":-1,\"NanoCpus\":1000000000,\"NetworkMode\":\"host\",\"OomKillDisable\":false,\"OomScoreAdj\":0,\"PidMode\":\"\",\"PidsLimit\":0,\"PortBindings\":{},\"Privileged\":false,\"PublishAllPorts\":false,\"ReadonlyPaths\":null,\"ReadonlyRootfs\":false,\"RestartPolicy\":{\"MaximumRetryCount\":0,\"Name\":\"no\"},\"SecurityOpt\":[\"seccomp=unconfined\",\"apparmor=unconfined\"],\"ShmSize\":0,\"UTSMode\":\"\",\"Ulimits\":null,\"UsernsMode\":\"\",\"VolumeDriver\":\"\",\"VolumesFrom\":null},\"Hostname\":\"\",\"Image\":\"sha256:002792ac193538382f4aa5b2f696e5669c20e3c972e60d75e6df90d64d4e696e\",\"Labels\":{\"book.experiment\":\"restore-probe\"},\"NetworkingConfig\":{\"EndpointsConfig\":{}},\"OnBuild\":null,\"OpenStdin\":false,\"StdinOnce\":false,\"Tty\":false,\"User\":\"\",\"Volumes\":{},\"WorkingDir\":\"\"}"
time="2026-09-14T19:06:37.855730984Z" level=debug msg="container mounted via layerStore: /home/ubuntu/ai-infra-book-experiments/ch11/11-02/docker-lifecycle/isolated-daemon/criu421-v2/data/overlay2/ea838efccc25c3bfda173d7bd7d1f655b867ee0cbe1f168c19974867b0b0b0ff/merged" container=aae6e0cbaf4fe08a9603b15db25ed7ca42a42bf8390e970547daab41a80657f9
time="2026-09-14T19:06:37.880341118Z" level=debug msg="Calling HEAD /_ping"
time="2026-09-14T19:06:37.880662261Z" level=debug msg="Calling POST /v1.43/containers/aae6e0cbaf4fe08a9603b15db25ed7ca42a42bf8390e970547daab41a80657f9/start"
time="2026-09-14T19:06:37.881184107Z" level=debug msg="container mounted via layerStore: /home/ubuntu/ai-infra-book-experiments/ch11/11-02/docker-lifecycle/isolated-daemon/criu421-v2/data/overlay2/ea838efccc25c3bfda173d7bd7d1f655b867ee0cbe1f168c19974867b0b0b0ff/merged" container=aae6e0cbaf4fe08a9603b15db25ed7ca42a42bf8390e970547daab41a80657f9
time="2026-09-14T19:06:37.901700229Z" level=debug msg="EnableService aae6e0cbaf4fe08a9603b15db25ed7ca42a42bf8390e970547daab41a80657f9 START"
time="2026-09-14T19:06:37.901714908Z" level=debug msg="EnableService aae6e0cbaf4fe08a9603b15db25ed7ca42a42bf8390e970547daab41a80657f9 DONE"
time="2026-09-14T19:06:37.905346032Z" level=debug msg="createSpec: cgroupsPath: system.slice:docker:aae6e0cbaf4fe08a9603b15db25ed7ca42a42bf8390e970547daab41a80657f9"
time="2026-09-14T19:06:37.905549553Z" level=debug msg="bundle dir created" bundle=/run/book1102-c421v2/containerd/aae6e0cbaf4fe08a9603b15db25ed7ca42a42bf8390e970547daab41a80657f9 module=libcontainerd namespace=book1102 root=/home/ubuntu/ai-infra-book-experiments/ch11/11-02/docker-lifecycle/isolated-daemon/criu421-v2/data/overlay2/ea838efccc25c3bfda173d7bd7d1f655b867ee0cbe1f168c19974867b0b0b0ff/merged
time="2026-09-14T19:06:37.955363188Z" level=debug msg=event module=libcontainerd namespace=book1102 topic=/tasks/create
time="2026-09-14T19:06:37.959746328Z" level=debug msg=event module=libcontainerd namespace=book1102 topic=/tasks/start
time="2026-09-14T19:06:38.477490066Z" level=debug msg="Calling HEAD /_ping"
time="2026-09-14T19:06:38.477759637Z" level=debug msg="Calling GET /v1.43/containers/aae6e0cbaf4fe08a9603b15db25ed7ca42a42bf8390e970547daab41a80657f9/json"
time="2026-09-14T19:06:38.478539107Z" level=debug msg="Calling GET /v1.43/containers/aae6e0cbaf4fe08a9603b15db25ed7ca42a42bf8390e970547daab41a80657f9/logs?stderr=1&stdout=1&tail=all"
time="2026-09-14T19:06:38.478592592Z" level=debug msg="begin logs" container=aae6e0cbaf4fe08a9603b15db25ed7ca42a42bf8390e970547daab41a80657f9 method="(*Daemon).ContainerLogs" module=daemon
time="2026-09-14T19:06:38.478663936Z" level=debug msg="end logs (<nil>)" container=aae6e0cbaf4fe08a9603b15db25ed7ca42a42bf8390e970547daab41a80657f9 method="(*Daemon).ContainerLogs" module=daemon
time="2026-09-14T19:06:38.493552001Z" level=debug msg="Calling HEAD /_ping"
time="2026-09-14T19:06:38.493795208Z" level=debug msg="Calling POST /v1.43/containers/aae6e0cbaf4fe08a9603b15db25ed7ca42a42bf8390e970547daab41a80657f9/checkpoints"
time="2026-09-14T19:06:38.493835294Z" level=debug msg="form data: {\"CheckpointDir\":\"\",\"CheckpointID\":\"probe\",\"Exit\":true}"
time="2026-09-14T19:06:38.504259330Z" level=debug msg=event module=libcontainerd namespace=book1102 topic=/tasks/paused
time="2026-09-14T19:06:38.574937747Z" level=debug msg=event module=libcontainerd namespace=book1102 topic=/tasks/exit
time="2026-09-14T19:06:38.578660386Z" level=debug msg=event module=libcontainerd namespace=book1102 topic=/tasks/delete
time="2026-09-14T19:06:38.578684757Z" level=info msg="ignoring event" container=aae6e0cbaf4fe08a9603b15db25ed7ca42a42bf8390e970547daab41a80657f9 module=libcontainerd namespace=book1102 topic=/tasks/delete type="*events.TaskDelete"
time="2026-09-14T19:06:38.789500793Z" level=debug msg="Calling HEAD /_ping"
time="2026-09-14T19:06:38.789793683Z" level=debug msg="Calling POST /v1.43/containers/aae6e0cbaf4fe08a9603b15db25ed7ca42a42bf8390e970547daab41a80657f9/start?checkpoint=probe"
time="2026-09-14T19:06:38.790329534Z" level=debug msg="container mounted via layerStore: /home/ubuntu/ai-infra-book-experiments/ch11/11-02/docker-lifecycle/isolated-daemon/criu421-v2/data/overlay2/ea838efccc25c3bfda173d7bd7d1f655b867ee0cbe1f168c19974867b0b0b0ff/merged" container=aae6e0cbaf4fe08a9603b15db25ed7ca42a42bf8390e970547daab41a80657f9
time="2026-09-14T19:06:38.811778496Z" level=debug msg="EnableService aae6e0cbaf4fe08a9603b15db25ed7ca42a42bf8390e970547daab41a80657f9 START"
time="2026-09-14T19:06:38.811800152Z" level=debug msg="EnableService aae6e0cbaf4fe08a9603b15db25ed7ca42a42bf8390e970547daab41a80657f9 DONE"
time="2026-09-14T19:06:38.815477594Z" level=debug msg="createSpec: cgroupsPath: system.slice:docker:aae6e0cbaf4fe08a9603b15db25ed7ca42a42bf8390e970547daab41a80657f9"
time="2026-09-14T19:06:38.815656438Z" level=debug msg="bundle dir created" bundle=/run/book1102-c421v2/containerd/aae6e0cbaf4fe08a9603b15db25ed7ca42a42bf8390e970547daab41a80657f9 module=libcontainerd namespace=book1102 root=/home/ubuntu/ai-infra-book-experiments/ch11/11-02/docker-lifecycle/isolated-daemon/criu421-v2/data/overlay2/ea838efccc25c3bfda173d7bd7d1f655b867ee0cbe1f168c19974867b0b0b0ff/merged
time="2026-09-14T19:06:38.829980994Z" level=debug msg="Using single walk diff for /home/ubuntu/ai-infra-book-experiments/ch11/11-02/docker-lifecycle/isolated-daemon/criu421-v2/data/containers/aae6e0cbaf4fe08a9603b15db25ed7ca42a42bf8390e970547daab41a80657f9/checkpoints/probe"
time="2026-09-14T19:06:38.906696351Z" level=error msg="aae6e0cbaf4fe08a9603b15db25ed7ca42a42bf8390e970547daab41a80657f9 cleanup: failed to delete container from containerd: container \"aae6e0cbaf4fe08a9603b15db25ed7ca42a42bf8390e970547daab41a80657f9\" in namespace \"book1102\": not found"
time="2026-09-14T19:06:38.937452601Z" level=error msg="Handler for POST /v1.43/containers/aae6e0cbaf4fe08a9603b15db25ed7ca42a42bf8390e970547daab41a80657f9/start returned error: failed to upload checkpoint to containerd: commit failed: content sha256:18b5663a0d59db008e35b7e1c02fee84f1099bfe0c164d72462123d4b396a5da: already exists"
time="2026-09-14T19:06:38.970805967Z" level=debug msg="Calling HEAD /_ping"
time="2026-09-14T19:06:38.971100954Z" level=debug msg="Calling POST /v1.43/containers/aae6e0cbaf4fe08a9603b15db25ed7ca42a42bf8390e970547daab41a80657f9/start?checkpoint=probe"
time="2026-09-14T19:06:38.971605561Z" level=debug msg="container mounted via layerStore: /home/ubuntu/ai-infra-book-experiments/ch11/11-02/docker-lifecycle/isolated-daemon/criu421-v2/data/overlay2/ea838efccc25c3bfda173d7bd7d1f655b867ee0cbe1f168c19974867b0b0b0ff/merged" container=aae6e0cbaf4fe08a9603b15db25ed7ca42a42bf8390e970547daab41a80657f9
time="2026-09-14T19:06:38.991695078Z" level=debug msg="EnableService aae6e0cbaf4fe08a9603b15db25ed7ca42a42bf8390e970547daab41a80657f9 START"
time="2026-09-14T19:06:38.991712920Z" level=debug msg="EnableService aae6e0cbaf4fe08a9603b15db25ed7ca42a42bf8390e970547daab41a80657f9 DONE"
time="2026-09-14T19:06:38.995360011Z" level=debug msg="createSpec: cgroupsPath: system.slice:docker:aae6e0cbaf4fe08a9603b15db25ed7ca42a42bf8390e970547daab41a80657f9"
time="2026-09-14T19:06:38.995472699Z" level=debug msg="bundle dir created" bundle=/run/book1102-c421v2/containerd/aae6e0cbaf4fe08a9603b15db25ed7ca42a42bf8390e970547daab41a80657f9 module=libcontainerd namespace=book1102 root=/home/ubuntu/ai-infra-book-experiments/ch11/11-02/docker-lifecycle/isolated-daemon/criu421-v2/data/overlay2/ea838efccc25c3bfda173d7bd7d1f655b867ee0cbe1f168c19974867b0b0b0ff/merged
time="2026-09-14T19:06:39.009881521Z" level=debug msg="Using single walk diff for /home/ubuntu/ai-infra-book-experiments/ch11/11-02/docker-lifecycle/isolated-daemon/criu421-v2/data/containers/aae6e0cbaf4fe08a9603b15db25ed7ca42a42bf8390e970547daab41a80657f9/checkpoints/probe"
time="2026-09-14T19:06:39.089031986Z" level=debug msg=event module=libcontainerd namespace=book1102 topic=/tasks/create
time="2026-09-14T19:06:39.140188265Z" level=debug msg=event module=libcontainerd namespace=book1102 topic=/tasks/start
time="2026-09-14T19:06:39.163796164Z" level=debug msg="Calling HEAD /_ping"
time="2026-09-14T19:06:39.164042322Z" level=debug msg="Calling GET /v1.43/containers/aae6e0cbaf4fe08a9603b15db25ed7ca42a42bf8390e970547daab41a80657f9/json"
time="2026-09-14T19:06:39.174874214Z" level=debug msg="Calling HEAD /_ping"
time="2026-09-14T19:06:39.175098602Z" level=debug msg="Calling GET /v1.43/containers/aae6e0cbaf4fe08a9603b15db25ed7ca42a42bf8390e970547daab41a80657f9/json"
time="2026-09-14T19:06:39.175917762Z" level=debug msg="Calling GET /v1.43/containers/aae6e0cbaf4fe08a9603b15db25ed7ca42a42bf8390e970547daab41a80657f9/logs?stderr=1&stdout=1&tail=all"
time="2026-09-14T19:06:39.175997056Z" level=debug msg="begin logs" container=aae6e0cbaf4fe08a9603b15db25ed7ca42a42bf8390e970547daab41a80657f9 method="(*Daemon).ContainerLogs" module=daemon
time="2026-09-14T19:06:39.176045893Z" level=debug msg="end logs (<nil>)" container=aae6e0cbaf4fe08a9603b15db25ed7ca42a42bf8390e970547daab41a80657f9 method="(*Daemon).ContainerLogs" module=daemon
time="2026-09-14T19:06:39.186182355Z" level=debug msg="Calling HEAD /_ping"
time="2026-09-14T19:06:39.186542293Z" level=debug msg="Calling DELETE /v1.43/containers/aae6e0cbaf4fe08a9603b15db25ed7ca42a42bf8390e970547daab41a80657f9?force=1"
time="2026-09-14T19:06:39.186572787Z" level=debug msg="Sending kill signal 9 to container aae6e0cbaf4fe08a9603b15db25ed7ca42a42bf8390e970547daab41a80657f9"
time="2026-09-14T19:06:39.198543653Z" level=debug msg=event module=libcontainerd namespace=book1102 topic=/tasks/exit
time="2026-09-14T19:06:39.205105165Z" level=debug msg=event module=libcontainerd namespace=book1102 topic=/tasks/delete
time="2026-09-14T19:06:39.205132198Z" level=info msg="ignoring event" container=aae6e0cbaf4fe08a9603b15db25ed7ca42a42bf8390e970547daab41a80657f9 module=libcontainerd namespace=book1102 topic=/tasks/delete type="*events.TaskDelete"
time="2026-09-14T19:06:39.277726837Z" level=info msg="Processing signal 'terminated'"
time="2026-09-14T19:06:39.277824523Z" level=debug msg="daemon configured with a 15 seconds minimum shutdown timeout"
time="2026-09-14T19:06:39.277852901Z" level=debug msg="start clean shutdown of all containers with a 15 seconds timeout..."
time="2026-09-14T19:06:39.278665498Z" level=debug msg="Unix socket /run/book1102-c421v2/libnetwork/cfbc1ff99e58.sock doesn't exist. cannot accept client connections"
time="2026-09-14T19:06:39.278701348Z" level=debug msg="Cleaning up old mountid : start."
time="2026-09-14T19:06:39.278763681Z" level=info msg="stopping event stream following graceful shutdown" error="<nil>" module=libcontainerd namespace=book1102
time="2026-09-14T19:06:39.279032181Z" level=debug msg="Cleaning up old mountid : done."
time="2026-09-14T19:06:39.279305027Z" level=debug msg="Clean shutdown succeeded"
time="2026-09-14T19:06:39.279318989Z" level=info msg="Daemon shutdown complete"
time="2026-09-14T19:06:39.279350556Z" level=info msg="stopping event stream following graceful shutdown" error="context canceled" module=libcontainerd namespace=plugins.moby
