time="2026-09-14T18:58:35.392804230Z" level=info msg="Starting up"
time="2026-09-14T18:58:35.392868794Z" level=warning msg="Running experimental build"
time="2026-09-14T18:58:35.393635092Z" level=debug msg="Listener created for HTTP on unix (/run/book1102-d24full.sock)"
time="2026-09-14T18:58:35.393795968Z" level=info msg="detected 127.0.0.53 nameserver, assuming systemd-resolved, so using resolv.conf: /run/systemd/resolve/resolv.conf"
time="2026-09-14T18:58:35.393933841Z" level=debug msg="Golang's threads limit set to 1387350"
time="2026-09-14T18:58:35.394382852Z" level=debug msg="metrics API listening on /run/book1102-d24full/metrics.sock"
time="2026-09-14T18:58:35.397425360Z" level=debug msg="Using default logging driver json-file"
time="2026-09-14T18:58:35.397526858Z" level=debug msg="processing event stream" module=libcontainerd namespace=plugins.moby
time="2026-09-14T18:58:35.397562440Z" level=debug msg="No quota support for local volumes in /home/ubuntu/ai-infra-book-experiments/ch11/11-02/docker-lifecycle/isolated-daemon/docker24-full/data/volumes: Filesystem does not support, or has not enabled quotas"
time="2026-09-14T18:58:35.457463657Z" level=debug msg="[graphdriver] priority list: [overlay2 fuse-overlayfs btrfs zfs devicemapper vfs]"
time="2026-09-14T18:58:35.474318370Z" level=debug msg="successfully detected metacopy status" storage-driver=overlay2 usingMetacopy=false
time="2026-09-14T18:58:35.478043803Z" level=debug msg="backingFs=extfs, projectQuotaSupported=false, usingMetacopy=false, indexOff=\"index=off,\", userxattr=\"\"" storage-driver=overlay2
time="2026-09-14T18:58:35.478062190Z" level=debug msg="Initialized graph driver overlay2"
time="2026-09-14T18:58:35.481510316Z" level=debug msg="Max Concurrent Downloads: 3"
time="2026-09-14T18:58:35.481521638Z" level=debug msg="Max Concurrent Uploads: 5"
time="2026-09-14T18:58:35.481526177Z" level=debug msg="Max Download Attempts: 5"
time="2026-09-14T18:58:35.481553879Z" level=info msg="Loading containers: start."
time="2026-09-14T18:58:35.481587019Z" level=debug msg="Option DefaultDriver: bridge"
time="2026-09-14T18:58:35.481592341Z" level=debug msg="Option DefaultNetwork: bridge"
time="2026-09-14T18:58:35.481596542Z" level=debug msg="Network Control Plane MTU: 1500"
time="2026-09-14T18:58:35.481690266Z" level=debug msg="processing event stream" module=libcontainerd namespace=book1102
time="2026-09-14T18:58:35.519080181Z" level=info msg="Loading containers: done."
time="2026-09-14T18:58:35.531132203Z" level=warning msg="WARNING: bridge-nf-call-iptables is disabled"
time="2026-09-14T18:58:35.531153363Z" level=warning msg="WARNING: bridge-nf-call-ip6tables is disabled"
time="2026-09-14T18:58:35.531168016Z" level=info msg="Docker daemon" commit=fca702d graphdriver=overlay2 version=24.0.9
time="2026-09-14T18:58:35.531244900Z" level=info msg="Daemon has completed initialization"
time="2026-09-14T18:58:35.578807820Z" level=debug msg="Registering routers"
time="2026-09-14T18:58:35.578830433Z" level=debug msg="Registering GET, /containers/{name:.*}/checkpoints"
time="2026-09-14T18:58:35.578901130Z" level=debug msg="Registering POST, /containers/{name:.*}/checkpoints"
time="2026-09-14T18:58:35.578948680Z" level=debug msg="Registering DELETE, /containers/{name}/checkpoints/{checkpoint}"
time="2026-09-14T18:58:35.579008724Z" level=debug msg="Registering HEAD, /containers/{name:.*}/archive"
time="2026-09-14T18:58:35.579048909Z" level=debug msg="Registering GET, /containers/json"
time="2026-09-14T18:58:35.579099003Z" level=debug msg="Registering GET, /containers/{name:.*}/export"
time="2026-09-14T18:58:35.579129645Z" level=debug msg="Registering GET, /containers/{name:.*}/changes"
time="2026-09-14T18:58:35.579165305Z" level=debug msg="Registering GET, /containers/{name:.*}/json"
time="2026-09-14T18:58:35.579205745Z" level=debug msg="Registering GET, /containers/{name:.*}/top"
time="2026-09-14T18:58:35.579234880Z" level=debug msg="Registering GET, /containers/{name:.*}/logs"
time="2026-09-14T18:58:35.579281710Z" level=debug msg="Registering GET, /containers/{name:.*}/stats"
time="2026-09-14T18:58:35.579321797Z" level=debug msg="Registering GET, /containers/{name:.*}/attach/ws"
time="2026-09-14T18:58:35.579372212Z" level=debug msg="Registering GET, /exec/{id:.*}/json"
time="2026-09-14T18:58:35.579397111Z" level=debug msg="Registering GET, /containers/{name:.*}/archive"
time="2026-09-14T18:58:35.579441016Z" level=debug msg="Registering POST, /containers/create"
time="2026-09-14T18:58:35.579466005Z" level=debug msg="Registering POST, /containers/{name:.*}/kill"
time="2026-09-14T18:58:35.579499635Z" level=debug msg="Registering POST, /containers/{name:.*}/pause"
time="2026-09-14T18:58:35.579527808Z" level=debug msg="Registering POST, /containers/{name:.*}/unpause"
time="2026-09-14T18:58:35.579573740Z" level=debug msg="Registering POST, /containers/{name:.*}/restart"
time="2026-09-14T18:58:35.579612390Z" level=debug msg="Registering POST, /containers/{name:.*}/start"
time="2026-09-14T18:58:35.579659018Z" level=debug msg="Registering POST, /containers/{name:.*}/stop"
time="2026-09-14T18:58:35.579700569Z" level=debug msg="Registering POST, /containers/{name:.*}/wait"
time="2026-09-14T18:58:35.579731923Z" level=debug msg="Registering POST, /containers/{name:.*}/resize"
time="2026-09-14T18:58:35.579770872Z" level=debug msg="Registering POST, /containers/{name:.*}/attach"
time="2026-09-14T18:58:35.579806109Z" level=debug msg="Registering POST, /containers/{name:.*}/copy"
time="2026-09-14T18:58:35.579839316Z" level=debug msg="Registering POST, /containers/{name:.*}/exec"
time="2026-09-14T18:58:35.579885058Z" level=debug msg="Registering POST, /exec/{name:.*}/start"
time="2026-09-14T18:58:35.579921980Z" level=debug msg="Registering POST, /exec/{name:.*}/resize"
time="2026-09-14T18:58:35.579953515Z" level=debug msg="Registering POST, /containers/{name:.*}/rename"
time="2026-09-14T18:58:35.579990098Z" level=debug msg="Registering POST, /containers/{name:.*}/update"
time="2026-09-14T18:58:35.580024910Z" level=debug msg="Registering POST, /containers/prune"
time="2026-09-14T18:58:35.580048111Z" level=debug msg="Registering POST, /commit"
time="2026-09-14T18:58:35.580070918Z" level=debug msg="Registering PUT, /containers/{name:.*}/archive"
time="2026-09-14T18:58:35.580110689Z" level=debug msg="Registering DELETE, /containers/{name:.*}"
time="2026-09-14T18:58:35.580146107Z" level=debug msg="Registering GET, /images/json"
time="2026-09-14T18:58:35.580173205Z" level=debug msg="Registering GET, /images/search"
time="2026-09-14T18:58:35.580197794Z" level=debug msg="Registering GET, /images/get"
time="2026-09-14T18:58:35.580227983Z" level=debug msg="Registering GET, /images/{name:.*}/get"
time="2026-09-14T18:58:35.580255855Z" level=debug msg="Registering GET, /images/{name:.*}/history"
time="2026-09-14T18:58:35.580290098Z" level=debug msg="Registering GET, /images/{name:.*}/json"
time="2026-09-14T18:58:35.580320445Z" level=debug msg="Registering POST, /images/load"
time="2026-09-14T18:58:35.580346399Z" level=debug msg="Registering POST, /images/create"
time="2026-09-14T18:58:35.580379198Z" level=debug msg="Registering POST, /images/{name:.*}/push"
time="2026-09-14T18:58:35.580415210Z" level=debug msg="Registering POST, /images/{name:.*}/tag"
time="2026-09-14T18:58:35.580444501Z" level=debug msg="Registering POST, /images/prune"
time="2026-09-14T18:58:35.580472347Z" level=debug msg="Registering DELETE, /images/{name:.*}"
time="2026-09-14T18:58:35.580508875Z" level=debug msg="Registering OPTIONS, /{anyroute:.*}"
time="2026-09-14T18:58:35.580535112Z" level=debug msg="Registering GET, /_ping"
time="2026-09-14T18:58:35.580556154Z" level=debug msg="Registering HEAD, /_ping"
time="2026-09-14T18:58:35.580577573Z" level=debug msg="Registering GET, /events"
time="2026-09-14T18:58:35.580597721Z" level=debug msg="Registering GET, /info"
time="2026-09-14T18:58:35.580616959Z" level=debug msg="Registering GET, /version"
time="2026-09-14T18:58:35.580639042Z" level=debug msg="Registering GET, /system/df"
time="2026-09-14T18:58:35.580663703Z" level=debug msg="Registering POST, /auth"
time="2026-09-14T18:58:35.580679713Z" level=debug msg="Registering GET, /volumes"
time="2026-09-14T18:58:35.580705679Z" level=debug msg="Registering GET, /volumes/{name:.*}"
time="2026-09-14T18:58:35.580739440Z" level=debug msg="Registering POST, /volumes/create"
time="2026-09-14T18:58:35.580764602Z" level=debug msg="Registering POST, /volumes/prune"
time="2026-09-14T18:58:35.580796874Z" level=debug msg="Registering PUT, /volumes/{name:.*}"
time="2026-09-14T18:58:35.580827540Z" level=debug msg="Registering DELETE, /volumes/{name:.*}"
time="2026-09-14T18:58:35.580861528Z" level=debug msg="Registering POST, /build"
time="2026-09-14T18:58:35.580886977Z" level=debug msg="Registering POST, /build/prune"
time="2026-09-14T18:58:35.580909482Z" level=debug msg="Registering POST, /build/cancel"
time="2026-09-14T18:58:35.580930016Z" level=debug msg="Registering POST, /session"
time="2026-09-14T18:58:35.580954566Z" level=debug msg="Registering POST, /swarm/init"
time="2026-09-14T18:58:35.580972970Z" level=debug msg="Registering POST, /swarm/join"
time="2026-09-14T18:58:35.580997926Z" level=debug msg="Registering POST, /swarm/leave"
time="2026-09-14T18:58:35.581024624Z" level=debug msg="Registering GET, /swarm"
time="2026-09-14T18:58:35.581038059Z" level=debug msg="Registering GET, /swarm/unlockkey"
time="2026-09-14T18:58:35.581062333Z" level=debug msg="Registering POST, /swarm/update"
time="2026-09-14T18:58:35.581086310Z" level=debug msg="Registering POST, /swarm/unlock"
time="2026-09-14T18:58:35.581105209Z" level=debug msg="Registering GET, /services"
time="2026-09-14T18:58:35.581129175Z" level=debug msg="Registering GET, /services/{id}"
time="2026-09-14T18:58:35.581165192Z" level=debug msg="Registering POST, /services/create"
time="2026-09-14T18:58:35.581216642Z" level=debug msg="Registering POST, /services/{id}/update"
time="2026-09-14T18:58:35.581266436Z" level=debug msg="Registering DELETE, /services/{id}"
time="2026-09-14T18:58:35.581312814Z" level=debug msg="Registering GET, /services/{id}/logs"
time="2026-09-14T18:58:35.581343354Z" level=debug msg="Registering GET, /nodes"
time="2026-09-14T18:58:35.581362485Z" level=debug msg="Registering GET, /nodes/{id}"
time="2026-09-14T18:58:35.581397162Z" level=debug msg="Registering DELETE, /nodes/{id}"
time="2026-09-14T18:58:35.581434063Z" level=debug msg="Registering POST, /nodes/{id}/update"
time="2026-09-14T18:58:35.581484250Z" level=debug msg="Registering GET, /tasks"
time="2026-09-14T18:58:35.581512820Z" level=debug msg="Registering GET, /tasks/{id}"
time="2026-09-14T18:58:35.581539504Z" level=debug msg="Registering GET, /tasks/{id}/logs"
time="2026-09-14T18:58:35.581574405Z" level=debug msg="Registering GET, /secrets"
time="2026-09-14T18:58:35.581597244Z" level=debug msg="Registering POST, /secrets/create"
time="2026-09-14T18:58:35.581618361Z" level=debug msg="Registering DELETE, /secrets/{id}"
time="2026-09-14T18:58:35.581655161Z" level=debug msg="Registering GET, /secrets/{id}"
time="2026-09-14T18:58:35.582019836Z" level=debug msg="Registering POST, /secrets/{id}/update"
time="2026-09-14T18:58:35.582120275Z" level=debug msg="Registering GET, /configs"
time="2026-09-14T18:58:35.582165564Z" level=debug msg="Registering POST, /configs/create"
time="2026-09-14T18:58:35.582226735Z" level=debug msg="Registering DELETE, /configs/{id}"
time="2026-09-14T18:58:35.582291124Z" level=debug msg="Registering GET, /configs/{id}"
time="2026-09-14T18:58:35.582349974Z" level=debug msg="Registering POST, /configs/{id}/update"
time="2026-09-14T18:58:35.582452959Z" level=debug msg="Registering GET, /plugins"
time="2026-09-14T18:58:35.582547128Z" level=debug msg="Registering GET, /plugins/{name:.*}/json"
time="2026-09-14T18:58:35.582624915Z" level=debug msg="Registering GET, /plugins/privileges"
time="2026-09-14T18:58:35.582669649Z" level=debug msg="Registering DELETE, /plugins/{name:.*}"
time="2026-09-14T18:58:35.582857674Z" level=debug msg="Registering POST, /plugins/{name:.*}/enable"
time="2026-09-14T18:58:35.582897129Z" level=debug msg="Registering POST, /plugins/{name:.*}/disable"
time="2026-09-14T18:58:35.582929863Z" level=debug msg="Registering POST, /plugins/pull"
time="2026-09-14T18:58:35.582961758Z" level=debug msg="Registering POST, /plugins/{name:.*}/push"
time="2026-09-14T18:58:35.582991628Z" level=debug msg="Registering POST, /plugins/{name:.*}/upgrade"
time="2026-09-14T18:58:35.583032820Z" level=debug msg="Registering POST, /plugins/{name:.*}/set"
time="2026-09-14T18:58:35.583066830Z" level=debug msg="Registering POST, /plugins/create"
time="2026-09-14T18:58:35.583090380Z" level=debug msg="Registering GET, /distribution/{name:.*}/json"
time="2026-09-14T18:58:35.583129440Z" level=debug msg="Registering POST, /grpc"
time="2026-09-14T18:58:35.583150127Z" level=debug msg="Registering GET, /networks"
time="2026-09-14T18:58:35.583171517Z" level=debug msg="Registering GET, /networks/"
time="2026-09-14T18:58:35.583200128Z" level=debug msg="Registering GET, /networks/{id:.+}"
time="2026-09-14T18:58:35.583237461Z" level=debug msg="Registering POST, /networks/create"
time="2026-09-14T18:58:35.583268258Z" level=debug msg="Registering POST, /networks/{id:.*}/connect"
time="2026-09-14T18:58:35.583296989Z" level=debug msg="Registering POST, /networks/{id:.*}/disconnect"
time="2026-09-14T18:58:35.583326720Z" level=debug msg="Registering POST, /networks/prune"
time="2026-09-14T18:58:35.583352153Z" level=debug msg="Registering DELETE, /networks/{id:.*}"
time="2026-09-14T18:58:35.583515503Z" level=info msg="API listen on /run/book1102-d24full.sock"
time="2026-09-14T18:58:35.600737943Z" level=debug msg="Calling HEAD /_ping"
time="2026-09-14T18:58:35.600935859Z" level=debug msg="Calling GET /v1.43/info"
time="2026-09-14T18:58:36.254628381Z" level=debug msg="Calling HEAD /_ping"
time="2026-09-14T18:58:36.254851881Z" level=debug msg="Calling POST /v1.43/images/load?quiet=1"
time="2026-09-14T18:58:36.345019780Z" level=debug msg="Applying tar in /home/ubuntu/ai-infra-book-experiments/ch11/11-02/docker-lifecycle/isolated-daemon/docker24-full/data/overlay2/ef60f2b75293064f340b14db2748f0be05d0a861574e4039fa638934380e1e73/diff" storage-driver=overlay2
time="2026-09-14T18:58:36.828735249Z" level=debug msg="Applied tar sha256:6f94328331290cbd81edab450664d42da7b64c191416c9346cd5d28c84f76035 to ef60f2b75293064f340b14db2748f0be05d0a861574e4039fa638934380e1e73, size: 78621580"
time="2026-09-14T18:58:36.862252817Z" level=debug msg="Applying tar in /home/ubuntu/ai-infra-book-experiments/ch11/11-02/docker-lifecycle/isolated-daemon/docker24-full/data/overlay2/3f6244461af29ae06ae4f7eaea6b16fa42ded79f10cf62796ba8232d7b235fa2/diff" storage-driver=overlay2
time="2026-09-14T18:58:36.898530267Z" level=debug msg="Applied tar sha256:275f0a9e4758b8a31c628ab748d8184bd103fb27ec8aeff6b588003a3056d082 to 3f6244461af29ae06ae4f7eaea6b16fa42ded79f10cf62796ba8232d7b235fa2, size: 3811541"
time="2026-09-14T18:58:36.926008165Z" level=debug msg="Applying tar in /home/ubuntu/ai-infra-book-experiments/ch11/11-02/docker-lifecycle/isolated-daemon/docker24-full/data/overlay2/34c7f73c2f33e67e81d746e17e174ced633668a70b942a9646274b8c99d7644a/diff" storage-driver=overlay2
time="2026-09-14T18:58:37.226548396Z" level=debug msg="Applied tar sha256:3d7dddf62be3a47f3c072a9dc069ac228beea659375d9fff022792deaaf08d61 to 34c7f73c2f33e67e81d746e17e174ced633668a70b942a9646274b8c99d7644a, size: 42415046"
time="2026-09-14T18:58:37.259750127Z" level=debug msg="Applying tar in /home/ubuntu/ai-infra-book-experiments/ch11/11-02/docker-lifecycle/isolated-daemon/docker24-full/data/overlay2/941622c010374362a28a359e773d59765e39d7cbc29e2b52fb115605f62dc125/diff" storage-driver=overlay2
time="2026-09-14T18:58:37.262655990Z" level=debug msg="Applied tar sha256:1a8800d1b976e9a254659bbce8213f99d55639c12cc4d2ebecafe95a163797c5 to 941622c010374362a28a359e773d59765e39d7cbc29e2b52fb115605f62dc125, size: 36"
time="2026-09-14T18:58:37.352250411Z" level=debug msg="Calling HEAD /_ping"
time="2026-09-14T18:58:37.352575999Z" level=debug msg="Calling GET /v1.43/images/python:3.11-slim/json"
time="2026-09-14T18:58:37.363139759Z" level=debug msg="Calling HEAD /_ping"
time="2026-09-14T18:58:37.363807301Z" level=debug msg="Calling POST /v1.43/containers/create?name=book1102-probe-a430764d8a"
time="2026-09-14T18:58:37.363958657Z" level=debug msg="form data: {\"AttachStderr\":true,\"AttachStdin\":false,\"AttachStdout\":true,\"Cmd\":[\"python\",\"-u\",\"-c\",\"import time,uuid; print(uuid.uuid4().hex,flush=True); time.sleep(3600)\"],\"Domainname\":\"\",\"Entrypoint\":null,\"Env\":null,\"HostConfig\":{\"AutoRemove\":false,\"Binds\":null,\"BlkioDeviceReadBps\":[],\"BlkioDeviceReadIOps\":[],\"BlkioDeviceWriteBps\":[],\"BlkioDeviceWriteIOps\":[],\"BlkioWeight\":0,\"BlkioWeightDevice\":[],\"CapAdd\":null,\"CapDrop\":null,\"Cgroup\":\"\",\"CgroupParent\":\"\",\"CgroupnsMode\":\"\",\"ConsoleSize\":[0,0],\"ContainerIDFile\":\"\",\"CpuCount\":0,\"CpuPercent\":0,\"CpuPeriod\":0,\"CpuQuota\":0,\"CpuRealtimePeriod\":0,\"CpuRealtimeRuntime\":0,\"CpuShares\":0,\"CpusetCpus\":\"\",\"CpusetMems\":\"\",\"DeviceCgroupRules\":null,\"DeviceRequests\":null,\"Devices\":[],\"Dns\":[],\"DnsOptions\":[],\"DnsSearch\":[],\"ExtraHosts\":null,\"GroupAdd\":null,\"IOMaximumBandwidth\":0,\"IOMaximumIOps\":0,\"IpcMode\":\"\",\"Isolation\":\"\",\"Links\":null,\"LogConfig\":{\"Config\":{},\"Type\":\"\"},\"MaskedPaths\":null,\"Memory\":134217728,\"MemoryReservation\":0,\"MemorySwap\":0,\"MemorySwappiness\":-1,\"NanoCpus\":1000000000,\"NetworkMode\":\"host\",\"OomKillDisable\":false,\"OomScoreAdj\":0,\"PidMode\":\"\",\"PidsLimit\":0,\"PortBindings\":{},\"Privileged\":false,\"PublishAllPorts\":false,\"ReadonlyPaths\":null,\"ReadonlyRootfs\":false,\"RestartPolicy\":{\"MaximumRetryCount\":0,\"Name\":\"no\"},\"SecurityOpt\":null,\"ShmSize\":0,\"UTSMode\":\"\",\"Ulimits\":null,\"UsernsMode\":\"\",\"VolumeDriver\":\"\",\"VolumesFrom\":null},\"Hostname\":\"\",\"Image\":\"sha256:002792ac193538382f4aa5b2f696e5669c20e3c972e60d75e6df90d64d4e696e\",\"Labels\":{\"book.experiment\":\"restore-probe\"},\"NetworkingConfig\":{\"EndpointsConfig\":{}},\"OnBuild\":null,\"OpenStdin\":false,\"StdinOnce\":false,\"Tty\":false,\"User\":\"\",\"Volumes\":{},\"WorkingDir\":\"\"}"
time="2026-09-14T18:58:37.700079018Z" level=debug msg="container mounted via layerStore: /home/ubuntu/ai-infra-book-experiments/ch11/11-02/docker-lifecycle/isolated-daemon/docker24-full/data/overlay2/b47eae78873899a1bd887fe6245cd6ff7a3cde722f154163243bf5630bff1d0b/merged" container=2f6a232ddc29997420811a3ccf2c1c4ebdf560296bc2b3330ccac7fa38942763
time="2026-09-14T18:58:37.723696317Z" level=debug msg="Calling HEAD /_ping"
time="2026-09-14T18:58:37.723987601Z" level=debug msg="Calling POST /v1.43/containers/2f6a232ddc29997420811a3ccf2c1c4ebdf560296bc2b3330ccac7fa38942763/start"
time="2026-09-14T18:58:37.724520964Z" level=debug msg="container mounted via layerStore: /home/ubuntu/ai-infra-book-experiments/ch11/11-02/docker-lifecycle/isolated-daemon/docker24-full/data/overlay2/b47eae78873899a1bd887fe6245cd6ff7a3cde722f154163243bf5630bff1d0b/merged" container=2f6a232ddc29997420811a3ccf2c1c4ebdf560296bc2b3330ccac7fa38942763
time="2026-09-14T18:58:37.755536225Z" level=debug msg="EnableService 2f6a232ddc29997420811a3ccf2c1c4ebdf560296bc2b3330ccac7fa38942763 START"
time="2026-09-14T18:58:37.755562212Z" level=debug msg="EnableService 2f6a232ddc29997420811a3ccf2c1c4ebdf560296bc2b3330ccac7fa38942763 DONE"
time="2026-09-14T18:58:37.758967894Z" level=debug msg="createSpec: cgroupsPath: system.slice:docker:2f6a232ddc29997420811a3ccf2c1c4ebdf560296bc2b3330ccac7fa38942763"
time="2026-09-14T18:58:37.759307807Z" level=debug msg="bundle dir created" bundle=/run/book1102-d24full/containerd/2f6a232ddc29997420811a3ccf2c1c4ebdf560296bc2b3330ccac7fa38942763 module=libcontainerd namespace=book1102 root=/home/ubuntu/ai-infra-book-experiments/ch11/11-02/docker-lifecycle/isolated-daemon/docker24-full/data/overlay2/b47eae78873899a1bd887fe6245cd6ff7a3cde722f154163243bf5630bff1d0b/merged
time="2026-09-14T18:58:37.841537006Z" level=debug msg=event module=libcontainerd namespace=book1102 topic=/tasks/create
time="2026-09-14T18:58:37.846919433Z" level=debug msg=event module=libcontainerd namespace=book1102 topic=/tasks/start
time="2026-09-14T18:58:38.365727626Z" level=debug msg="Calling HEAD /_ping"
time="2026-09-14T18:58:38.365999931Z" level=debug msg="Calling GET /v1.43/containers/2f6a232ddc29997420811a3ccf2c1c4ebdf560296bc2b3330ccac7fa38942763/json"
time="2026-09-14T18:58:38.366932144Z" level=debug msg="Calling GET /v1.43/containers/2f6a232ddc29997420811a3ccf2c1c4ebdf560296bc2b3330ccac7fa38942763/logs?stderr=1&stdout=1&tail=all"
time="2026-09-14T18:58:38.366991051Z" level=debug msg="begin logs" container=2f6a232ddc29997420811a3ccf2c1c4ebdf560296bc2b3330ccac7fa38942763 method="(*Daemon).ContainerLogs" module=daemon
time="2026-09-14T18:58:38.367101277Z" level=debug msg="end logs (<nil>)" container=2f6a232ddc29997420811a3ccf2c1c4ebdf560296bc2b3330ccac7fa38942763 method="(*Daemon).ContainerLogs" module=daemon
time="2026-09-14T18:58:38.382175095Z" level=debug msg="Calling HEAD /_ping"
time="2026-09-14T18:58:38.382445437Z" level=debug msg="Calling POST /v1.43/containers/2f6a232ddc29997420811a3ccf2c1c4ebdf560296bc2b3330ccac7fa38942763/checkpoints"
time="2026-09-14T18:58:38.382515280Z" level=debug msg="form data: {\"CheckpointDir\":\"\",\"CheckpointID\":\"probe\",\"Exit\":true}"
time="2026-09-14T18:58:38.394564074Z" level=debug msg=event module=libcontainerd namespace=book1102 topic=/tasks/paused
time="2026-09-14T18:58:38.469663520Z" level=debug msg=event module=libcontainerd namespace=book1102 topic=/tasks/exit
time="2026-09-14T18:58:38.474273569Z" level=debug msg=event module=libcontainerd namespace=book1102 topic=/tasks/delete
time="2026-09-14T18:58:38.474333822Z" level=info msg="ignoring event" container=2f6a232ddc29997420811a3ccf2c1c4ebdf560296bc2b3330ccac7fa38942763 module=libcontainerd namespace=book1102 topic=/tasks/delete type="*events.TaskDelete"
time="2026-09-14T18:58:38.691748386Z" level=debug msg="Calling HEAD /_ping"
time="2026-09-14T18:58:38.692064689Z" level=debug msg="Calling POST /v1.43/containers/2f6a232ddc29997420811a3ccf2c1c4ebdf560296bc2b3330ccac7fa38942763/start?checkpoint=probe"
time="2026-09-14T18:58:38.692626088Z" level=debug msg="container mounted via layerStore: /home/ubuntu/ai-infra-book-experiments/ch11/11-02/docker-lifecycle/isolated-daemon/docker24-full/data/overlay2/b47eae78873899a1bd887fe6245cd6ff7a3cde722f154163243bf5630bff1d0b/merged" container=2f6a232ddc29997420811a3ccf2c1c4ebdf560296bc2b3330ccac7fa38942763
time="2026-09-14T18:58:38.717511259Z" level=debug msg="EnableService 2f6a232ddc29997420811a3ccf2c1c4ebdf560296bc2b3330ccac7fa38942763 START"
time="2026-09-14T18:58:38.717531494Z" level=debug msg="EnableService 2f6a232ddc29997420811a3ccf2c1c4ebdf560296bc2b3330ccac7fa38942763 DONE"
time="2026-09-14T18:58:38.721773118Z" level=debug msg="createSpec: cgroupsPath: system.slice:docker:2f6a232ddc29997420811a3ccf2c1c4ebdf560296bc2b3330ccac7fa38942763"
time="2026-09-14T18:58:38.722028800Z" level=debug msg="bundle dir created" bundle=/run/book1102-d24full/containerd/2f6a232ddc29997420811a3ccf2c1c4ebdf560296bc2b3330ccac7fa38942763 module=libcontainerd namespace=book1102 root=/home/ubuntu/ai-infra-book-experiments/ch11/11-02/docker-lifecycle/isolated-daemon/docker24-full/data/overlay2/b47eae78873899a1bd887fe6245cd6ff7a3cde722f154163243bf5630bff1d0b/merged
time="2026-09-14T18:58:38.736917134Z" level=debug msg="Using single walk diff for /home/ubuntu/ai-infra-book-experiments/ch11/11-02/docker-lifecycle/isolated-daemon/docker24-full/data/containers/2f6a232ddc29997420811a3ccf2c1c4ebdf560296bc2b3330ccac7fa38942763/checkpoints/probe"
time="2026-09-14T18:58:38.822342749Z" level=error msg="2f6a232ddc29997420811a3ccf2c1c4ebdf560296bc2b3330ccac7fa38942763 cleanup: failed to delete container from containerd: container \"2f6a232ddc29997420811a3ccf2c1c4ebdf560296bc2b3330ccac7fa38942763\" in namespace \"book1102\": not found"
time="2026-09-14T18:58:38.857988940Z" level=error msg="Handler for POST /v1.43/containers/2f6a232ddc29997420811a3ccf2c1c4ebdf560296bc2b3330ccac7fa38942763/start returned error: failed to upload checkpoint to containerd: commit failed: content sha256:26e49aba1d8b2f750349c971be2dab51ac2baf48cd9e69e8b09ed6e0cfb0d436: already exists"
time="2026-09-14T18:58:38.869319480Z" level=debug msg="Calling HEAD /_ping"
time="2026-09-14T18:58:38.869590574Z" level=debug msg="Calling GET /v1.43/containers/2f6a232ddc29997420811a3ccf2c1c4ebdf560296bc2b3330ccac7fa38942763/json"
time="2026-09-14T18:58:38.880506337Z" level=debug msg="Calling HEAD /_ping"
time="2026-09-14T18:58:38.880834751Z" level=debug msg="Calling DELETE /v1.43/containers/2f6a232ddc29997420811a3ccf2c1c4ebdf560296bc2b3330ccac7fa38942763?force=1"
time="2026-09-14T18:58:38.922782041Z" level=debug msg="Calling HEAD /_ping"
time="2026-09-14T18:58:38.926098262Z" level=debug msg="Calling POST /v1.43/containers/create?name=book1102-probe-480216586c"
time="2026-09-14T18:58:38.926307954Z" level=debug msg="form data: {\"AttachStderr\":true,\"AttachStdin\":false,\"AttachStdout\":true,\"Cmd\":[\"python\",\"-u\",\"-c\",\"import time,uuid; print(uuid.uuid4().hex,flush=True); time.sleep(3600)\"],\"Domainname\":\"\",\"Entrypoint\":null,\"Env\":null,\"HostConfig\":{\"AutoRemove\":false,\"Binds\":null,\"BlkioDeviceReadBps\":[],\"BlkioDeviceReadIOps\":[],\"BlkioDeviceWriteBps\":[],\"BlkioDeviceWriteIOps\":[],\"BlkioWeight\":0,\"BlkioWeightDevice\":[],\"CapAdd\":null,\"CapDrop\":null,\"Cgroup\":\"\",\"CgroupParent\":\"\",\"CgroupnsMode\":\"\",\"ConsoleSize\":[0,0],\"ContainerIDFile\":\"\",\"CpuCount\":0,\"CpuPercent\":0,\"CpuPeriod\":0,\"CpuQuota\":0,\"CpuRealtimePeriod\":0,\"CpuRealtimeRuntime\":0,\"CpuShares\":0,\"CpusetCpus\":\"\",\"CpusetMems\":\"\",\"DeviceCgroupRules\":null,\"DeviceRequests\":null,\"Devices\":[],\"Dns\":[],\"DnsOptions\":[],\"DnsSearch\":[],\"ExtraHosts\":null,\"GroupAdd\":null,\"IOMaximumBandwidth\":0,\"IOMaximumIOps\":0,\"IpcMode\":\"\",\"Isolation\":\"\",\"Links\":null,\"LogConfig\":{\"Config\":{},\"Type\":\"\"},\"MaskedPaths\":null,\"Memory\":134217728,\"MemoryReservation\":0,\"MemorySwap\":0,\"MemorySwappiness\":-1,\"NanoCpus\":1000000000,\"NetworkMode\":\"host\",\"OomKillDisable\":false,\"OomScoreAdj\":0,\"PidMode\":\"\",\"PidsLimit\":0,\"PortBindings\":{},\"Privileged\":false,\"PublishAllPorts\":false,\"ReadonlyPaths\":null,\"ReadonlyRootfs\":false,\"RestartPolicy\":{\"MaximumRetryCount\":0,\"Name\":\"no\"},\"SecurityOpt\":[\"seccomp=unconfined\",\"apparmor=unconfined\"],\"ShmSize\":0,\"UTSMode\":\"\",\"Ulimits\":null,\"UsernsMode\":\"\",\"VolumeDriver\":\"\",\"VolumesFrom\":null},\"Hostname\":\"\",\"Image\":\"sha256:002792ac193538382f4aa5b2f696e5669c20e3c972e60d75e6df90d64d4e696e\",\"Labels\":{\"book.experiment\":\"restore-probe\"},\"NetworkingConfig\":{\"EndpointsConfig\":{}},\"OnBuild\":null,\"OpenStdin\":false,\"StdinOnce\":false,\"Tty\":false,\"User\":\"\",\"Volumes\":{},\"WorkingDir\":\"\"}"
time="2026-09-14T18:58:38.958593037Z" level=debug msg="container mounted via layerStore: /home/ubuntu/ai-infra-book-experiments/ch11/11-02/docker-lifecycle/isolated-daemon/docker24-full/data/overlay2/acabf116c0cdcc1a6414da38fe48ccac7f76df87dd95a65ca13a3741eadb38c0/merged" container=5c426ae80a39f643a5f410c32ecc575553783edda3b978b1e08d11b3520331dc
time="2026-09-14T18:58:38.989291281Z" level=debug msg="Calling HEAD /_ping"
time="2026-09-14T18:58:38.989587263Z" level=debug msg="Calling POST /v1.43/containers/5c426ae80a39f643a5f410c32ecc575553783edda3b978b1e08d11b3520331dc/start"
time="2026-09-14T18:58:38.990108438Z" level=debug msg="container mounted via layerStore: /home/ubuntu/ai-infra-book-experiments/ch11/11-02/docker-lifecycle/isolated-daemon/docker24-full/data/overlay2/acabf116c0cdcc1a6414da38fe48ccac7f76df87dd95a65ca13a3741eadb38c0/merged" container=5c426ae80a39f643a5f410c32ecc575553783edda3b978b1e08d11b3520331dc
time="2026-09-14T18:58:39.017977025Z" level=debug msg="EnableService 5c426ae80a39f643a5f410c32ecc575553783edda3b978b1e08d11b3520331dc START"
time="2026-09-14T18:58:39.018011448Z" level=debug msg="EnableService 5c426ae80a39f643a5f410c32ecc575553783edda3b978b1e08d11b3520331dc DONE"
time="2026-09-14T18:58:39.022271752Z" level=debug msg="createSpec: cgroupsPath: system.slice:docker:5c426ae80a39f643a5f410c32ecc575553783edda3b978b1e08d11b3520331dc"
time="2026-09-14T18:58:39.022518712Z" level=debug msg="bundle dir created" bundle=/run/book1102-d24full/containerd/5c426ae80a39f643a5f410c32ecc575553783edda3b978b1e08d11b3520331dc module=libcontainerd namespace=book1102 root=/home/ubuntu/ai-infra-book-experiments/ch11/11-02/docker-lifecycle/isolated-daemon/docker24-full/data/overlay2/acabf116c0cdcc1a6414da38fe48ccac7f76df87dd95a65ca13a3741eadb38c0/merged
time="2026-09-14T18:58:39.107954219Z" level=debug msg=event module=libcontainerd namespace=book1102 topic=/tasks/create
time="2026-09-14T18:58:39.113264026Z" level=debug msg=event module=libcontainerd namespace=book1102 topic=/tasks/start
time="2026-09-14T18:58:39.639688867Z" level=debug msg="Calling HEAD /_ping"
time="2026-09-14T18:58:39.639956127Z" level=debug msg="Calling GET /v1.43/containers/5c426ae80a39f643a5f410c32ecc575553783edda3b978b1e08d11b3520331dc/json"
time="2026-09-14T18:58:39.640845412Z" level=debug msg="Calling GET /v1.43/containers/5c426ae80a39f643a5f410c32ecc575553783edda3b978b1e08d11b3520331dc/logs?stderr=1&stdout=1&tail=all"
time="2026-09-14T18:58:39.640914996Z" level=debug msg="begin logs" container=5c426ae80a39f643a5f410c32ecc575553783edda3b978b1e08d11b3520331dc method="(*Daemon).ContainerLogs" module=daemon
time="2026-09-14T18:58:39.640986109Z" level=debug msg="end logs (<nil>)" container=5c426ae80a39f643a5f410c32ecc575553783edda3b978b1e08d11b3520331dc method="(*Daemon).ContainerLogs" module=daemon
time="2026-09-14T18:58:39.659250122Z" level=debug msg="Calling HEAD /_ping"
time="2026-09-14T18:58:39.659530015Z" level=debug msg="Calling POST /v1.43/containers/5c426ae80a39f643a5f410c32ecc575553783edda3b978b1e08d11b3520331dc/checkpoints"
time="2026-09-14T18:58:39.659581072Z" level=debug msg="form data: {\"CheckpointDir\":\"\",\"CheckpointID\":\"probe\",\"Exit\":true}"
time="2026-09-14T18:58:39.672670032Z" level=debug msg=event module=libcontainerd namespace=book1102 topic=/tasks/paused
time="2026-09-14T18:58:39.782415016Z" level=debug msg=event module=libcontainerd namespace=book1102 topic=/tasks/exit
time="2026-09-14T18:58:39.787238140Z" level=debug msg=event module=libcontainerd namespace=book1102 topic=/tasks/delete
time="2026-09-14T18:58:39.787274664Z" level=info msg="ignoring event" container=5c426ae80a39f643a5f410c32ecc575553783edda3b978b1e08d11b3520331dc module=libcontainerd namespace=book1102 topic=/tasks/delete type="*events.TaskDelete"
time="2026-09-14T18:58:40.033379613Z" level=debug msg="Calling HEAD /_ping"
time="2026-09-14T18:58:40.033743124Z" level=debug msg="Calling POST /v1.43/containers/5c426ae80a39f643a5f410c32ecc575553783edda3b978b1e08d11b3520331dc/start?checkpoint=probe"
time="2026-09-14T18:58:40.034306353Z" level=debug msg="container mounted via layerStore: /home/ubuntu/ai-infra-book-experiments/ch11/11-02/docker-lifecycle/isolated-daemon/docker24-full/data/overlay2/acabf116c0cdcc1a6414da38fe48ccac7f76df87dd95a65ca13a3741eadb38c0/merged" container=5c426ae80a39f643a5f410c32ecc575553783edda3b978b1e08d11b3520331dc
time="2026-09-14T18:58:40.059889159Z" level=debug msg="EnableService 5c426ae80a39f643a5f410c32ecc575553783edda3b978b1e08d11b3520331dc START"
time="2026-09-14T18:58:40.059922056Z" level=debug msg="EnableService 5c426ae80a39f643a5f410c32ecc575553783edda3b978b1e08d11b3520331dc DONE"
time="2026-09-14T18:58:40.064599037Z" level=debug msg="createSpec: cgroupsPath: system.slice:docker:5c426ae80a39f643a5f410c32ecc575553783edda3b978b1e08d11b3520331dc"
time="2026-09-14T18:58:40.064794181Z" level=debug msg="bundle dir created" bundle=/run/book1102-d24full/containerd/5c426ae80a39f643a5f410c32ecc575553783edda3b978b1e08d11b3520331dc module=libcontainerd namespace=book1102 root=/home/ubuntu/ai-infra-book-experiments/ch11/11-02/docker-lifecycle/isolated-daemon/docker24-full/data/overlay2/acabf116c0cdcc1a6414da38fe48ccac7f76df87dd95a65ca13a3741eadb38c0/merged
time="2026-09-14T18:58:40.082147296Z" level=debug msg="Using single walk diff for /home/ubuntu/ai-infra-book-experiments/ch11/11-02/docker-lifecycle/isolated-daemon/docker24-full/data/containers/5c426ae80a39f643a5f410c32ecc575553783edda3b978b1e08d11b3520331dc/checkpoints/probe"
time="2026-09-14T18:58:40.185290658Z" level=error msg="5c426ae80a39f643a5f410c32ecc575553783edda3b978b1e08d11b3520331dc cleanup: failed to delete container from containerd: container \"5c426ae80a39f643a5f410c32ecc575553783edda3b978b1e08d11b3520331dc\" in namespace \"book1102\": not found"
time="2026-09-14T18:58:40.222478428Z" level=error msg="Handler for POST /v1.43/containers/5c426ae80a39f643a5f410c32ecc575553783edda3b978b1e08d11b3520331dc/start returned error: failed to upload checkpoint to containerd: commit failed: content sha256:0d842d74bf7193556b744a558acc4a9bc77f27c83c9caedd73620bd995166d21: already exists"
time="2026-09-14T18:58:40.239450836Z" level=debug msg="Calling HEAD /_ping"
time="2026-09-14T18:58:40.239730233Z" level=debug msg="Calling GET /v1.43/containers/5c426ae80a39f643a5f410c32ecc575553783edda3b978b1e08d11b3520331dc/json"
time="2026-09-14T18:58:40.255185830Z" level=debug msg="Calling HEAD /_ping"
time="2026-09-14T18:58:40.255568485Z" level=debug msg="Calling DELETE /v1.43/containers/5c426ae80a39f643a5f410c32ecc575553783edda3b978b1e08d11b3520331dc?force=1"
time="2026-09-14T18:58:40.275666622Z" level=info msg="Processing signal 'terminated'"
time="2026-09-14T18:58:40.275819922Z" level=debug msg="daemon configured with a 15 seconds minimum shutdown timeout"
time="2026-09-14T18:58:40.275840054Z" level=debug msg="start clean shutdown of all containers with a 15 seconds timeout..."
time="2026-09-14T18:58:40.276750389Z" level=debug msg="Unix socket /run/book1102-d24full/libnetwork/a1f470d15883.sock doesn't exist. cannot accept client connections"
time="2026-09-14T18:58:40.276821709Z" level=debug msg="Cleaning up old mountid : start."
time="2026-09-14T18:58:40.277179821Z" level=debug msg="Cleaning up old mountid : done."
time="2026-09-14T18:58:40.277545954Z" level=info msg="stopping event stream following graceful shutdown" error="<nil>" module=libcontainerd namespace=book1102
time="2026-09-14T18:58:40.277634427Z" level=debug msg="Clean shutdown succeeded"
time="2026-09-14T18:58:40.277644452Z" level=info msg="Daemon shutdown complete"
time="2026-09-14T18:58:40.277713559Z" level=info msg="stopping event stream following graceful shutdown" error="context canceled" module=libcontainerd namespace=plugins.moby
