=== RUN   TestBookAudioReplay
=== RUN   TestBookAudioReplay/cancel-false/round-0-pool-true-baseline
=== RUN   TestBookAudioReplay/cancel-false/round-0-pool-true-queqiao
=== RUN   TestBookAudioReplay/cancel-false/round-1-pool-false-baseline
=== RUN   TestBookAudioReplay/cancel-false/round-1-pool-false-queqiao
=== RUN   TestBookAudioReplay/cancel-false/round-2-pool-false-baseline
=== RUN   TestBookAudioReplay/cancel-false/round-2-pool-false-queqiao
=== RUN   TestBookAudioReplay/cancel-false/round-3-pool-true-baseline
=== RUN   TestBookAudioReplay/cancel-false/round-3-pool-true-queqiao
=== RUN   TestBookAudioReplay/cancel-true/round-0-pool-true-baseline
=== RUN   TestBookAudioReplay/cancel-true/round-0-pool-true-queqiao
=== RUN   TestBookAudioReplay/cancel-true/round-1-pool-false-baseline
=== RUN   TestBookAudioReplay/cancel-true/round-1-pool-false-queqiao
=== RUN   TestBookAudioReplay/cancel-true/round-2-pool-false-baseline
=== RUN   TestBookAudioReplay/cancel-true/round-2-pool-false-queqiao
=== RUN   TestBookAudioReplay/cancel-true/round-3-pool-true-baseline
=== RUN   TestBookAudioReplay/cancel-true/round-3-pool-true-queqiao
--- PASS: TestBookAudioReplay (140.03s)
    --- PASS: TestBookAudioReplay/cancel-false/round-0-pool-true-baseline (13.85s)
    --- PASS: TestBookAudioReplay/cancel-false/round-0-pool-true-queqiao (16.92s)
    --- PASS: TestBookAudioReplay/cancel-false/round-1-pool-false-baseline (13.85s)
    --- PASS: TestBookAudioReplay/cancel-false/round-1-pool-false-queqiao (17.02s)
    --- PASS: TestBookAudioReplay/cancel-false/round-2-pool-false-baseline (13.84s)
    --- PASS: TestBookAudioReplay/cancel-false/round-2-pool-false-queqiao (17.02s)
    --- PASS: TestBookAudioReplay/cancel-false/round-3-pool-true-baseline (13.84s)
    --- PASS: TestBookAudioReplay/cancel-false/round-3-pool-true-queqiao (16.94s)
    --- PASS: TestBookAudioReplay/cancel-true/round-0-pool-true-baseline (0.34s)
    --- PASS: TestBookAudioReplay/cancel-true/round-0-pool-true-queqiao (3.50s)
    --- PASS: TestBookAudioReplay/cancel-true/round-1-pool-false-baseline (0.34s)
    --- PASS: TestBookAudioReplay/cancel-true/round-1-pool-false-queqiao (3.67s)
    --- PASS: TestBookAudioReplay/cancel-true/round-2-pool-false-baseline (0.44s)
    --- PASS: TestBookAudioReplay/cancel-true/round-2-pool-false-queqiao (4.14s)
    --- PASS: TestBookAudioReplay/cancel-true/round-3-pool-true-baseline (0.40s)
    --- PASS: TestBookAudioReplay/cancel-true/round-3-pool-true-queqiao (3.87s)
PASS
