time="2026-09-14T18:55:07.622802516Z" level=info msg="Starting up"
time="2026-09-14T18:55:07.623653922Z" level=warning msg="Running with experimental features enabled"
time="2026-09-14T18:55:07.623840422Z" level=debug msg="Listener created for HTTP on unix (/run/book1102-iso2.sock)"
time="2026-09-14T18:55:07.623972734Z" level=info msg="OTEL tracing is not configured, using no-op tracer provider"
time="2026-09-14T18:55:07.626528322Z" level=info msg="CDI directory does not exist, skipping: failed to monitor for changes: no such file or directory" dir=/etc/cdi
time="2026-09-14T18:55:07.626668672Z" level=info msg="detected 127.0.0.53 nameserver, assuming systemd-resolved, so using resolv.conf: /run/systemd/resolve/resolv.conf"
time="2026-09-14T18:55:07.640070385Z" level=debug msg="Golang's threads limit set to 1387350"
time="2026-09-14T18:55:07.640478708Z" level=info msg="Creating a containerd client" address=/run/containerd/containerd.sock timeout=1m0s
time="2026-09-14T18:55:07.640512049Z" level=debug msg="metrics API listening on /run/book1102-iso2/metrics.sock"
time="2026-09-14T18:55:07.640842253Z" level=debug msg="Using default logging driver json-file"
time="2026-09-14T18:55:07.640944034Z" level=debug msg="No quota support for local volumes in /home/ubuntu/ai-infra-book-experiments/ch11/11-02/docker-lifecycle/isolated-daemon/attempt2/data/volumes: Filesystem does not support, or has not enabled quotas"
time="2026-09-14T18:55:07.641595806Z" level=debug msg="processing event stream" module=libcontainerd namespace=plugins.moby
time="2026-09-14T18:55:07.724644264Z" level=debug msg="[graphdriver] priority list: [overlay2 fuse-overlayfs btrfs zfs vfs]"
time="2026-09-14T18:55:07.752976498Z" level=debug msg="successfully detected metacopy status" storage-driver=overlay2 usingMetacopy=false
time="2026-09-14T18:55:07.759847274Z" level=debug msg="backingFs=extfs, projectQuotaSupported=false, usingMetacopy=false, indexOff=\"index=off,\", userxattr=\"\"" storage-driver=overlay2
time="2026-09-14T18:55:07.759887289Z" level=debug msg="Initialized graph driver overlay2"
time="2026-09-14T18:55:07.767273121Z" level=debug msg="Max Concurrent Downloads: 3"
time="2026-09-14T18:55:07.767300739Z" level=debug msg="Max Concurrent Uploads: 5"
time="2026-09-14T18:55:07.767306895Z" level=debug msg="Max Download Attempts: 5"
time="2026-09-14T18:55:07.767335454Z" level=info msg="Loading containers: start."
time="2026-09-14T18:55:07.767375648Z" level=debug msg="Option DefaultDriver: bridge"
time="2026-09-14T18:55:07.767382359Z" level=debug msg="Option DefaultNetwork: bridge"
time="2026-09-14T18:55:07.767387268Z" level=debug msg="Network Control Plane MTU: 1500"
time="2026-09-14T18:55:07.768010359Z" level=debug msg="processing event stream" module=libcontainerd namespace=book1102
time="2026-09-14T18:55:07.771629028Z" level=debug msg="Modules already loaded" modules="[nf_conntrack nf_conntrack_netlink]"
time="2026-09-14T18:55:07.979373557Z" level=info msg="Loading containers: done."
time="2026-09-14T18:55:08.003390586Z" level=info msg="Docker daemon" commit=89c5e8f containerd-snapshotter=false storage-driver=overlay2 version=28.5.2
time="2026-09-14T18:55:08.003540340Z" level=info msg="Initializing buildkit"
time="2026-09-14T18:55:08.082346027Z" level=info msg="Completed buildkit initialization"
time="2026-09-14T18:55:08.082638632Z" level=debug msg="Registering routers"
time="2026-09-14T18:55:08.082674799Z" level=debug msg="Registering route" method=GET path="/containers/{name:.*}/checkpoints"
time="2026-09-14T18:55:08.082751637Z" level=debug msg="Registering route" method=POST path="/containers/{name:.*}/checkpoints"
time="2026-09-14T18:55:08.082785619Z" level=debug msg="Registering route" method=DELETE path="/containers/{name}/checkpoints/{checkpoint}"
time="2026-09-14T18:55:08.082838959Z" level=debug msg="Registering route" method=HEAD path="/containers/{name:.*}/archive"
time="2026-09-14T18:55:08.082871782Z" level=debug msg="Registering route" method=GET path=/containers/json
time="2026-09-14T18:55:08.082896287Z" level=debug msg="Registering route" method=GET path="/containers/{name:.*}/export"
time="2026-09-14T18:55:08.082942680Z" level=debug msg="Registering route" method=GET path="/containers/{name:.*}/changes"
time="2026-09-14T18:55:08.082976248Z" level=debug msg="Registering route" method=GET path="/containers/{name:.*}/json"
time="2026-09-14T18:55:08.083002862Z" level=debug msg="Registering route" method=GET path="/containers/{name:.*}/top"
time="2026-09-14T18:55:08.083027541Z" level=debug msg="Registering route" method=GET path="/containers/{name:.*}/logs"
time="2026-09-14T18:55:08.083055332Z" level=debug msg="Registering route" method=GET path="/containers/{name:.*}/stats"
time="2026-09-14T18:55:08.083118964Z" level=debug msg="Registering route" method=GET path="/containers/{name:.*}/attach/ws"
time="2026-09-14T18:55:08.083191757Z" level=debug msg="Registering route" method=GET path="/exec/{id:.*}/json"
time="2026-09-14T18:55:08.083226163Z" level=debug msg="Registering route" method=GET path="/containers/{name:.*}/archive"
time="2026-09-14T18:55:08.083258029Z" level=debug msg="Registering route" method=POST path=/containers/create
time="2026-09-14T18:55:08.083290493Z" level=debug msg="Registering route" method=POST path="/containers/{name:.*}/kill"
time="2026-09-14T18:55:08.083313962Z" level=debug msg="Registering route" method=POST path="/containers/{name:.*}/pause"
time="2026-09-14T18:55:08.083348390Z" level=debug msg="Registering route" method=POST path="/containers/{name:.*}/unpause"
time="2026-09-14T18:55:08.083380176Z" level=debug msg="Registering route" method=POST path="/containers/{name:.*}/restart"
time="2026-09-14T18:55:08.083420570Z" level=debug msg="Registering route" method=POST path="/containers/{name:.*}/start"
time="2026-09-14T18:55:08.083445850Z" level=debug msg="Registering route" method=POST path="/containers/{name:.*}/stop"
time="2026-09-14T18:55:08.083471457Z" level=debug msg="Registering route" method=POST path="/containers/{name:.*}/wait"
time="2026-09-14T18:55:08.083502945Z" level=debug msg="Registering route" method=POST path="/containers/{name:.*}/resize"
time="2026-09-14T18:55:08.083526154Z" level=debug msg="Registering route" method=POST path="/containers/{name:.*}/attach"
time="2026-09-14T18:55:08.083557394Z" level=debug msg="Registering route" method=POST path="/containers/{name:.*}/exec"
time="2026-09-14T18:55:08.083580970Z" level=debug msg="Registering route" method=POST path="/exec/{name:.*}/start"
time="2026-09-14T18:55:08.083606134Z" level=debug msg="Registering route" method=POST path="/exec/{name:.*}/resize"
time="2026-09-14T18:55:08.083643586Z" level=debug msg="Registering route" method=POST path="/containers/{name:.*}/rename"
time="2026-09-14T18:55:08.083673817Z" level=debug msg="Registering route" method=POST path="/containers/{name:.*}/update"
time="2026-09-14T18:55:08.083705187Z" level=debug msg="Registering route" method=POST path=/containers/prune
time="2026-09-14T18:55:08.083735606Z" level=debug msg="Registering route" method=POST path=/commit
time="2026-09-14T18:55:08.083763600Z" level=debug msg="Registering route" method=PUT path="/containers/{name:.*}/archive"
time="2026-09-14T18:55:08.083799965Z" level=debug msg="Registering route" method=DELETE path="/containers/{name:.*}"
time="2026-09-14T18:55:08.083833098Z" level=debug msg="Registering route" method=GET path=/images/json
time="2026-09-14T18:55:08.083856742Z" level=debug msg="Registering route" method=GET path=/images/search
time="2026-09-14T18:55:08.083880861Z" level=debug msg="Registering route" method=GET path=/images/get
time="2026-09-14T18:55:08.083899798Z" level=debug msg="Registering route" method=GET path="/images/{name:.*}/get"
time="2026-09-14T18:55:08.083942608Z" level=debug msg="Registering route" method=GET path="/images/{name:.*}/history"
time="2026-09-14T18:55:08.083977203Z" level=debug msg="Registering route" method=GET path="/images/{name:.*}/json"
time="2026-09-14T18:55:08.084008533Z" level=debug msg="Registering route" method=POST path=/images/load
time="2026-09-14T18:55:08.084025055Z" level=debug msg="Registering route" method=POST path=/images/create
time="2026-09-14T18:55:08.084054324Z" level=debug msg="Registering route" method=POST path="/images/{name:.*}/push"
time="2026-09-14T18:55:08.084084088Z" level=debug msg="Registering route" method=POST path="/images/{name:.*}/tag"
time="2026-09-14T18:55:08.084112871Z" level=debug msg="Registering route" method=POST path=/images/prune
time="2026-09-14T18:55:08.084135438Z" level=debug msg="Registering route" method=DELETE path="/images/{name:.*}"
time="2026-09-14T18:55:08.084165127Z" level=debug msg="Registering route" method=OPTIONS path="/{anyroute:.*}"
time="2026-09-14T18:55:08.084198633Z" level=debug msg="Registering route" method=GET path=/_ping
time="2026-09-14T18:55:08.084221498Z" level=debug msg="Registering route" method=HEAD path=/_ping
time="2026-09-14T18:55:08.084240602Z" level=debug msg="Registering route" method=GET path=/events
time="2026-09-14T18:55:08.084256362Z" level=debug msg="Registering route" method=GET path=/info
time="2026-09-14T18:55:08.084270165Z" level=debug msg="Registering route" method=GET path=/version
time="2026-09-14T18:55:08.084291839Z" level=debug msg="Registering route" method=GET path=/system/df
time="2026-09-14T18:55:08.084314379Z" level=debug msg="Registering route" method=POST path=/auth
time="2026-09-14T18:55:08.084330497Z" level=debug msg="Registering route" method=GET path=/volumes
time="2026-09-14T18:55:08.084351420Z" level=debug msg="Registering route" method=GET path="/volumes/{name:.*}"
time="2026-09-14T18:55:08.084383291Z" level=debug msg="Registering route" method=POST path=/volumes/create
time="2026-09-14T18:55:08.084407563Z" level=debug msg="Registering route" method=POST path=/volumes/prune
time="2026-09-14T18:55:08.084436487Z" level=debug msg="Registering route" method=PUT path="/volumes/{name:.*}"
time="2026-09-14T18:55:08.084465637Z" level=debug msg="Registering route" method=DELETE path="/volumes/{name:.*}"
time="2026-09-14T18:55:08.084494988Z" level=debug msg="Registering route" method=POST path=/build
time="2026-09-14T18:55:08.084510620Z" level=debug msg="Registering route" method=POST path=/build/prune
time="2026-09-14T18:55:08.084525068Z" level=debug msg="Registering route" method=POST path=/build/cancel
time="2026-09-14T18:55:08.087096597Z" level=debug msg="Registering route" method=POST path=/session
time="2026-09-14T18:55:08.087176260Z" level=debug msg="Registering route" method=POST path=/swarm/init
time="2026-09-14T18:55:08.087212318Z" level=debug msg="Registering route" method=POST path=/swarm/join
time="2026-09-14T18:55:08.087257935Z" level=debug msg="Registering route" method=POST path=/swarm/leave
time="2026-09-14T18:55:08.087289787Z" level=debug msg="Registering route" method=GET path=/swarm
time="2026-09-14T18:55:08.087316795Z" level=debug msg="Registering route" method=GET path=/swarm/unlockkey
time="2026-09-14T18:55:08.087351626Z" level=debug msg="Registering route" method=POST path=/swarm/update
time="2026-09-14T18:55:08.087385831Z" level=debug msg="Registering route" method=POST path=/swarm/unlock
time="2026-09-14T18:55:08.087425066Z" level=debug msg="Registering route" method=GET path=/services
time="2026-09-14T18:55:08.087453764Z" level=debug msg="Registering route" method=GET path="/services/{id}"
time="2026-09-14T18:55:08.087511962Z" level=debug msg="Registering route" method=POST path=/services/create
time="2026-09-14T18:55:08.087549832Z" level=debug msg="Registering route" method=POST path="/services/{id}/update"
time="2026-09-14T18:55:08.087607167Z" level=debug msg="Registering route" method=DELETE path="/services/{id}"
time="2026-09-14T18:55:08.087655682Z" level=debug msg="Registering route" method=GET path="/services/{id}/logs"
time="2026-09-14T18:55:08.087713197Z" level=debug msg="Registering route" method=GET path=/nodes
time="2026-09-14T18:55:08.087747034Z" level=debug msg="Registering route" method=GET path="/nodes/{id}"
time="2026-09-14T18:55:08.087786859Z" level=debug msg="Registering route" method=DELETE path="/nodes/{id}"
time="2026-09-14T18:55:08.087825510Z" level=debug msg="Registering route" method=POST path="/nodes/{id}/update"
time="2026-09-14T18:55:08.087885221Z" level=debug msg="Registering route" method=GET path=/tasks
time="2026-09-14T18:55:08.087908565Z" level=debug msg="Registering route" method=GET path="/tasks/{id}"
time="2026-09-14T18:55:08.087949345Z" level=debug msg="Registering route" method=GET path="/tasks/{id}/logs"
time="2026-09-14T18:55:08.088031894Z" level=debug msg="Registering route" method=GET path=/secrets
time="2026-09-14T18:55:08.088061085Z" level=debug msg="Registering route" method=POST path=/secrets/create
time="2026-09-14T18:55:08.088101789Z" level=debug msg="Registering route" method=DELETE path="/secrets/{id}"
time="2026-09-14T18:55:08.088141439Z" level=debug msg="Registering route" method=GET path="/secrets/{id}"
time="2026-09-14T18:55:08.088187763Z" level=debug msg="Registering route" method=POST path="/secrets/{id}/update"
time="2026-09-14T18:55:08.088241582Z" level=debug msg="Registering route" method=GET path=/configs
time="2026-09-14T18:55:08.088273697Z" level=debug msg="Registering route" method=POST path=/configs/create
time="2026-09-14T18:55:08.088315795Z" level=debug msg="Registering route" method=DELETE path="/configs/{id}"
time="2026-09-14T18:55:08.088359779Z" level=debug msg="Registering route" method=GET path="/configs/{id}"
time="2026-09-14T18:55:08.088399689Z" level=debug msg="Registering route" method=POST path="/configs/{id}/update"
time="2026-09-14T18:55:08.088448072Z" level=debug msg="Registering route" method=GET path=/plugins
time="2026-09-14T18:55:08.088479503Z" level=debug msg="Registering route" method=GET path="/plugins/{name:.*}/json"
time="2026-09-14T18:55:08.088520777Z" level=debug msg="Registering route" method=GET path=/plugins/privileges
time="2026-09-14T18:55:08.088563471Z" level=debug msg="Registering route" method=DELETE path="/plugins/{name:.*}"
time="2026-09-14T18:55:08.088615507Z" level=debug msg="Registering route" method=POST path="/plugins/{name:.*}/enable"
time="2026-09-14T18:55:08.089117732Z" level=debug msg="Registering route" method=POST path="/plugins/{name:.*}/disable"
time="2026-09-14T18:55:08.089158072Z" level=debug msg="Registering route" method=POST path=/plugins/pull
time="2026-09-14T18:55:08.089181215Z" level=debug msg="Registering route" method=POST path="/plugins/{name:.*}/push"
time="2026-09-14T18:55:08.089211445Z" level=debug msg="Registering route" method=POST path="/plugins/{name:.*}/upgrade"
time="2026-09-14T18:55:08.089236897Z" level=debug msg="Registering route" method=POST path="/plugins/{name:.*}/set"
time="2026-09-14T18:55:08.089259343Z" level=debug msg="Registering route" method=POST path=/plugins/create
time="2026-09-14T18:55:08.089283594Z" level=debug msg="Registering route" method=GET path="/distribution/{name:.*}/json"
time="2026-09-14T18:55:08.089312613Z" level=debug msg="Registering route" method=GET path=/networks
time="2026-09-14T18:55:08.089330091Z" level=debug msg="Registering route" method=GET path=/networks/
time="2026-09-14T18:55:08.089348882Z" level=debug msg="Registering route" method=GET path="/networks/{id:.+}"
time="2026-09-14T18:55:08.089375073Z" level=debug msg="Registering route" method=POST path=/networks/create
time="2026-09-14T18:55:08.089394338Z" level=debug msg="Registering route" method=POST path="/networks/{id:.*}/connect"
time="2026-09-14T18:55:08.089424191Z" level=debug msg="Registering route" method=POST path="/networks/{id:.*}/disconnect"
time="2026-09-14T18:55:08.089452194Z" level=debug msg="Registering route" method=POST path=/networks/prune
time="2026-09-14T18:55:08.089476741Z" level=debug msg="Registering route" method=DELETE path="/networks/{id:.*}"
time="2026-09-14T18:55:08.089500086Z" level=debug msg="Registering route" method=GET path=/debug/vars
time="2026-09-14T18:55:08.089518737Z" level=debug msg="Registering route" method=GET path=/debug/pprof/
time="2026-09-14T18:55:08.089537930Z" level=debug msg="Registering route" method=GET path=/debug/pprof/cmdline
time="2026-09-14T18:55:08.089558628Z" level=debug msg="Registering route" method=GET path=/debug/pprof/profile
time="2026-09-14T18:55:08.089578699Z" level=debug msg="Registering route" method=GET path=/debug/pprof/symbol
time="2026-09-14T18:55:08.089606959Z" level=debug msg="Registering route" method=GET path=/debug/pprof/trace
time="2026-09-14T18:55:08.089626240Z" level=debug msg="Registering route" method=GET path="/debug/pprof/{name}"
time="2026-09-14T18:55:08.089649343Z" level=debug msg="Registering route" method=POST path=/grpc
time="2026-09-14T18:55:08.089747681Z" level=info msg="Daemon has completed initialization"
time="2026-09-14T18:55:08.089806058Z" level=info msg="API listen on /run/book1102-iso2.sock"
time="2026-09-14T18:55:08.090047548Z" level=debug msg="handling HEAD request" method=HEAD module=api request-url=/_ping vars="map[]"
time="2026-09-14T18:55:08.090400809Z" level=debug msg="handling GET request" method=GET module=api request-url=/v1.51/info vars="map[version:1.51]"
time="2026-09-14T18:55:09.374102831Z" level=debug msg="handling HEAD request" method=HEAD module=api request-url=/_ping vars="map[]"
time="2026-09-14T18:55:09.374394687Z" level=debug msg="handling POST request" method=POST module=api request-url="/v1.51/images/load?quiet=1" vars="map[version:1.51]"
time="2026-09-14T18:55:09.531740305Z" level=debug msg="Applying tar in /home/ubuntu/ai-infra-book-experiments/ch11/11-02/docker-lifecycle/isolated-daemon/attempt2/data/overlay2/bbfdd3e4b5a75761c0aebc697da625721df78646f5b1fdfa4809737b7fbd40da/diff" storage-driver=overlay2
time="2026-09-14T18:55:09.977228989Z" level=debug msg="Applied tar sha256:6f94328331290cbd81edab450664d42da7b64c191416c9346cd5d28c84f76035 to bbfdd3e4b5a75761c0aebc697da625721df78646f5b1fdfa4809737b7fbd40da, size: 78621580"
time="2026-09-14T18:55:10.006586456Z" level=debug msg="Applying tar in /home/ubuntu/ai-infra-book-experiments/ch11/11-02/docker-lifecycle/isolated-daemon/attempt2/data/overlay2/3a689c2175237a1c79668eac6d7ccfee445aefb0201f19976fc42e4c333776cf/diff" storage-driver=overlay2
time="2026-09-14T18:55:10.064064604Z" level=debug msg="Applied tar sha256:275f0a9e4758b8a31c628ab748d8184bd103fb27ec8aeff6b588003a3056d082 to 3a689c2175237a1c79668eac6d7ccfee445aefb0201f19976fc42e4c333776cf, size: 3811541"
time="2026-09-14T18:55:10.091590718Z" level=debug msg="Applying tar in /home/ubuntu/ai-infra-book-experiments/ch11/11-02/docker-lifecycle/isolated-daemon/attempt2/data/overlay2/ff5ef73b11911fabfb375072b6f0eb9f845fdcaa206bbf49c42d950a6debb8dc/diff" storage-driver=overlay2
time="2026-09-14T18:55:10.484071844Z" level=debug msg="Applied tar sha256:3d7dddf62be3a47f3c072a9dc069ac228beea659375d9fff022792deaaf08d61 to ff5ef73b11911fabfb375072b6f0eb9f845fdcaa206bbf49c42d950a6debb8dc, size: 42415046"
time="2026-09-14T18:55:10.521565794Z" level=debug msg="Applying tar in /home/ubuntu/ai-infra-book-experiments/ch11/11-02/docker-lifecycle/isolated-daemon/attempt2/data/overlay2/43027ff4af78efbbbbab4ccc27e45298eb9460741161f2df17bae1915cf9876b/diff" storage-driver=overlay2
time="2026-09-14T18:55:10.523245234Z" level=debug msg="Applied tar sha256:1a8800d1b976e9a254659bbce8213f99d55639c12cc4d2ebecafe95a163797c5 to 43027ff4af78efbbbbab4ccc27e45298eb9460741161f2df17bae1915cf9876b, size: 36"
time="2026-09-14T18:55:10.623619298Z" level=debug msg="handling HEAD request" method=HEAD module=api request-url=/_ping vars="map[]"
time="2026-09-14T18:55:10.624014597Z" level=debug msg="handling GET request" method=GET module=api request-url="/v1.51/images/python:3.11-slim/json" vars="map[name:python:3.11-slim version:1.51]"
time="2026-09-14T18:55:10.645217439Z" level=debug msg="handling HEAD request" method=HEAD module=api request-url=/_ping vars="map[]"
time="2026-09-14T18:55:10.646253671Z" level=debug msg="handling POST request" form-data="{\"AttachStderr\":true,\"AttachStdin\":false,\"AttachStdout\":true,\"Cmd\":[\"python\",\"-u\",\"-c\",\"import time,uuid; print(uuid.uuid4().hex,flush=True); time.sleep(3600)\"],\"Domainname\":\"\",\"Entrypoint\":null,\"Env\":null,\"HostConfig\":{\"AutoRemove\":false,\"Binds\":null,\"BlkioDeviceReadBps\":[],\"BlkioDeviceReadIOps\":[],\"BlkioDeviceWriteBps\":[],\"BlkioDeviceWriteIOps\":[],\"BlkioWeight\":0,\"BlkioWeightDevice\":[],\"CapAdd\":null,\"CapDrop\":null,\"Cgroup\":\"\",\"CgroupParent\":\"\",\"CgroupnsMode\":\"\",\"ConsoleSize\":[0,0],\"ContainerIDFile\":\"\",\"CpuCount\":0,\"CpuPercent\":0,\"CpuPeriod\":0,\"CpuQuota\":0,\"CpuRealtimePeriod\":0,\"CpuRealtimeRuntime\":0,\"CpuShares\":0,\"CpusetCpus\":\"\",\"CpusetMems\":\"\",\"DeviceCgroupRules\":null,\"DeviceRequests\":null,\"Devices\":[],\"Dns\":[],\"DnsOptions\":[],\"DnsSearch\":[],\"ExtraHosts\":null,\"GroupAdd\":null,\"IOMaximumBandwidth\":0,\"IOMaximumIOps\":0,\"IpcMode\":\"\",\"Isolation\":\"\",\"Links\":null,\"LogConfig\":{\"Config\":{},\"Type\":\"\"},\"MaskedPaths\":null,\"Memory\":134217728,\"MemoryReservation\":0,\"MemorySwap\":0,\"MemorySwappiness\":-1,\"NanoCpus\":1000000000,\"NetworkMode\":\"host\",\"OomKillDisable\":false,\"OomScoreAdj\":0,\"PidMode\":\"\",\"PidsLimit\":0,\"PortBindings\":{},\"Privileged\":false,\"PublishAllPorts\":false,\"ReadonlyPaths\":null,\"ReadonlyRootfs\":false,\"RestartPolicy\":{\"MaximumRetryCount\":0,\"Name\":\"no\"},\"SecurityOpt\":null,\"ShmSize\":0,\"UTSMode\":\"\",\"Ulimits\":[],\"UsernsMode\":\"\",\"VolumeDriver\":\"\",\"VolumesFrom\":null},\"Hostname\":\"\",\"Image\":\"sha256:002792ac193538382f4aa5b2f696e5669c20e3c972e60d75e6df90d64d4e696e\",\"Labels\":{\"book.experiment\":\"restore-probe\"},\"NetworkingConfig\":{\"EndpointsConfig\":{}},\"OnBuild\":null,\"OpenStdin\":false,\"StdinOnce\":false,\"Tty\":false,\"User\":\"\",\"Volumes\":{},\"WorkingDir\":\"\"}" method=POST module=api request-url="/v1.51/containers/create?name=book1102-probe-9c745d870c" vars="map[version:1.51]"
time="2026-09-14T18:55:11.059046053Z" level=debug msg="container mounted via layerStore" container=93afa2d77a7bd8f1fc04e71086752b58219187462d9f601741aa61466dc0b39e root=/home/ubuntu/ai-infra-book-experiments/ch11/11-02/docker-lifecycle/isolated-daemon/attempt2/data/overlay2/f68b1fd122aa1fa839a94097ac211afd84593c8d6a14a92a491d1770e8dd0116/merged storage-driver=overlay2
time="2026-09-14T18:55:11.090381824Z" level=debug msg="handling HEAD request" method=HEAD module=api request-url=/_ping vars="map[]"
time="2026-09-14T18:55:11.090779746Z" level=debug msg="handling POST request" method=POST module=api request-url=/v1.51/containers/93afa2d77a7bd8f1fc04e71086752b58219187462d9f601741aa61466dc0b39e/start vars="map[name:93afa2d77a7bd8f1fc04e71086752b58219187462d9f601741aa61466dc0b39e version:1.51]"
time="2026-09-14T18:55:11.093331950Z" level=debug msg="container mounted via layerStore" container=93afa2d77a7bd8f1fc04e71086752b58219187462d9f601741aa61466dc0b39e root=/home/ubuntu/ai-infra-book-experiments/ch11/11-02/docker-lifecycle/isolated-daemon/attempt2/data/overlay2/f68b1fd122aa1fa839a94097ac211afd84593c8d6a14a92a491d1770e8dd0116/merged storage-driver=overlay2
time="2026-09-14T18:55:11.106291962Z" level=debug msg="createSpec: cgroupsPath: system.slice:docker:93afa2d77a7bd8f1fc04e71086752b58219187462d9f601741aa61466dc0b39e"
time="2026-09-14T18:55:11.106577042Z" level=debug msg="bundle dir created" bundle=/run/book1102-iso2/containerd/93afa2d77a7bd8f1fc04e71086752b58219187462d9f601741aa61466dc0b39e module=libcontainerd namespace=book1102 root=/home/ubuntu/ai-infra-book-experiments/ch11/11-02/docker-lifecycle/isolated-daemon/attempt2/data/overlay2/f68b1fd122aa1fa839a94097ac211afd84593c8d6a14a92a491d1770e8dd0116/merged
time="2026-09-14T18:55:11.189556943Z" level=debug msg=event module=libcontainerd namespace=book1102 topic=/tasks/create
time="2026-09-14T18:55:11.214033200Z" level=debug msg="EnableService 93afa2d77a7bd8f1fc04e71086752b58219187462d9f601741aa61466dc0b39e START"
time="2026-09-14T18:55:11.214070862Z" level=debug msg="EnableService 93afa2d77a7bd8f1fc04e71086752b58219187462d9f601741aa61466dc0b39e DONE"
time="2026-09-14T18:55:11.225105555Z" level=debug msg=event module=libcontainerd namespace=book1102 topic=/tasks/start
time="2026-09-14T18:55:11.749118738Z" level=debug msg="handling HEAD request" method=HEAD module=api request-url=/_ping vars="map[]"
time="2026-09-14T18:55:11.749422227Z" level=debug msg="handling GET request" method=GET module=api request-url=/v1.51/containers/93afa2d77a7bd8f1fc04e71086752b58219187462d9f601741aa61466dc0b39e/json vars="map[name:93afa2d77a7bd8f1fc04e71086752b58219187462d9f601741aa61466dc0b39e version:1.51]"
time="2026-09-14T18:55:11.750400102Z" level=debug msg="handling GET request" method=GET module=api request-url="/v1.51/containers/93afa2d77a7bd8f1fc04e71086752b58219187462d9f601741aa61466dc0b39e/logs?stderr=1&stdout=1&tail=all" vars="map[name:93afa2d77a7bd8f1fc04e71086752b58219187462d9f601741aa61466dc0b39e version:1.51]"
time="2026-09-14T18:55:11.750474465Z" level=debug msg="begin logs" container=93afa2d77a7bd8f1fc04e71086752b58219187462d9f601741aa61466dc0b39e method="(*Daemon).ContainerLogs" module=daemon
time="2026-09-14T18:55:11.750555080Z" level=debug msg="end logs (<nil>)" container=93afa2d77a7bd8f1fc04e71086752b58219187462d9f601741aa61466dc0b39e method="(*Daemon).ContainerLogs" module=daemon
time="2026-09-14T18:55:11.769841180Z" level=debug msg="handling HEAD request" method=HEAD module=api request-url=/_ping vars="map[]"
time="2026-09-14T18:55:11.772654566Z" level=debug msg="handling POST request" form-data="{\"CheckpointDir\":\"\",\"CheckpointID\":\"probe\",\"Exit\":true}" method=POST module=api request-url=/v1.51/containers/93afa2d77a7bd8f1fc04e71086752b58219187462d9f601741aa61466dc0b39e/checkpoints vars="map[name:93afa2d77a7bd8f1fc04e71086752b58219187462d9f601741aa61466dc0b39e version:1.51]"
time="2026-09-14T18:55:11.788983919Z" level=debug msg=event module=libcontainerd namespace=book1102 topic=/tasks/paused
time="2026-09-14T18:55:11.973582459Z" level=debug msg=event module=libcontainerd namespace=book1102 topic=/tasks/exit
time="2026-09-14T18:55:11.979340354Z" level=debug msg=event module=libcontainerd namespace=book1102 topic=/tasks/delete
time="2026-09-14T18:55:11.979372271Z" level=info msg="ignoring event" container=93afa2d77a7bd8f1fc04e71086752b58219187462d9f601741aa61466dc0b39e module=libcontainerd namespace=book1102 topic=/tasks/delete type="*events.TaskDelete"
time="2026-09-14T18:55:12.299542617Z" level=debug msg="handling HEAD request" method=HEAD module=api request-url=/_ping vars="map[]"
time="2026-09-14T18:55:12.301373253Z" level=debug msg="handling POST request" method=POST module=api request-url="/v1.51/containers/93afa2d77a7bd8f1fc04e71086752b58219187462d9f601741aa61466dc0b39e/start?checkpoint=probe" vars="map[name:93afa2d77a7bd8f1fc04e71086752b58219187462d9f601741aa61466dc0b39e version:1.51]"
time="2026-09-14T18:55:12.302039174Z" level=debug msg="container mounted via layerStore" container=93afa2d77a7bd8f1fc04e71086752b58219187462d9f601741aa61466dc0b39e root=/home/ubuntu/ai-infra-book-experiments/ch11/11-02/docker-lifecycle/isolated-daemon/attempt2/data/overlay2/f68b1fd122aa1fa839a94097ac211afd84593c8d6a14a92a491d1770e8dd0116/merged storage-driver=overlay2
time="2026-09-14T18:55:12.317409444Z" level=debug msg="createSpec: cgroupsPath: system.slice:docker:93afa2d77a7bd8f1fc04e71086752b58219187462d9f601741aa61466dc0b39e"
time="2026-09-14T18:55:12.317672093Z" level=debug msg="bundle dir created" bundle=/run/book1102-iso2/containerd/93afa2d77a7bd8f1fc04e71086752b58219187462d9f601741aa61466dc0b39e module=libcontainerd namespace=book1102 root=/home/ubuntu/ai-infra-book-experiments/ch11/11-02/docker-lifecycle/isolated-daemon/attempt2/data/overlay2/f68b1fd122aa1fa839a94097ac211afd84593c8d6a14a92a491d1770e8dd0116/merged
time="2026-09-14T18:55:12.336179174Z" level=debug msg="Using single walk diff for /home/ubuntu/ai-infra-book-experiments/ch11/11-02/docker-lifecycle/isolated-daemon/attempt2/data/containers/93afa2d77a7bd8f1fc04e71086752b58219187462d9f601741aa61466dc0b39e/checkpoints/probe"
time="2026-09-14T18:55:12.458141454Z" level=error msg="93afa2d77a7bd8f1fc04e71086752b58219187462d9f601741aa61466dc0b39e cleanup: failed to delete container from containerd: NotFound: container \"93afa2d77a7bd8f1fc04e71086752b58219187462d9f601741aa61466dc0b39e\" in namespace \"book1102\": not found"
time="2026-09-14T18:55:12.479476119Z" level=debug msg="FIXME: Got an API for which error does not match any expected type!!!" error="failed to upload checkpoint to containerd: commit failed: content sha256:6b25ea392090fb225e34d470b0ad81aa945a3ac83f4662be54103a7586d95327: already exists" error_type="*errors.fundamental" module=api
time="2026-09-14T18:55:12.479523203Z" level=debug msg="error response for POST request" error-response="failed to upload checkpoint to containerd: commit failed: content sha256:6b25ea392090fb225e34d470b0ad81aa945a3ac83f4662be54103a7586d95327: already exists" method=POST module=api request-url="/v1.51/containers/93afa2d77a7bd8f1fc04e71086752b58219187462d9f601741aa61466dc0b39e/start?checkpoint=probe" status=500 vars="map[name:93afa2d77a7bd8f1fc04e71086752b58219187462d9f601741aa61466dc0b39e version:1.51]"
time="2026-09-14T18:55:12.479547494Z" level=debug msg="FIXME: Got an API for which error does not match any expected type!!!" error="failed to upload checkpoint to containerd: commit failed: content sha256:6b25ea392090fb225e34d470b0ad81aa945a3ac83f4662be54103a7586d95327: already exists" error_type="*errors.fundamental" module=api
time="2026-09-14T18:55:12.479557633Z" level=error msg="Handler for POST /v1.51/containers/93afa2d77a7bd8f1fc04e71086752b58219187462d9f601741aa61466dc0b39e/start returned error: failed to upload checkpoint to containerd: commit failed: content sha256:6b25ea392090fb225e34d470b0ad81aa945a3ac83f4662be54103a7586d95327: already exists"
time="2026-09-14T18:55:12.495874516Z" level=debug msg="handling HEAD request" method=HEAD module=api request-url=/_ping vars="map[]"
time="2026-09-14T18:55:12.496182839Z" level=debug msg="handling GET request" method=GET module=api request-url=/v1.51/containers/93afa2d77a7bd8f1fc04e71086752b58219187462d9f601741aa61466dc0b39e/json vars="map[name:93afa2d77a7bd8f1fc04e71086752b58219187462d9f601741aa61466dc0b39e version:1.51]"
time="2026-09-14T18:55:12.511953823Z" level=debug msg="handling HEAD request" method=HEAD module=api request-url=/_ping vars="map[]"
time="2026-09-14T18:55:12.512469267Z" level=debug msg="handling DELETE request" method=DELETE module=api request-url="/v1.51/containers/93afa2d77a7bd8f1fc04e71086752b58219187462d9f601741aa61466dc0b39e?force=1" vars="map[name:93afa2d77a7bd8f1fc04e71086752b58219187462d9f601741aa61466dc0b39e version:1.51]"
time="2026-09-14T18:55:12.537840987Z" level=debug msg="handling HEAD request" method=HEAD module=api request-url=/_ping vars="map[]"
time="2026-09-14T18:55:12.538743323Z" level=debug msg="handling POST request" form-data="{\"AttachStderr\":true,\"AttachStdin\":false,\"AttachStdout\":true,\"Cmd\":[\"python\",\"-u\",\"-c\",\"import time,uuid; print(uuid.uuid4().hex,flush=True); time.sleep(3600)\"],\"Domainname\":\"\",\"Entrypoint\":null,\"Env\":null,\"HostConfig\":{\"AutoRemove\":false,\"Binds\":null,\"BlkioDeviceReadBps\":[],\"BlkioDeviceReadIOps\":[],\"BlkioDeviceWriteBps\":[],\"BlkioDeviceWriteIOps\":[],\"BlkioWeight\":0,\"BlkioWeightDevice\":[],\"CapAdd\":null,\"CapDrop\":null,\"Cgroup\":\"\",\"CgroupParent\":\"\",\"CgroupnsMode\":\"\",\"ConsoleSize\":[0,0],\"ContainerIDFile\":\"\",\"CpuCount\":0,\"CpuPercent\":0,\"CpuPeriod\":0,\"CpuQuota\":0,\"CpuRealtimePeriod\":0,\"CpuRealtimeRuntime\":0,\"CpuShares\":0,\"CpusetCpus\":\"\",\"CpusetMems\":\"\",\"DeviceCgroupRules\":null,\"DeviceRequests\":null,\"Devices\":[],\"Dns\":[],\"DnsOptions\":[],\"DnsSearch\":[],\"ExtraHosts\":null,\"GroupAdd\":null,\"IOMaximumBandwidth\":0,\"IOMaximumIOps\":0,\"IpcMode\":\"\",\"Isolation\":\"\",\"Links\":null,\"LogConfig\":{\"Config\":{},\"Type\":\"\"},\"MaskedPaths\":null,\"Memory\":134217728,\"MemoryReservation\":0,\"MemorySwap\":0,\"MemorySwappiness\":-1,\"NanoCpus\":1000000000,\"NetworkMode\":\"host\",\"OomKillDisable\":false,\"OomScoreAdj\":0,\"PidMode\":\"\",\"PidsLimit\":0,\"PortBindings\":{},\"Privileged\":false,\"PublishAllPorts\":false,\"ReadonlyPaths\":null,\"ReadonlyRootfs\":false,\"RestartPolicy\":{\"MaximumRetryCount\":0,\"Name\":\"no\"},\"SecurityOpt\":[\"seccomp=unconfined\",\"apparmor=unconfined\"],\"ShmSize\":0,\"UTSMode\":\"\",\"Ulimits\":[],\"UsernsMode\":\"\",\"VolumeDriver\":\"\",\"VolumesFrom\":null},\"Hostname\":\"\",\"Image\":\"sha256:002792ac193538382f4aa5b2f696e5669c20e3c972e60d75e6df90d64d4e696e\",\"Labels\":{\"book.experiment\":\"restore-probe\"},\"NetworkingConfig\":{\"EndpointsConfig\":{}},\"OnBuild\":null,\"OpenStdin\":false,\"StdinOnce\":false,\"Tty\":false,\"User\":\"\",\"Volumes\":{},\"WorkingDir\":\"\"}" method=POST module=api request-url="/v1.51/containers/create?name=book1102-probe-aa20ac42fc" vars="map[version:1.51]"
time="2026-09-14T18:55:12.566894507Z" level=debug msg="container mounted via layerStore" container=6940367b000109def0724757e8cbf47acd1c23ae1db3473d5d9ca3b4b2de7ee6 root=/home/ubuntu/ai-infra-book-experiments/ch11/11-02/docker-lifecycle/isolated-daemon/attempt2/data/overlay2/563be1dad0b33ea4dbfd0b95e347eb9da1e5b872e0611fbc8a4585d7df8d0bbf/merged storage-driver=overlay2
time="2026-09-14T18:55:12.594283640Z" level=debug msg="handling HEAD request" method=HEAD module=api request-url=/_ping vars="map[]"
time="2026-09-14T18:55:12.594596072Z" level=debug msg="handling POST request" method=POST module=api request-url=/v1.51/containers/6940367b000109def0724757e8cbf47acd1c23ae1db3473d5d9ca3b4b2de7ee6/start vars="map[name:6940367b000109def0724757e8cbf47acd1c23ae1db3473d5d9ca3b4b2de7ee6 version:1.51]"
time="2026-09-14T18:55:12.595132173Z" level=debug msg="container mounted via layerStore" container=6940367b000109def0724757e8cbf47acd1c23ae1db3473d5d9ca3b4b2de7ee6 root=/home/ubuntu/ai-infra-book-experiments/ch11/11-02/docker-lifecycle/isolated-daemon/attempt2/data/overlay2/563be1dad0b33ea4dbfd0b95e347eb9da1e5b872e0611fbc8a4585d7df8d0bbf/merged storage-driver=overlay2
time="2026-09-14T18:55:12.603235494Z" level=debug msg="createSpec: cgroupsPath: system.slice:docker:6940367b000109def0724757e8cbf47acd1c23ae1db3473d5d9ca3b4b2de7ee6"
time="2026-09-14T18:55:12.603371101Z" level=debug msg="bundle dir created" bundle=/run/book1102-iso2/containerd/6940367b000109def0724757e8cbf47acd1c23ae1db3473d5d9ca3b4b2de7ee6 module=libcontainerd namespace=book1102 root=/home/ubuntu/ai-infra-book-experiments/ch11/11-02/docker-lifecycle/isolated-daemon/attempt2/data/overlay2/563be1dad0b33ea4dbfd0b95e347eb9da1e5b872e0611fbc8a4585d7df8d0bbf/merged
time="2026-09-14T18:55:12.681002347Z" level=debug msg=event module=libcontainerd namespace=book1102 topic=/tasks/create
time="2026-09-14T18:55:12.701075167Z" level=debug msg="EnableService 6940367b000109def0724757e8cbf47acd1c23ae1db3473d5d9ca3b4b2de7ee6 START"
time="2026-09-14T18:55:12.701112039Z" level=debug msg="EnableService 6940367b000109def0724757e8cbf47acd1c23ae1db3473d5d9ca3b4b2de7ee6 DONE"
time="2026-09-14T18:55:12.711371640Z" level=debug msg=event module=libcontainerd namespace=book1102 topic=/tasks/start
time="2026-09-14T18:55:13.237309615Z" level=debug msg="handling HEAD request" method=HEAD module=api request-url=/_ping vars="map[]"
time="2026-09-14T18:55:13.237619908Z" level=debug msg="handling GET request" method=GET module=api request-url=/v1.51/containers/6940367b000109def0724757e8cbf47acd1c23ae1db3473d5d9ca3b4b2de7ee6/json vars="map[name:6940367b000109def0724757e8cbf47acd1c23ae1db3473d5d9ca3b4b2de7ee6 version:1.51]"
time="2026-09-14T18:55:13.238680305Z" level=debug msg="handling GET request" method=GET module=api request-url="/v1.51/containers/6940367b000109def0724757e8cbf47acd1c23ae1db3473d5d9ca3b4b2de7ee6/logs?stderr=1&stdout=1&tail=all" vars="map[name:6940367b000109def0724757e8cbf47acd1c23ae1db3473d5d9ca3b4b2de7ee6 version:1.51]"
time="2026-09-14T18:55:13.238751034Z" level=debug msg="begin logs" container=6940367b000109def0724757e8cbf47acd1c23ae1db3473d5d9ca3b4b2de7ee6 method="(*Daemon).ContainerLogs" module=daemon
time="2026-09-14T18:55:13.238840791Z" level=debug msg="end logs (<nil>)" container=6940367b000109def0724757e8cbf47acd1c23ae1db3473d5d9ca3b4b2de7ee6 method="(*Daemon).ContainerLogs" module=daemon
time="2026-09-14T18:55:13.256399574Z" level=debug msg="handling HEAD request" method=HEAD module=api request-url=/_ping vars="map[]"
time="2026-09-14T18:55:13.256817838Z" level=debug msg="handling POST request" form-data="{\"CheckpointDir\":\"\",\"CheckpointID\":\"probe\",\"Exit\":true}" method=POST module=api request-url=/v1.51/containers/6940367b000109def0724757e8cbf47acd1c23ae1db3473d5d9ca3b4b2de7ee6/checkpoints vars="map[name:6940367b000109def0724757e8cbf47acd1c23ae1db3473d5d9ca3b4b2de7ee6 version:1.51]"
time="2026-09-14T18:55:13.280912898Z" level=debug msg=event module=libcontainerd namespace=book1102 topic=/tasks/paused
time="2026-09-14T18:55:13.436909042Z" level=debug msg=event module=libcontainerd namespace=book1102 topic=/tasks/exit
time="2026-09-14T18:55:13.445120109Z" level=debug msg=event module=libcontainerd namespace=book1102 topic=/tasks/delete
time="2026-09-14T18:55:13.445159457Z" level=info msg="ignoring event" container=6940367b000109def0724757e8cbf47acd1c23ae1db3473d5d9ca3b4b2de7ee6 module=libcontainerd namespace=book1102 topic=/tasks/delete type="*events.TaskDelete"
time="2026-09-14T18:55:13.729992620Z" level=debug msg="handling HEAD request" method=HEAD module=api request-url=/_ping vars="map[]"
time="2026-09-14T18:55:13.731511011Z" level=debug msg="handling POST request" method=POST module=api request-url="/v1.51/containers/6940367b000109def0724757e8cbf47acd1c23ae1db3473d5d9ca3b4b2de7ee6/start?checkpoint=probe" vars="map[name:6940367b000109def0724757e8cbf47acd1c23ae1db3473d5d9ca3b4b2de7ee6 version:1.51]"
time="2026-09-14T18:55:13.732031649Z" level=debug msg="container mounted via layerStore" container=6940367b000109def0724757e8cbf47acd1c23ae1db3473d5d9ca3b4b2de7ee6 root=/home/ubuntu/ai-infra-book-experiments/ch11/11-02/docker-lifecycle/isolated-daemon/attempt2/data/overlay2/563be1dad0b33ea4dbfd0b95e347eb9da1e5b872e0611fbc8a4585d7df8d0bbf/merged storage-driver=overlay2
time="2026-09-14T18:55:13.743325978Z" level=debug msg="createSpec: cgroupsPath: system.slice:docker:6940367b000109def0724757e8cbf47acd1c23ae1db3473d5d9ca3b4b2de7ee6"
time="2026-09-14T18:55:13.743462643Z" level=debug msg="bundle dir created" bundle=/run/book1102-iso2/containerd/6940367b000109def0724757e8cbf47acd1c23ae1db3473d5d9ca3b4b2de7ee6 module=libcontainerd namespace=book1102 root=/home/ubuntu/ai-infra-book-experiments/ch11/11-02/docker-lifecycle/isolated-daemon/attempt2/data/overlay2/563be1dad0b33ea4dbfd0b95e347eb9da1e5b872e0611fbc8a4585d7df8d0bbf/merged
time="2026-09-14T18:55:13.759034939Z" level=debug msg="Using single walk diff for /home/ubuntu/ai-infra-book-experiments/ch11/11-02/docker-lifecycle/isolated-daemon/attempt2/data/containers/6940367b000109def0724757e8cbf47acd1c23ae1db3473d5d9ca3b4b2de7ee6/checkpoints/probe"
time="2026-09-14T18:55:13.913512117Z" level=error msg="6940367b000109def0724757e8cbf47acd1c23ae1db3473d5d9ca3b4b2de7ee6 cleanup: failed to delete container from containerd: NotFound: container \"6940367b000109def0724757e8cbf47acd1c23ae1db3473d5d9ca3b4b2de7ee6\" in namespace \"book1102\": not found"
time="2026-09-14T18:55:13.934522949Z" level=debug msg="FIXME: Got an API for which error does not match any expected type!!!" error="failed to upload checkpoint to containerd: commit failed: content sha256:985aa84c2cc9524f9b4732b66deeb9fec9e877fb47dd16d54ea10c2c7e12e2c6: already exists" error_type="*errors.fundamental" module=api
time="2026-09-14T18:55:13.934566586Z" level=debug msg="error response for POST request" error-response="failed to upload checkpoint to containerd: commit failed: content sha256:985aa84c2cc9524f9b4732b66deeb9fec9e877fb47dd16d54ea10c2c7e12e2c6: already exists" method=POST module=api request-url="/v1.51/containers/6940367b000109def0724757e8cbf47acd1c23ae1db3473d5d9ca3b4b2de7ee6/start?checkpoint=probe" status=500 vars="map[name:6940367b000109def0724757e8cbf47acd1c23ae1db3473d5d9ca3b4b2de7ee6 version:1.51]"
time="2026-09-14T18:55:13.934590943Z" level=debug msg="FIXME: Got an API for which error does not match any expected type!!!" error="failed to upload checkpoint to containerd: commit failed: content sha256:985aa84c2cc9524f9b4732b66deeb9fec9e877fb47dd16d54ea10c2c7e12e2c6: already exists" error_type="*errors.fundamental" module=api
time="2026-09-14T18:55:13.934600918Z" level=error msg="Handler for POST /v1.51/containers/6940367b000109def0724757e8cbf47acd1c23ae1db3473d5d9ca3b4b2de7ee6/start returned error: failed to upload checkpoint to containerd: commit failed: content sha256:985aa84c2cc9524f9b4732b66deeb9fec9e877fb47dd16d54ea10c2c7e12e2c6: already exists"
time="2026-09-14T18:55:13.951047193Z" level=debug msg="handling HEAD request" method=HEAD module=api request-url=/_ping vars="map[]"
time="2026-09-14T18:55:13.951399703Z" level=debug msg="handling GET request" method=GET module=api request-url=/v1.51/containers/6940367b000109def0724757e8cbf47acd1c23ae1db3473d5d9ca3b4b2de7ee6/json vars="map[name:6940367b000109def0724757e8cbf47acd1c23ae1db3473d5d9ca3b4b2de7ee6 version:1.51]"
time="2026-09-14T18:55:13.971435252Z" level=debug msg="handling HEAD request" method=HEAD module=api request-url=/_ping vars="map[]"
time="2026-09-14T18:55:13.971915204Z" level=debug msg="handling DELETE request" method=DELETE module=api request-url="/v1.51/containers/6940367b000109def0724757e8cbf47acd1c23ae1db3473d5d9ca3b4b2de7ee6?force=1" vars="map[name:6940367b000109def0724757e8cbf47acd1c23ae1db3473d5d9ca3b4b2de7ee6 version:1.51]"
time="2026-09-14T18:55:13.997480473Z" level=info msg="Processing signal 'terminated'"
time="2026-09-14T18:55:13.997610781Z" level=debug msg="daemon configured with a 15 seconds minimum shutdown timeout"
time="2026-09-14T18:55:13.997640690Z" level=debug msg="start clean shutdown of all containers with a 15 seconds timeout..."
time="2026-09-14T18:55:13.998704895Z" level=debug msg="Unix socket /run/book1102-iso2/libnetwork/f724c3446ebb.sock was closed. The external key listener will stop."
time="2026-09-14T18:55:13.998876551Z" level=debug msg="Cleaning up old mountid : start."
time="2026-09-14T18:55:13.999348461Z" level=debug msg="Cleaning up old mountid : done."
time="2026-09-14T18:55:13.999725648Z" level=debug msg="Clean shutdown succeeded"
time="2026-09-14T18:55:13.999772141Z" level=info msg="stopping event stream following graceful shutdown" error="<nil>" module=libcontainerd namespace=book1102
time="2026-09-14T18:55:13.999813585Z" level=info msg="Daemon shutdown complete"
time="2026-09-14T18:55:13.999841566Z" level=info msg="stopping event stream following graceful shutdown" error="context canceled" module=libcontainerd namespace=plugins.moby
