{
  "requests": 54,
  "valid": 54,
  "conditions": [
    {
      "first_body_ms": 391.54481142759323,
      "first_frame_ms": 577.993081882596,
      "three_frames_ms": 599.6533373836428,
      "first_frame_samples_ms": [
        638.8728087767959,
        515.5115770176053,
        639.253102010116,
        515.7376769930124,
        639.0089041087776,
        517.1133549883962
      ],
      "mode": "default",
      "protocol": "h1",
      "count": 6,
      "median_s": 1.2911076979944482,
      "samples_s": [
        1.3715063279960304,
        1.2096163919195533,
        1.3742689089849591,
        1.210071061970666,
        1.3720620749518275,
        1.210709067992866
      ],
      "fresh_median_s": 1.3720620749518275,
      "reused_median_s": 1.210071061970666
    },
    {
      "first_body_ms": 125.82056049723178,
      "first_frame_ms": 438.92084201797843,
      "three_frames_ms": 440.5471249483526,
      "first_frame_samples_ms": [
        481.842041015625,
        395.8114390261471,
        482.2864751331508,
        395.99964302033186,
        483.2810249645263,
        394.80120595544577
      ],
      "mode": "default",
      "protocol": "h3",
      "count": 6,
      "median_s": 1.257039145915769,
      "samples_s": [
        1.262125990819186,
        1.0965085891075432,
        2.3221562951803207,
        2.175276085967198,
        1.251952301012352,
        1.0981733680237085
      ],
      "fresh_median_s": 1.262125990819186,
      "reused_median_s": 1.0981733680237085
    },
    {
      "first_body_ms": 383.36500455625355,
      "first_frame_ms": 576.925324043259,
      "three_frames_ms": 595.6047350773588,
      "first_frame_samples_ms": [
        637.9109430126846,
        515.6447920016944,
        638.9027221594006,
        515.9397050738335,
        638.2626288104802,
        514.9781529325992
      ],
      "mode": "64k",
      "protocol": "h1",
      "count": 6,
      "median_s": 1.9899263950064778,
      "samples_s": [
        2.166523525957018,
        1.6674148391466588,
        2.1678749572020024,
        1.8133292640559375,
        2.167224648874253,
        1.7440766480285674
      ],
      "fresh_median_s": 2.167224648874253,
      "reused_median_s": 1.7440766480285674
    },
    {
      "first_body_ms": 125.8559946436435,
      "first_frame_ms": 438.1676050834358,
      "three_frames_ms": 439.7977174958214,
      "first_frame_samples_ms": [
        481.45891912281513,
        394.5222881156951,
        481.9941089954227,
        394.36516095884144,
        481.7668979521841,
        394.8762910440564
      ],
      "mode": "64k",
      "protocol": "h3",
      "count": 6,
      "median_s": 1.254342588945292,
      "samples_s": [
        1.2592921080067754,
        1.1429811150301248,
        1.3166851019486785,
        1.357354715000838,
        1.2493930698838085,
        1.1270229490473866
      ],
      "fresh_median_s": 1.2592921080067754,
      "reused_median_s": 1.1429811150301248
    },
    {
      "first_body_ms": 387.70478509832174,
      "first_frame_ms": 577.4255895521492,
      "three_frames_ms": 603.7094184430316,
      "first_frame_samples_ms": [
        640.0712081231177,
        515.5680980533361,
        638.8889960944653,
        515.2763640508056,
        638.7861410621554,
        516.065038042143
      ],
      "mode": "4m",
      "protocol": "h1",
      "count": 6,
      "median_s": 1.2705118560697883,
      "samples_s": [
        1.3332976531237364,
        1.2092497320845723,
        1.3316004970110953,
        1.208797108847648,
        1.3307682140730321,
        1.2102554980665445
      ],
      "fresh_median_s": 1.3316004970110953,
      "reused_median_s": 1.2092497320845723
    },
    {
      "first_body_ms": 126.05944753158838,
      "first_frame_ms": 438.1893895333633,
      "three_frames_ms": 439.8148765321821,
      "first_frame_samples_ms": [
        481.5386370755732,
        394.71790101379156,
        481.5349199343473,
        394.99640790745616,
        481.3823711592704,
        394.9236571788788
      ],
      "mode": "4m",
      "protocol": "h3",
      "count": 6,
      "median_s": 1.7232283069752157,
      "samples_s": [
        3.3910700420383364,
        2.4110897220671177,
        1.5373892388306558,
        1.9090673751197755,
        1.2599726980552077,
        1.3037765871267766
      ],
      "fresh_median_s": 1.5373892388306558,
      "reused_median_s": 1.9090673751197755
    }
  ]
}
