{
  "requests": 162,
  "valid": 162,
  "conditions": [
    {
      "trace_samples_s": [
        5.784731972962618,
        5.78176326979883,
        5.785770423943177
      ],
      "median_trace_s": 5.784731972962618,
      "mode": "default",
      "protocol": "h1",
      "count": 24,
      "median_s": 0.739815009990707,
      "samples_s": [
        0.8626159629784524,
        0.736851419089362,
        0.7197207880672067,
        0.6088809599168599,
        0.7548741570208222,
        0.6108362209051847,
        0.7418570530135185,
        0.7477515069767833,
        0.8614048620220274,
        0.7358480668626726,
        0.7188243239652365,
        0.6088695710059255,
        0.7548987579066306,
        0.6118571450933814,
        0.7417598459869623,
        0.746979417046532,
        0.8614912990015,
        0.7378701739944518,
        0.7187666010577232,
        0.6099390510935336,
        0.7547505460679531,
        0.6108367459382862,
        0.741887615993619,
        0.7488861780148
      ],
      "fresh_median_s": 0.8614912990015,
      "reused_median_s": 0.736851419089362
    },
    {
      "trace_samples_s": [
        4.589063316117972,
        4.828303886111826,
        4.521406695013866
      ],
      "median_trace_s": 4.589063316117972,
      "mode": "default",
      "protocol": "h3",
      "count": 24,
      "median_s": 0.5737406635889784,
      "samples_s": [
        0.8224869389086962,
        0.5390844140201807,
        0.5473308670334518,
        0.4379003259819001,
        0.5837480800691992,
        0.4393917662091553,
        0.5709988730959594,
        0.6467979738954455,
        0.8202762277796865,
        0.5908405408263206,
        0.5926314811222255,
        0.4823836290743202,
        0.627807502867654,
        0.4823145892005414,
        0.6129007840063423,
        0.6177413461264223,
        0.8208038050215691,
        0.5403154818341136,
        0.5482378848828375,
        0.43896482908166945,
        0.5842927689664066,
        0.44024180388078094,
        0.5707199729513377,
        0.5764824540819973
      ],
      "fresh_median_s": 0.8208038050215691,
      "reused_median_s": 0.5707199729513377
    },
    {
      "trace_samples_s": [
        5.797771929996088,
        5.794897459913045,
        5.800563187105581
      ],
      "median_trace_s": 5.797771929996088,
      "mode": "64k",
      "protocol": "h1",
      "count": 24,
      "median_s": 0.7393991585122421,
      "samples_s": [
        0.8603631749283522,
        0.7359847079496831,
        0.7248015990480781,
        0.6128438168670982,
        0.7569004991091788,
        0.6130510920193046,
        0.7428136090748012,
        0.7498808659147471,
        0.8615114171989262,
        0.7358538580592722,
        0.7238834658637643,
        0.6118572179693729,
        0.7571308750193566,
        0.6116779311560094,
        0.7429054700769484,
        0.748899252852425,
        0.8622892841231078,
        0.7359195339959115,
        0.7249239990487695,
        0.6137647989671677,
        0.7568701240234077,
        0.6127962188329548,
        0.7438445629086345,
        0.7488717010710388
      ],
      "fresh_median_s": 0.8615114171989262,
      "reused_median_s": 0.7359195339959115
    },
    {
      "trace_samples_s": [
        4.986074820859358,
        6.305268249008805,
        4.993141219951212
      ],
      "median_trace_s": 4.993141219951212,
      "mode": "64k",
      "protocol": "h3",
      "count": 24,
      "median_s": 0.6437767100287601,
      "samples_s": [
        0.8194882869720459,
        0.606272293953225,
        0.6144558959640563,
        0.5045180500019342,
        0.6516489568166435,
        0.5073890869971365,
        0.6373334790114313,
        0.6436158909928054,
        1.0923421459738165,
        0.9017911669798195,
        0.8286715231370181,
        0.6559979349840432,
        0.7860051060561091,
        0.6005973899737,
        0.7184553379192948,
        0.7201475638430566,
        0.8224490580614656,
        0.6074492519255728,
        0.6148743268568069,
        0.5058432370424271,
        0.6516529170330614,
        0.5074232530314475,
        0.6381199669558555,
        0.6439375290647149
      ],
      "fresh_median_s": 0.8224490580614656,
      "reused_median_s": 0.6381199669558555
    },
    {
      "trace_samples_s": [
        5.745562701951712,
        5.748096996918321,
        5.750631042988971
      ],
      "median_trace_s": 5.748096996918321,
      "mode": "4m",
      "protocol": "h1",
      "count": 24,
      "median_s": 0.7303689724067226,
      "samples_s": [
        0.8512976712081581,
        0.7098998969886452,
        0.7188373380340636,
        0.6088593660388142,
        0.754931019153446,
        0.610723057994619,
        0.7418281889986247,
        0.7478372100740671,
        0.851912371115759,
        0.7107942311558872,
        0.718978812918067,
        0.6088192230090499,
        0.7548226078506559,
        0.611842644168064,
        0.7417591318953782,
        0.7478503310121596,
        0.8534853181336075,
        0.7118314791005105,
        0.7188147699926049,
        0.6098961201496422,
        0.7557438150979578,
        0.610802894923836,
        0.7418641329277307,
        0.7468889551237226
      ],
      "fresh_median_s": 0.851912371115759,
      "reused_median_s": 0.7188373380340636
    },
    {
      "trace_samples_s": [
        4.570894056931138,
        4.522566687082872,
        4.587944785831496
      ],
      "median_trace_s": 4.570894056931138,
      "mode": "4m",
      "protocol": "h3",
      "count": 24,
      "median_s": 0.5587906740838662,
      "samples_s": [
        0.8228269559331238,
        0.5390813460107893,
        0.5475881651509553,
        0.4377618331927806,
        0.5838096449151635,
        0.4403127159457654,
        0.6216848092153668,
        0.5764280848670751,
        0.8226788721513003,
        0.5393577148206532,
        0.5473306800704449,
        0.4391997179482132,
        0.58559735189192,
        0.4400752601213753,
        0.569993183016777,
        0.5772595058660954,
        0.820287078153342,
        0.5390955130569637,
        0.5474654261488467,
        0.5087035831529647,
        0.5845414928626269,
        0.43931441591121256,
        0.5706966840662062,
        0.5765074610244483
      ],
      "fresh_median_s": 0.8226788721513003,
      "reused_median_s": 0.5474654261488467
    }
  ]
}
