{
  "status": "durable_adapter_training_consumption_verified",
  "logical_samples": 12,
  "distinct_prompt_output_contents": 2,
  "sampled_tokens": 3256,
  "manager_unique_tokens": 3000,
  "completed_training_tokens": 3000,
  "unique_content_output_tokens": 500,
  "preparation_s": 42.94474669313058,
  "trainable_parameters": 32768,
  "cuda_peak_allocated_bytes": 17496262656,
  "training_process_wall_s": 44.1062459400855,
  "ledger": [
    {
      "request_id": "extract-k32-baseline",
      "task": "extract",
      "strategy": "baseline",
      "cut": 32,
      "sampled_tokens": 242,
      "manager_unique_tokens": 242,
      "duplicate_deliveries": 0,
      "recovered_prefix_tokens": 0,
      "completed_training_tokens": 242,
      "training_step_and_checkpoint_s": 0.5242617200128734,
      "checkpoint_sha256": "301d4aa4cbe800154f0c1dd6a2862dbe850420b07fb1c662a0c1d04d970d94d2"
    },
    {
      "request_id": "extract-k32-preserve",
      "task": "extract",
      "strategy": "preserve",
      "cut": 32,
      "sampled_tokens": 242,
      "manager_unique_tokens": 242,
      "duplicate_deliveries": 0,
      "recovered_prefix_tokens": 32,
      "completed_training_tokens": 242,
      "training_step_and_checkpoint_s": 0.05051080393604934,
      "checkpoint_sha256": "7463c958a92fdf9e91235b76c5d5877abe669bf7ad0681286386acca85a5ad69"
    },
    {
      "request_id": "extract-k32-restart",
      "task": "extract",
      "strategy": "restart",
      "cut": 32,
      "sampled_tokens": 274,
      "manager_unique_tokens": 242,
      "duplicate_deliveries": 32,
      "recovered_prefix_tokens": 0,
      "completed_training_tokens": 242,
      "training_step_and_checkpoint_s": 0.05651253182440996,
      "checkpoint_sha256": "56ef10ee9a1f870a6e88ebe726a718ecdf2fa9202362040cc72a1fc6fb6478fa"
    },
    {
      "request_id": "extract-k96-baseline",
      "task": "extract",
      "strategy": "baseline",
      "cut": 96,
      "sampled_tokens": 242,
      "manager_unique_tokens": 242,
      "duplicate_deliveries": 0,
      "recovered_prefix_tokens": 0,
      "completed_training_tokens": 242,
      "training_step_and_checkpoint_s": 0.050373483914881945,
      "checkpoint_sha256": "c7c5a3156e99deaa9a8bc722f01c3a00bbf7c9d6ae6ba2a1d9dc40022591f5cc"
    },
    {
      "request_id": "extract-k96-preserve",
      "task": "extract",
      "strategy": "preserve",
      "cut": 96,
      "sampled_tokens": 242,
      "manager_unique_tokens": 242,
      "duplicate_deliveries": 0,
      "recovered_prefix_tokens": 96,
      "completed_training_tokens": 242,
      "training_step_and_checkpoint_s": 0.05267547583207488,
      "checkpoint_sha256": "41f87735c07cbe928d2f590f2964e42e80cb0be90d26822df691d16fa8843c9f"
    },
    {
      "request_id": "extract-k96-restart",
      "task": "extract",
      "strategy": "restart",
      "cut": 96,
      "sampled_tokens": 338,
      "manager_unique_tokens": 242,
      "duplicate_deliveries": 96,
      "recovered_prefix_tokens": 0,
      "completed_training_tokens": 242,
      "training_step_and_checkpoint_s": 0.05141790094785392,
      "checkpoint_sha256": "63cbbc802580491e647ce555cc2937b03329faaa19947f955b3160a177fb5892"
    },
    {
      "request_id": "sequence-k32-baseline",
      "task": "sequence",
      "strategy": "baseline",
      "cut": 32,
      "sampled_tokens": 258,
      "manager_unique_tokens": 258,
      "duplicate_deliveries": 0,
      "recovered_prefix_tokens": 0,
      "completed_training_tokens": 258,
      "training_step_and_checkpoint_s": 0.040284523041918874,
      "checkpoint_sha256": "24030b1ad6a302ec5c100ee6a355e01eafd44149448e0812b1412b6d4f43206b"
    },
    {
      "request_id": "sequence-k32-preserve",
      "task": "sequence",
      "strategy": "preserve",
      "cut": 32,
      "sampled_tokens": 258,
      "manager_unique_tokens": 258,
      "duplicate_deliveries": 0,
      "recovered_prefix_tokens": 32,
      "completed_training_tokens": 258,
      "training_step_and_checkpoint_s": 0.037608047015964985,
      "checkpoint_sha256": "5f517fab3ecb3eef34f458909b291ed49faa25059071118ec5adf2a340eba9b4"
    },
    {
      "request_id": "sequence-k32-restart",
      "task": "sequence",
      "strategy": "restart",
      "cut": 32,
      "sampled_tokens": 290,
      "manager_unique_tokens": 258,
      "duplicate_deliveries": 32,
      "recovered_prefix_tokens": 0,
      "completed_training_tokens": 258,
      "training_step_and_checkpoint_s": 0.06264741206541657,
      "checkpoint_sha256": "98f9a41411baf4720fd53320bacc96b6028c620a5895668cdb9d65aafff9a2af"
    },
    {
      "request_id": "sequence-k96-baseline",
      "task": "sequence",
      "strategy": "baseline",
      "cut": 96,
      "sampled_tokens": 258,
      "manager_unique_tokens": 258,
      "duplicate_deliveries": 0,
      "recovered_prefix_tokens": 0,
      "completed_training_tokens": 258,
      "training_step_and_checkpoint_s": 0.06733444915153086,
      "checkpoint_sha256": "d11456c83bc67b893d886c330faa898acd9573e5c62c18919e89b95e827ac64b"
    },
    {
      "request_id": "sequence-k96-preserve",
      "task": "sequence",
      "strategy": "preserve",
      "cut": 96,
      "sampled_tokens": 258,
      "manager_unique_tokens": 258,
      "duplicate_deliveries": 0,
      "recovered_prefix_tokens": 96,
      "completed_training_tokens": 258,
      "training_step_and_checkpoint_s": 0.06416054186411202,
      "checkpoint_sha256": "7dae2b2fa9ad79649058af88cea434dc0551e53f489a14d7d26e0c7b42ade392"
    },
    {
      "request_id": "sequence-k96-restart",
      "task": "sequence",
      "strategy": "restart",
      "cut": 96,
      "sampled_tokens": 354,
      "manager_unique_tokens": 258,
      "duplicate_deliveries": 96,
      "recovered_prefix_tokens": 0,
      "completed_training_tokens": 258,
      "training_step_and_checkpoint_s": 0.04420978482812643,
      "checkpoint_sha256": "bbdefb962b2b864e5ef8ff632587f35b40e6b8a5c7b84f80de44feac32f0db76"
    }
  ],
  "paired": [
    {
      "task": "extract",
      "logical_samples": 6,
      "adapter_tensors_identical": false,
      "losses": [
        0.00506990822032094,
        0.00506990822032094,
        0.00506990822032094,
        0.00506990822032094,
        0.00506990822032094,
        0.00506990822032094
      ]
    },
    {
      "task": "sequence",
      "logical_samples": 6,
      "adapter_tensors_identical": true,
      "losses": [
        0.004406477324664593,
        0.004406477324664593,
        0.004406477324664593,
        0.004406477324664593,
        0.004406477324664593,
        0.004406477324664593
      ]
    }
  ],
  "scope": "12 independent one-step adapter optimizer checkpoints, not sequential12-step or RL training. Generation MLX4bit and consumer BF16 artifacts differ. Counts denote logical request positions; content duplicated across trials is separately counted."
}
