{
  "status": "new_batch_training_verified",
  "logical_samples": 12,
  "completed_training_tokens": 3141,
  "distinct_content_streams": 3,
  "distinct_content_output_tokens": 789,
  "preparation_s": 38.641186512075365,
  "process_wall_s": 39.76456331391819,
  "ledger": [
    {
      "request_id": "rep0-additional-sequence",
      "task": "sequence",
      "strategy": "additional",
      "rep": 0,
      "completed_training_tokens": 258,
      "sample_sha256": "e6300bd84b170a6ce12c1e8074274babe26875753bd096e6743a562a3d2dfa2c",
      "step_and_checkpoint_s": 0.4374915051739663,
      "loss": 0.004406477324664593
    },
    {
      "request_id": "rep0-additional-extract",
      "task": "extract",
      "strategy": "additional",
      "rep": 0,
      "completed_training_tokens": 289,
      "sample_sha256": "ee91cb01ee35f3dc436101d3a0b0ce960f859262f1d36596089016cf9f1c566d",
      "step_and_checkpoint_s": 0.06982185202650726,
      "loss": 0.002038169652223587
    },
    {
      "request_id": "rep0-fixed-sequence",
      "task": "sequence",
      "strategy": "fixed",
      "rep": 0,
      "completed_training_tokens": 258,
      "sample_sha256": "e6300bd84b170a6ce12c1e8074274babe26875753bd096e6743a562a3d2dfa2c",
      "step_and_checkpoint_s": 0.05599175300449133,
      "loss": 0.004406477324664593
    },
    {
      "request_id": "rep0-fixed-extract",
      "task": "extract",
      "strategy": "fixed",
      "rep": 0,
      "completed_training_tokens": 242,
      "sample_sha256": "e52a44939f818bbb60f1ef6f8c801f9d608e556fb4b2561a68be2f10e5f8f944",
      "step_and_checkpoint_s": 0.0639127001632005,
      "loss": 0.00506990822032094
    },
    {
      "request_id": "rep1-additional-sequence",
      "task": "sequence",
      "strategy": "additional",
      "rep": 1,
      "completed_training_tokens": 258,
      "sample_sha256": "e6300bd84b170a6ce12c1e8074274babe26875753bd096e6743a562a3d2dfa2c",
      "step_and_checkpoint_s": 0.04077117284759879,
      "loss": 0.004406477324664593
    },
    {
      "request_id": "rep1-additional-extract",
      "task": "extract",
      "strategy": "additional",
      "rep": 1,
      "completed_training_tokens": 289,
      "sample_sha256": "ee91cb01ee35f3dc436101d3a0b0ce960f859262f1d36596089016cf9f1c566d",
      "step_and_checkpoint_s": 0.06057767407037318,
      "loss": 0.002038169652223587
    },
    {
      "request_id": "rep1-fixed-sequence",
      "task": "sequence",
      "strategy": "fixed",
      "rep": 1,
      "completed_training_tokens": 258,
      "sample_sha256": "e6300bd84b170a6ce12c1e8074274babe26875753bd096e6743a562a3d2dfa2c",
      "step_and_checkpoint_s": 0.060234105912968516,
      "loss": 0.004406477324664593
    },
    {
      "request_id": "rep1-fixed-extract",
      "task": "extract",
      "strategy": "fixed",
      "rep": 1,
      "completed_training_tokens": 242,
      "sample_sha256": "e52a44939f818bbb60f1ef6f8c801f9d608e556fb4b2561a68be2f10e5f8f944",
      "step_and_checkpoint_s": 0.06000153184868395,
      "loss": 0.00506990822032094
    },
    {
      "request_id": "rep2-fixed-sequence",
      "task": "sequence",
      "strategy": "fixed",
      "rep": 2,
      "completed_training_tokens": 258,
      "sample_sha256": "e6300bd84b170a6ce12c1e8074274babe26875753bd096e6743a562a3d2dfa2c",
      "step_and_checkpoint_s": 0.058752944925799966,
      "loss": 0.004406477324664593
    },
    {
      "request_id": "rep2-fixed-extract",
      "task": "extract",
      "strategy": "fixed",
      "rep": 2,
      "completed_training_tokens": 242,
      "sample_sha256": "e52a44939f818bbb60f1ef6f8c801f9d608e556fb4b2561a68be2f10e5f8f944",
      "step_and_checkpoint_s": 0.05968543887138367,
      "loss": 0.00506990822032094
    },
    {
      "request_id": "rep2-additional-sequence",
      "task": "sequence",
      "strategy": "additional",
      "rep": 2,
      "completed_training_tokens": 258,
      "sample_sha256": "e6300bd84b170a6ce12c1e8074274babe26875753bd096e6743a562a3d2dfa2c",
      "step_and_checkpoint_s": 0.05960617703385651,
      "loss": 0.004406477324664593
    },
    {
      "request_id": "rep2-additional-extract",
      "task": "extract",
      "strategy": "additional",
      "rep": 2,
      "completed_training_tokens": 289,
      "sample_sha256": "ee91cb01ee35f3dc436101d3a0b0ce960f859262f1d36596089016cf9f1c566d",
      "step_and_checkpoint_s": 0.04992053797468543,
      "loss": 0.002038169652223587
    }
  ],
  "scope": "Independent supervised adapter checkpoints for newly received samples. No live generation-to-training clock or RL improvement."
}
