Traceback (most recent call last):
  File "/work/socket-defaults/inspect.py", line 1, in <module>
    import asyncio,hashlib,importlib.util,inspect,json,socket,ssl,sys
  File "/usr/local/lib/python3.11/asyncio/__init__.py", line 8, in <module>
    from .base_events import *
  File "/usr/local/lib/python3.11/asyncio/base_events.py", line 40, in <module>
    from . import coroutines
  File "/usr/local/lib/python3.11/asyncio/coroutines.py", line 4, in <module>
    import inspect
  File "/work/socket-defaults/inspect.py", line 4, in <module>
    spec=importlib.util.spec_from_file_location('transport',R.parent/'image-records/run_network120.py');b=importlib.util.module_from_spec(spec);spec.loader.exec_module(b)
                                                                                                                                                ^^^^^^^^^^^^^^^^^^^^^^^^^^
  File "/work/image-records/run_network120.py", line 5, in <module>
    import h11
  File "/usr/local/lib/python3.11/site-packages/h11/__init__.py", line 9, in <module>
    from h11._connection import Connection, NEED_DATA, PAUSED
  File "/usr/local/lib/python3.11/site-packages/h11/_connection.py", line 16, in <module>
    from ._events import (
  File "/usr/local/lib/python3.11/site-packages/h11/_events.py", line 128, in <module>
    @dataclass(init=False, frozen=True)
     ^^^^^^^^^^^^^^^^^^^^^^^^^^^^^^^^^^
  File "/usr/local/lib/python3.11/dataclasses.py", line 1222, in wrap
    return _process_class(cls, init, repr, eq, order, unsafe_hash,
           ^^^^^^^^^^^^^^^^^^^^^^^^^^^^^^^^^^^^^^^^^^^^^^^^^^^^^^^
  File "/usr/local/lib/python3.11/dataclasses.py", line 1098, in _process_class
    text_sig = str(inspect.signature(cls)).replace(' -> None', '')
                   ^^^^^^^^^^^^^^^^^
AttributeError: partially initialized module 'inspect' has no attribute 'signature' (most likely due to a circular import)
