{
  "verified": true,
  "workload": "computer",
  "tasks": 20,
  "formal_tasks": 18,
  "exchanges": 158,
  "operations": 152,
  "faults": 12,
  "expected_disconnect_errors": [
    {
      "headers": [
        [
          "host",
          "localhost"
        ],
        [
          "x-operation",
          "e6-s3"
        ],
        [
          "x-step",
          "3"
        ],
        [
          "content-length",
          "116519"
        ],
        [
          ":path",
          "/start"
        ]
      ],
      "error": "ConnectionResetError('Connection lost')",
      "at_s": 1635996.318446246
    },
    {
      "headers": [
        [
          "host",
          "localhost"
        ],
        [
          "x-operation",
          "e7-s3"
        ],
        [
          "x-step",
          "3"
        ],
        [
          "content-length",
          "116519"
        ],
        [
          ":path",
          "/start"
        ]
      ],
      "error": "ConnectionResetError('Connection lost')",
      "at_s": 1636002.71828827
    },
    {
      "headers": [
        [
          "host",
          "localhost"
        ],
        [
          "x-operation",
          "e9-s3"
        ],
        [
          "x-step",
          "3"
        ],
        [
          "content-length",
          "116519"
        ],
        [
          ":path",
          "/start"
        ]
      ],
      "error": "ConnectionResetError('Connection lost')",
      "at_s": 1636018.964555829
    },
    {
      "headers": [
        [
          "host",
          "localhost"
        ],
        [
          "x-operation",
          "e10-s3"
        ],
        [
          "x-step",
          "3"
        ],
        [
          "content-length",
          "116519"
        ],
        [
          ":path",
          "/start"
        ]
      ],
      "error": "ConnectionResetError('Connection lost')",
      "at_s": 1636024.993497934
    },
    {
      "headers": [
        [
          "host",
          "localhost"
        ],
        [
          "x-operation",
          "e15-s3"
        ],
        [
          "x-step",
          "3"
        ],
        [
          "content-length",
          "116519"
        ],
        [
          ":path",
          "/start"
        ]
      ],
      "error": "ConnectionResetError('Connection lost')",
      "at_s": 1636063.309857095
    },
    {
      "headers": [
        [
          "host",
          "localhost"
        ],
        [
          "x-operation",
          "e17-s3"
        ],
        [
          "x-step",
          "3"
        ],
        [
          "content-length",
          "116519"
        ],
        [
          ":path",
          "/start"
        ]
      ],
      "error": "ConnectionResetError('Connection lost')",
      "at_s": 1636079.3547577
    }
  ],
  "conditions": [
    {
      "protocol": "h1",
      "policy": "uninterrupted",
      "samples_s": [
        6.045795466052368,
        6.025633666897193,
        6.025194573914632
      ],
      "median_s": 6.025633666897193,
      "accounting": [
        {
          "episode": 5,
          "upload_bytes": 930996,
          "retained_response_bytes": 302,
          "discarded_prefix_bytes": 0,
          "source_jobs": 8,
          "close_s": 0.0001901639625430107,
          "post_interruption_s": null
        },
        {
          "episode": 12,
          "upload_bytes": 930996,
          "retained_response_bytes": 302,
          "discarded_prefix_bytes": 0,
          "source_jobs": 8,
          "close_s": 0.0002115899696946144,
          "post_interruption_s": null
        },
        {
          "episode": 14,
          "upload_bytes": 930996,
          "retained_response_bytes": 302,
          "discarded_prefix_bytes": 0,
          "source_jobs": 8,
          "close_s": 0.00013051042333245277,
          "post_interruption_s": null
        }
      ]
    },
    {
      "protocol": "h1",
      "policy": "restart",
      "samples_s": [
        6.38884747819975,
        6.388992888852954,
        6.381751958047971
      ],
      "median_s": 6.38884747819975,
      "accounting": [
        {
          "episode": 6,
          "upload_bytes": 1047515,
          "retained_response_bytes": 302,
          "discarded_prefix_bytes": 0,
          "source_jobs": 9,
          "close_s": 0.00025410321541130543,
          "post_interruption_s": 3.7493897331878543
        },
        {
          "episode": 10,
          "upload_bytes": 1047515,
          "retained_response_bytes": 302,
          "discarded_prefix_bytes": 0,
          "source_jobs": 9,
          "close_s": 0.0003267629072070122,
          "post_interruption_s": 3.7483815618325025
        },
        {
          "episode": 17,
          "upload_bytes": 1047515,
          "retained_response_bytes": 302,
          "discarded_prefix_bytes": 0,
          "source_jobs": 9,
          "close_s": 0.00021792016923427582,
          "post_interruption_s": 3.743658405961469
        }
      ]
    },
    {
      "protocol": "h1",
      "policy": "resume",
      "samples_s": [
        6.039630813058466,
        6.0294673861935735,
        6.024777543032542
      ],
      "median_s": 6.0294673861935735,
      "accounting": [
        {
          "episode": 7,
          "upload_bytes": 930996,
          "retained_response_bytes": 302,
          "discarded_prefix_bytes": 0,
          "source_jobs": 8,
          "close_s": 0.0002908310852944851,
          "post_interruption_s": 3.389559058006853
        },
        {
          "episode": 9,
          "upload_bytes": 930996,
          "retained_response_bytes": 302,
          "discarded_prefix_bytes": 0,
          "source_jobs": 8,
          "close_s": 0.0002903137356042862,
          "post_interruption_s": 3.388455857988447
        },
        {
          "episode": 15,
          "upload_bytes": 930996,
          "retained_response_bytes": 302,
          "discarded_prefix_bytes": 0,
          "source_jobs": 8,
          "close_s": 0.00023087533190846443,
          "post_interruption_s": 3.387036988977343
        }
      ]
    },
    {
      "protocol": "h3",
      "policy": "uninterrupted",
      "samples_s": [
        9.46570967300795,
        9.416470266180113,
        9.459706274792552
      ],
      "median_s": 9.459706274792552,
      "accounting": [
        {
          "episode": 3,
          "upload_bytes": 930996,
          "retained_response_bytes": 302,
          "discarded_prefix_bytes": 0,
          "source_jobs": 8,
          "close_s": 2.6646623734850436,
          "post_interruption_s": null
        },
        {
          "episode": 13,
          "upload_bytes": 930996,
          "retained_response_bytes": 302,
          "discarded_prefix_bytes": 0,
          "source_jobs": 8,
          "close_s": 2.6596060153096914,
          "post_interruption_s": null
        },
        {
          "episode": 19,
          "upload_bytes": 930996,
          "retained_response_bytes": 302,
          "discarded_prefix_bytes": 0,
          "source_jobs": 8,
          "close_s": 2.676744512282312,
          "post_interruption_s": null
        }
      ]
    },
    {
      "protocol": "h3",
      "policy": "restart",
      "samples_s": [
        10.42895063990727,
        10.215232531074435,
        10.614220676012337
      ],
      "median_s": 10.42895063990727,
      "accounting": [
        {
          "episode": 2,
          "upload_bytes": 1047515,
          "retained_response_bytes": 302,
          "discarded_prefix_bytes": 0,
          "source_jobs": 9,
          "close_s": 2.975372120505199,
          "post_interruption_s": 6.428597463993356
        },
        {
          "episode": 8,
          "upload_bytes": 1047515,
          "retained_response_bytes": 302,
          "discarded_prefix_bytes": 0,
          "source_jobs": 9,
          "close_s": 2.9792550469283015,
          "post_interruption_s": 6.216203299118206
        },
        {
          "episode": 18,
          "upload_bytes": 1047515,
          "retained_response_bytes": 302,
          "discarded_prefix_bytes": 0,
          "source_jobs": 9,
          "close_s": 2.985816289903596,
          "post_interruption_s": 6.234549344051629
        }
      ]
    },
    {
      "protocol": "h3",
      "policy": "resume",
      "samples_s": [
        10.000676145078614,
        10.461597699904814,
        10.020076842047274
      ],
      "median_s": 10.020076842047274,
      "accounting": [
        {
          "episode": 4,
          "upload_bytes": 930996,
          "retained_response_bytes": 302,
          "discarded_prefix_bytes": 0,
          "source_jobs": 8,
          "close_s": 3.3668497384060174,
          "post_interruption_s": 5.993562834104523
        },
        {
          "episode": 11,
          "upload_bytes": 930996,
          "retained_response_bytes": 302,
          "discarded_prefix_bytes": 0,
          "source_jobs": 8,
          "close_s": 3.783084058901295,
          "post_interruption_s": 6.463130653835833
        },
        {
          "episode": 16,
          "upload_bytes": 930996,
          "retained_response_bytes": 302,
          "discarded_prefix_bytes": 0,
          "source_jobs": 8,
          "close_s": 3.37440823786892,
          "post_interruption_s": 6.00585577590391
        }
      ]
    }
  ]
}
