0 cold [1] 0
0 warm [1] 3135
0 pressure-w0-0 [0] 0
0 pressure-w0-1 [0] 4
0 pressure-w0-2 [0] 4
0 pressure-w0-3 [0] 4
0 pressure-w1-0 [1] 0
0 pressure-w1-1 [1] 4
0 pressure-w1-2 [1] 4
0 pressure-w1-3 [1] 4
0 after_pressure [1] 0
0 rewarm [1] 3135
0 failover [0] 0
0 failover_warm [0] 3135
0 after_recovery [0] 3135
0 recovery_warm [0] 3135
0 restarted_direct [1] 0
0 restarted_direct_warm [1] 3135
1 cold [1] 0
1 warm [1] 3135
1 pressure-w0-0 [0] 0
1 pressure-w0-1 [0] 4
1 pressure-w0-2 [0] 4
1 pressure-w0-3 [0] 4
1 pressure-w1-0 [1] 0
1 pressure-w1-1 [1] 4
1 pressure-w1-2 [1] 4
1 pressure-w1-3 [1] 4
1 after_pressure [1] 0
1 rewarm [1] 3135
1 failover [0] 0
1 failover_warm [0] 3135
1 after_recovery [0] 3135
1 recovery_warm [0] 3135
1 restarted_direct [1] 0
1 restarted_direct_warm [1] 3135
2 cold [0] 0
2 warm [0] 3135
2 pressure-w0-0 [0] 0
2 pressure-w0-1 [0] 4
2 pressure-w0-2 [0] 4
2 pressure-w0-3 [0] 4
2 pressure-w1-0 [1] 0
2 pressure-w1-1 [1] 4
2 pressure-w1-2 [1] 4
2 pressure-w1-3 [1] 4
2 after_pressure [0] 0
2 rewarm [0] 3135
2 failover [1] 0
2 failover_warm [1] 3135
2 after_recovery [1] 3135
2 recovery_warm [1] 3135
2 restarted_direct [0] 0
2 restarted_direct_warm [0] 3135
