{
  "status": "passed",
  "rows": [
    {
      "mode": "native",
      "median_ttft_ms": 448.3178330119699,
      "median_latency_ms": 1072.5431800819933,
      "median_request_output_tokens_per_s": 29.835628620149052,
      "distinct_outputs": 1,
      "median_client_mean_itl_ms": 20.071149323015444
    },
    {
      "mode": "schedule",
      "median_ttft_ms": 448.9178310614079,
      "median_latency_ms": 1092.448100913316,
      "median_request_output_tokens_per_s": 29.29200936250165,
      "distinct_outputs": 1,
      "median_client_mean_itl_ms": 20.742501004508906
    }
  ],
  "pairs": [
    {
      "trial": 0,
      "ttft_saving_ms": -1.1238660663366318,
      "latency_saving_ms": 42.74202324450016,
      "output_equal": true
    },
    {
      "trial": 1,
      "ttft_saving_ms": -0.32158405520021915,
      "latency_saving_ms": -16.832635970786214,
      "output_equal": true
    },
    {
      "trial": 2,
      "ttft_saving_ms": -2.0979908294975758,
      "latency_saving_ms": -9.578399127349257,
      "output_equal": true
    },
    {
      "trial": 3,
      "ttft_saving_ms": 10.140911908820271,
      "latency_saving_ms": -7.4200809467583895,
      "output_equal": true
    },
    {
      "trial": 4,
      "ttft_saving_ms": -0.8394797332584858,
      "latency_saving_ms": -118.19536588154733,
      "output_equal": true
    },
    {
      "trial": 5,
      "ttft_saving_ms": -3.3208350650966167,
      "latency_saving_ms": -102.30344999581575,
      "output_equal": true
    },
    {
      "trial": 6,
      "ttft_saving_ms": -0.13800687156617641,
      "latency_saving_ms": 25.151908164843917,
      "output_equal": true
    },
    {
      "trial": 7,
      "ttft_saving_ms": -0.5064848810434341,
      "latency_saving_ms": -16.634520841762424,
      "output_equal": true
    },
    {
      "trial": 8,
      "ttft_saving_ms": -2.8855442069470882,
      "latency_saving_ms": -26.177214225754142,
      "output_equal": true
    },
    {
      "trial": 9,
      "ttft_saving_ms": -0.811123987659812,
      "latency_saving_ms": -47.30735206976533,
      "output_equal": true
    },
    {
      "trial": 10,
      "ttft_saving_ms": 7.0673879235982895,
      "latency_saving_ms": -45.37531198002398,
      "output_equal": true
    }
  ],
  "matched_output_pairs": 11,
  "positive_ttft_pairs": 2,
  "positive_latency_pairs": 2,
  "paired_median_ttft_saving_ms": -0.811123987659812,
  "paired_median_latency_saving_ms": -16.832635970786214,
  "raw_sha256": "53b5c7561a80a6ae325dd001fb988933e02e852c924dc4fdd44da1902c1ba4a5",
  "scope": "One fixed prompt, forced 32-token output, one eager engine, concurrency 1, APC disabled. Client output events need not be individual GPU decode timestamps. No general quality or saturated throughput claim."
}
