[
  {
    "thinking": false,
    "budget": 1000,
    "warm": false,
    "busy": false,
    "passed": 0,
    "attempts": 2,
    "failure_rate": 1.0,
    "median_queue_s": 2.199492882937193e-05,
    "median_total_s": 14.117982651572675,
    "output_tokens": [
      175,
      175
    ],
    "cached_tokens": [
      0,
      0
    ]
  },
  {
    "thinking": false,
    "budget": 1000,
    "warm": false,
    "busy": true,
    "passed": 0,
    "attempts": 2,
    "failure_rate": 1.0,
    "median_queue_s": 9.920863995444961,
    "median_total_s": 24.318496882915497,
    "output_tokens": [
      175,
      175
    ],
    "cached_tokens": [
      0,
      0
    ]
  },
  {
    "thinking": false,
    "budget": 1000,
    "warm": true,
    "busy": false,
    "passed": 0,
    "attempts": 2,
    "failure_rate": 1.0,
    "median_queue_s": 1.5846453607082367e-05,
    "median_total_s": 14.968724370119162,
    "output_tokens": [
      175,
      175
    ],
    "cached_tokens": [
      144,
      144
    ]
  },
  {
    "thinking": false,
    "budget": 1000,
    "warm": true,
    "busy": true,
    "passed": 0,
    "attempts": 2,
    "failure_rate": 1.0,
    "median_queue_s": 9.908168671885505,
    "median_total_s": 23.844810072449036,
    "output_tokens": [
      175,
      175
    ],
    "cached_tokens": [
      144,
      144
    ]
  }
]
