[
  {
    "rep": 0,
    "fixed_s": 13.431184667046182,
    "additional_s": 82.32432220806368,
    "time_saved_s": -68.8931375410175,
    "extra_teaching_cost": 0.03809480913167741
  },
  {
    "rep": 1,
    "fixed_s": 13.481022292049602,
    "additional_s": 79.40669708303176,
    "time_saved_s": -65.92567479098216,
    "extra_teaching_cost": 0.03646514917804679
  },
  {
    "rep": 2,
    "fixed_s": 13.648448916967027,
    "additional_s": 79.53227629198227,
    "time_saved_s": -65.88382737501524,
    "extra_teaching_cost": 0.03647607603000425
  }
]
