{
  "comparisons": [
    {
      "task": "sequence",
      "cut": 32,
      "preserve_time_saved_vs_restart_s": 1.7641789170447737,
      "preserve_cost_saved_at1unit_per_hour": 0.0004900496991791038,
      "preserve_max_price_ratio_to_restart": 1.189318014939154,
      "restart_max_price_ratio_to_baseline": 0.6150045201008209,
      "preserve_max_price_ratio_to_baseline": 0.7314359550249152
    },
    {
      "task": "sequence",
      "cut": 96,
      "preserve_time_saved_vs_restart_s": -1.1812142910202965,
      "preserve_cost_saved_at1unit_per_hour": -0.00032811508083897123,
      "preserve_max_price_ratio_to_restart": 0.9077176491300287,
      "restart_max_price_ratio_to_baseline": 0.5844700366350375,
      "preserve_max_price_ratio_to_baseline": 0.530533767641298
    },
    {
      "task": "extract",
      "cut": 32,
      "preserve_time_saved_vs_restart_s": 0.12834524997742847,
      "preserve_cost_saved_at1unit_per_hour": 3.5651458327063464e-05,
      "preserve_max_price_ratio_to_restart": 1.0127276674789558,
      "restart_max_price_ratio_to_baseline": 0.8342895635821256,
      "preserve_max_price_ratio_to_baseline": 0.844908123728562
    },
    {
      "task": "extract",
      "cut": 96,
      "preserve_time_saved_vs_restart_s": 2.0628775419900194,
      "preserve_cost_saved_at1unit_per_hour": 0.000573021539441672,
      "preserve_max_price_ratio_to_restart": 1.1856090262800887,
      "restart_max_price_ratio_to_baseline": 0.5494970449993701,
      "preserve_max_price_ratio_to_baseline": 0.6514886564654893
    }
  ],
  "threshold_s": 6.216977451428572
}
