{
  "status": "passed",
  "rows": [
    {
      "mode": "native",
      "median_ttft_ms": 444.1933389753103,
      "median_latency_ms": 1064.1910980921239,
      "median_request_output_tokens_per_s": 30.069787331776624,
      "distinct_outputs": 1,
      "median_client_mean_itl_ms": 19.988115095803813
    },
    {
      "mode": "schedule",
      "median_ttft_ms": 444.26011899486184,
      "median_latency_ms": 1062.435921980068,
      "median_request_output_tokens_per_s": 30.119463525255632,
      "distinct_outputs": 1,
      "median_client_mean_itl_ms": 20.016862808035746
    }
  ],
  "pairs": [
    {
      "trial": 0,
      "ttft_saving_ms": -2.177107147872448,
      "latency_saving_ms": 39.253130089491606,
      "output_equal": true
    },
    {
      "trial": 1,
      "ttft_saving_ms": -0.7233608048409224,
      "latency_saving_ms": 9.15928022004664,
      "output_equal": true
    },
    {
      "trial": 2,
      "ttft_saving_ms": 2.06810818053782,
      "latency_saving_ms": 6.290964083746076,
      "output_equal": true
    },
    {
      "trial": 3,
      "ttft_saving_ms": 0.3479591105133295,
      "latency_saving_ms": 76.84986502863467,
      "output_equal": true
    },
    {
      "trial": 4,
      "ttft_saving_ms": 3.1687719747424126,
      "latency_saving_ms": -68.13794001936913,
      "output_equal": true
    },
    {
      "trial": 5,
      "ttft_saving_ms": -2.5040169712156057,
      "latency_saving_ms": 57.830903911963105,
      "output_equal": true
    },
    {
      "trial": 6,
      "ttft_saving_ms": 0.9206130634993315,
      "latency_saving_ms": -147.99391198903322,
      "output_equal": true
    },
    {
      "trial": 7,
      "ttft_saving_ms": -0.8482190314680338,
      "latency_saving_ms": -39.45054882206023,
      "output_equal": true
    },
    {
      "trial": 8,
      "ttft_saving_ms": -0.5462700501084328,
      "latency_saving_ms": -56.280934950336814,
      "output_equal": true
    },
    {
      "trial": 9,
      "ttft_saving_ms": 1.2424830347299576,
      "latency_saving_ms": -0.7727020420134068,
      "output_equal": true
    },
    {
      "trial": 10,
      "ttft_saving_ms": -0.8574910461902618,
      "latency_saving_ms": -36.7933320812881,
      "output_equal": true
    }
  ],
  "matched_output_pairs": 11,
  "positive_ttft_pairs": 5,
  "positive_latency_pairs": 5,
  "paired_median_ttft_saving_ms": -0.5462700501084328,
  "paired_median_latency_saving_ms": -0.7727020420134068,
  "raw_sha256": "c1e47533883fa41f292290f7bb0d537cef575887fd25c9b280d4a921f547db17",
  "scope": "One fixed prompt, forced 32-token output, one eager engine, concurrency 1, APC disabled. Client output events need not be individual GPU decode timestamps. No general quality or saturated throughput claim."
}
