{
  "requests": 54,
  "valid": 54,
  "conditions": [
    {
      "mode": "default",
      "protocol": "h1",
      "count": 6,
      "median_s": 1.5676705680089071,
      "samples_s": [
        1.7567025469616055,
        1.3478798288851976,
        1.7542382630053908,
        1.34284001798369,
        1.8222790569998324,
        1.3811028730124235
      ],
      "fresh_median_s": 1.7567025469616055,
      "reused_median_s": 1.3478798288851976
    },
    {
      "mode": "default",
      "protocol": "h3",
      "count": 6,
      "median_s": 1.5583060330245644,
      "samples_s": [
        1.8258945981506258,
        1.5792271730024368,
        1.557945909909904,
        1.2208109411876649,
        1.5586661561392248,
        1.2870966740883887
      ],
      "fresh_median_s": 1.5586661561392248,
      "reused_median_s": 1.2870966740883887
    },
    {
      "mode": "64k",
      "protocol": "h1",
      "count": 6,
      "median_s": 2.3211324779549614,
      "samples_s": [
        2.778042308986187,
        1.9408733770251274,
        2.69511213991791,
        1.8268402321264148,
        2.77489507291466,
        1.9471528159920126
      ],
      "fresh_median_s": 2.77489507291466,
      "reused_median_s": 1.9408733770251274
    },
    {
      "mode": "64k",
      "protocol": "h3",
      "count": 6,
      "median_s": 1.6395207814639434,
      "samples_s": [
        1.606536088977009,
        1.6725054739508778,
        1.57414637086913,
        1.3915027100592852,
        2.1347050960175693,
        2.553725144127384
      ],
      "fresh_median_s": 1.606536088977009,
      "reused_median_s": 1.6725054739508778
    },
    {
      "mode": "4m",
      "protocol": "h1",
      "count": 6,
      "median_s": 1.4442454309901223,
      "samples_s": [
        1.5506826650816947,
        1.3438225749414414,
        1.544668287038803,
        1.3418286540545523,
        1.545036403927952,
        1.3417352938558906
      ],
      "fresh_median_s": 1.545036403927952,
      "reused_median_s": 1.3418286540545523
    },
    {
      "mode": "4m",
      "protocol": "h3",
      "count": 6,
      "median_s": 1.5847191089997068,
      "samples_s": [
        1.6124812019988894,
        1.2848957739770412,
        2.666783596854657,
        2.550259310984984,
        1.5569570160005242,
        1.2851934721693397
      ],
      "fresh_median_s": 1.6124812019988894,
      "reused_median_s": 1.2851934721693397
    }
  ]
}
