{
  "requests": 54,
  "valid": 54,
  "conditions": [
    {
      "mode": "default",
      "protocol": "h1",
      "count": 6,
      "median_s": 1.4391254630172625,
      "samples_s": [
        1.555427976185456,
        1.324899598956108,
        1.5581271690316498,
        1.2221794261131436,
        1.553351327078417,
        1.2213460200000554
      ],
      "fresh_median_s": 1.555427976185456,
      "reused_median_s": 1.2221794261131436
    },
    {
      "mode": "default",
      "protocol": "h3",
      "count": 6,
      "median_s": 1.5570055750431493,
      "samples_s": [
        1.5576185618992895,
        1.282864152919501,
        3.926675137830898,
        3.1067171040922403,
        1.556392588187009,
        1.3225082319695503
      ],
      "fresh_median_s": 1.5576185618992895,
      "reused_median_s": 1.3225082319695503
    },
    {
      "mode": "64k",
      "protocol": "h1",
      "count": 6,
      "median_s": 2.3259404679993168,
      "samples_s": [
        2.532971269916743,
        1.8434885069727898,
        2.5313198410440236,
        1.8425652692094445,
        2.5303132489789277,
        2.1215676870197058
      ],
      "fresh_median_s": 2.5313198410440236,
      "reused_median_s": 1.8434885069727898
    },
    {
      "mode": "64k",
      "protocol": "h3",
      "count": 6,
      "median_s": 1.5697954419301823,
      "samples_s": [
        1.6263644699938595,
        2.401699251960963,
        1.5720861149020493,
        1.428020971827209,
        1.5675047689583153,
        1.4636342390440404
      ],
      "fresh_median_s": 1.5720861149020493,
      "reused_median_s": 1.4636342390440404
    },
    {
      "mode": "4m",
      "protocol": "h1",
      "count": 6,
      "median_s": 1.3030855880351737,
      "samples_s": [
        1.4265195238403976,
        1.1805842241737992,
        1.425932199927047,
        1.180490795057267,
        1.4255869518965483,
        1.1801479561254382
      ],
      "fresh_median_s": 1.425932199927047,
      "reused_median_s": 1.180490795057267
    },
    {
      "mode": "4m",
      "protocol": "h3",
      "count": 6,
      "median_s": 1.5579849164932966,
      "samples_s": [
        2.3088642100337893,
        2.3741349540650845,
        1.5577190569601953,
        1.278949260013178,
        1.558250776026398,
        1.2205283408984542
      ],
      "fresh_median_s": 1.558250776026398,
      "reused_median_s": 1.278949260013178
    }
  ]
}
