{
  "requests": 162,
  "valid": 162,
  "conditions": [
    {
      "trace_samples_s": [
        4.416978203924373,
        4.4168940940871835,
        4.706676208879799
      ],
      "median_trace_s": 4.416978203924373,
      "mode": "default",
      "protocol": "h1",
      "count": 24,
      "median_s": 0.556218073470518,
      "samples_s": [
        0.7407573407981545,
        0.5368516501039267,
        0.5446888580918312,
        0.4348040921613574,
        0.581464366056025,
        0.4362446509767324,
        0.5679651431273669,
        0.5729132231790572,
        0.741288973018527,
        0.536120236152783,
        0.5450738607905805,
        0.43509927205741405,
        0.5807047369889915,
        0.43650907510891557,
        0.5673622861504555,
        0.5733787009958178,
        1.02824393985793,
        0.5356242728885263,
        0.5445884249638766,
        0.43588941101916134,
        0.5819020799826831,
        0.43704632902517915,
        0.5681416389998049,
        0.5740635199472308
      ],
      "fresh_median_s": 0.741288973018527,
      "reused_median_s": 0.5446888580918312
    },
    {
      "trace_samples_s": [
        4.518602379132062,
        4.51937740505673,
        4.517195798223838
      ],
      "median_trace_s": 4.518602379132062,
      "mode": "default",
      "protocol": "h3",
      "count": 24,
      "median_s": 0.5591349744936451,
      "samples_s": [
        0.8202505130320787,
        0.5390140770468861,
        0.5478334659710526,
        0.43842540797777474,
        0.5841732658445835,
        0.44010481401346624,
        0.5702696740627289,
        0.5772023440804332,
        0.8208848920185119,
        0.5390154090709984,
        0.5480002749245614,
        0.43812990793958306,
        0.5845777029171586,
        0.4400692479684949,
        0.5707118448335677,
        0.5765977958217263,
        0.8185597970150411,
        0.5392344270367175,
        0.547630068147555,
        0.43804107909090817,
        0.5840372079983354,
        0.439306799788028,
        0.5725279978942126,
        0.5766329229809344
      ],
      "fresh_median_s": 0.8202505130320787,
      "reused_median_s": 0.5478334659710526
    },
    {
      "trace_samples_s": [
        4.613401164999232,
        4.618189115077257,
        4.617467806907371
      ],
      "median_trace_s": 4.617467806907371,
      "mode": "64k",
      "protocol": "h1",
      "count": 24,
      "median_s": 0.5769831569632515,
      "samples_s": [
        0.7403232818469405,
        0.6159486318938434,
        0.6044733100570738,
        0.493063114117831,
        0.5805958460550755,
        0.43636667309328914,
        0.5679920241236687,
        0.5733704678714275,
        0.7423032009974122,
        0.6160462079569697,
        0.6045871400274336,
        0.49298266717232764,
        0.5817570709623396,
        0.43654238199815154,
        0.5694751699920744,
        0.5731969659682363,
        0.7420091649983078,
        0.6164509130176157,
        0.6046138119418174,
        0.49201716389507055,
        0.5817703159991652,
        0.43943652603775263,
        0.5671217038761824,
        0.5727910550776869
      ],
      "fresh_median_s": 0.7420091649983078,
      "reused_median_s": 0.5731969659682363
    },
    {
      "trace_samples_s": [
        4.9900230939965695,
        5.065485877916217,
        4.989255941938609
      ],
      "median_trace_s": 4.9900230939965695,
      "mode": "64k",
      "protocol": "h3",
      "count": 24,
      "median_s": 0.6266462680650875,
      "samples_s": [
        0.8213648409582675,
        0.6061093700118363,
        0.6152488379739225,
        0.5053049721755087,
        0.6517182071693242,
        0.5072941561229527,
        0.6381353370379657,
        0.6434683608822525,
        0.8215002110227942,
        0.6066277688369155,
        0.6153844019863755,
        0.5717130051925778,
        0.6527356919832528,
        0.5074813780374825,
        0.6379081341437995,
        0.6430753711611032,
        0.8200687249191105,
        0.606893080053851,
        0.6152815269306302,
        0.5059141139499843,
        0.6511615391355008,
        0.5066707450896502,
        0.6381261481437832,
        0.6437520128674805
      ],
      "fresh_median_s": 0.8213648409582675,
      "reused_median_s": 0.6152815269306302
    },
    {
      "trace_samples_s": [
        4.351957494858652,
        4.356123039033264,
        4.772979526082054
      ],
      "median_trace_s": 4.356123039033264,
      "mode": "4m",
      "protocol": "h1",
      "count": 24,
      "median_s": 0.5566430249018595,
      "samples_s": [
        0.6765061009209603,
        0.5360340401530266,
        0.544802910881117,
        0.4348824378103018,
        0.5806411779485643,
        0.43723408598452806,
        0.5672759599983692,
        0.5733007139060646,
        0.6777189089916646,
        0.5362879598978907,
        0.5456495250109583,
        0.4359546850901097,
        0.5808969761710614,
        0.43659767392091453,
        0.5675382469780743,
        0.5742143590468913,
        0.6780071300454438,
        0.5360037628561258,
        0.5460100898053497,
        0.43605344695970416,
        0.5805997957941145,
        0.43837064201943576,
        0.983719065785408,
        0.5730460789054632
      ],
      "fresh_median_s": 0.6777189089916646,
      "reused_median_s": 0.5456495250109583
    },
    {
      "trace_samples_s": [
        4.518215407850221,
        4.571494665928185,
        4.566055050119758
      ],
      "median_trace_s": 4.566055050119758,
      "mode": "4m",
      "protocol": "h3",
      "count": 24,
      "median_s": 0.5707328850403428,
      "samples_s": [
        0.8213960591237992,
        0.5386849080678076,
        0.547210322925821,
        0.43808835302479565,
        0.5839874849189073,
        0.43974485504440963,
        0.5708341270219535,
        0.5769445141777396,
        0.818917138967663,
        0.540569206001237,
        0.5477598821744323,
        0.4914998640306294,
        0.584767138119787,
        0.4394815161358565,
        0.5706316430587322,
        0.5766158190090209,
        0.8232300418894738,
        0.5391989429481328,
        0.5886247861199081,
        0.4406160428188741,
        0.5844745149370283,
        0.44051800412125885,
        0.5712958578951657,
        0.5768206990323961
      ],
      "fresh_median_s": 0.8213960591237992,
      "reused_median_s": 0.5477598821744323
    }
  ]
}
