{
  "requests": 54,
  "valid": 54,
  "conditions": [
    {
      "mode": "default",
      "protocol": "h1",
      "count": 6,
      "median_s": 7.3641687710769475,
      "samples_s": [
        7.60986267705448,
        7.098054165951908,
        7.615567493950948,
        7.1528379211667925,
        7.575499620987102,
        7.059412962989882
      ],
      "fresh_median_s": 7.60986267705448,
      "reused_median_s": 7.098054165951908
    },
    {
      "mode": "default",
      "protocol": "h3",
      "count": 6,
      "median_s": 24.346992061007768,
      "samples_s": [
        13.475026204017922,
        27.21402956987731,
        24.150890472112224,
        23.294446875108406,
        24.543093649903312,
        27.96514990297146
      ],
      "fresh_median_s": 24.150890472112224,
      "reused_median_s": 27.21402956987731
    },
    {
      "mode": "64k",
      "protocol": "h1",
      "count": 6,
      "median_s": 17.311047804541886,
      "samples_s": [
        19.2889870069921,
        15.263404346071184,
        19.301035136915743,
        15.237835620995611,
        19.283297690097243,
        15.33879791898653
      ],
      "fresh_median_s": 19.2889870069921,
      "reused_median_s": 15.263404346071184
    },
    {
      "mode": "64k",
      "protocol": "h3",
      "count": 6,
      "median_s": 23.185129723977298,
      "samples_s": [
        18.362112160073593,
        25.245128320064396,
        29.021614684024826,
        22.958661038894206,
        17.274115266045555,
        23.41159840906039
      ],
      "fresh_median_s": 18.362112160073593,
      "reused_median_s": 23.41159840906039
    },
    {
      "mode": "4m",
      "protocol": "h1",
      "count": 6,
      "median_s": 7.1538762404816225,
      "samples_s": [
        7.205766879953444,
        7.059028189862147,
        7.396769469138235,
        7.049181018024683,
        7.255941797979176,
        7.101985601009801
      ],
      "fresh_median_s": 7.255941797979176,
      "reused_median_s": 7.059028189862147
    },
    {
      "mode": "4m",
      "protocol": "h3",
      "count": 6,
      "median_s": 24.27901780360844,
      "samples_s": [
        16.978951280005276,
        27.767726282123476,
        20.322908868081868,
        26.916358756134287,
        24.036266225157306,
        24.521769382059574
      ],
      "fresh_median_s": 20.322908868081868,
      "reused_median_s": 26.916358756134287
    }
  ]
}
