START asr trial0-default
{"requests": 6, "failures": 0, "server_errors": []}
DONE asr trial0-default
START asr trial0-64k
{"requests": 6, "failures": 0, "server_errors": []}
DONE asr trial0-64k
START asr trial0-4m
{"requests": 6, "failures": 0, "server_errors": []}
DONE asr trial0-4m
START asr trial1-64k
{"requests": 6, "failures": 0, "server_errors": []}
DONE asr trial1-64k
START asr trial1-4m
{"requests": 6, "failures": 0, "server_errors": []}
DONE asr trial1-4m
START asr trial1-default
{"requests": 6, "failures": 0, "server_errors": []}
DONE asr trial1-default
START asr trial2-4m
{"requests": 6, "failures": 0, "server_errors": []}
DONE asr trial2-4m
START asr trial2-default
{"requests": 6, "failures": 0, "server_errors": []}
DONE asr trial2-default
START asr trial2-64k
{"requests": 6, "failures": 0, "server_errors": []}
DONE asr trial2-64k
START tts trial0-default
{"requests": 6, "failures": 0, "server_errors": []}
DONE tts trial0-default
START tts trial0-64k
{"requests": 6, "failures": 0, "server_errors": []}
DONE tts trial0-64k
START tts trial0-4m
{"requests": 6, "failures": 0, "server_errors": []}
DONE tts trial0-4m
START tts trial1-64k
{"requests": 6, "failures": 0, "server_errors": []}
DONE tts trial1-64k
START tts trial1-4m
{"requests": 6, "failures": 0, "server_errors": []}
DONE tts trial1-4m
START tts trial1-default
{"requests": 6, "failures": 0, "server_errors": []}
DONE tts trial1-default
START tts trial2-4m
{"requests": 6, "failures": 0, "server_errors": []}
DONE tts trial2-4m
START tts trial2-default
{"requests": 6, "failures": 0, "server_errors": []}
DONE tts trial2-default
START tts trial2-64k
{"requests": 6, "failures": 0, "server_errors": []}
DONE tts trial2-64k
START computer trial0-default
{"requests": 18, "failures": 0, "server_errors": []}
DONE computer trial0-default
START computer trial0-64k
{"requests": 18, "failures": 0, "server_errors": []}
DONE computer trial0-64k
START computer trial0-4m
{"requests": 18, "failures": 0, "server_errors": []}
DONE computer trial0-4m
START computer trial1-64k
{"requests": 18, "failures": 0, "server_errors": []}
DONE computer trial1-64k
START computer trial1-4m
{"requests": 18, "failures": 0, "server_errors": []}
DONE computer trial1-4m
START computer trial1-default
{"requests": 18, "failures": 0, "server_errors": []}
DONE computer trial1-default
START computer trial2-4m
{"requests": 18, "failures": 0, "server_errors": []}
DONE computer trial2-4m
START computer trial2-default
{"requests": 18, "failures": 0, "server_errors": []}
DONE computer trial2-default
START computer trial2-64k
{"requests": 18, "failures": 0, "server_errors": []}
DONE computer trial2-64k
START image trial0-default
{"requests": 6, "failures": 0, "server_errors": []}
DONE image trial0-default
START image trial0-64k
{"requests": 6, "failures": 0, "server_errors": []}
DONE image trial0-64k
START image trial0-4m
{"requests": 6, "failures": 0, "server_errors": []}
DONE image trial0-4m
START image trial1-64k
{"requests": 6, "failures": 0, "server_errors": []}
DONE image trial1-64k
START image trial1-4m
{"requests": 6, "failures": 0, "server_errors": []}
DONE image trial1-4m
START image trial1-default
{"requests": 6, "failures": 0, "server_errors": []}
DONE image trial1-default
START image trial2-4m
{"requests": 6, "failures": 0, "server_errors": []}
DONE image trial2-4m
START image trial2-default
{"requests": 6, "failures": 0, "server_errors": []}
DONE image trial2-default
START image trial2-64k
{"requests": 6, "failures": 0, "server_errors": []}
DONE image trial2-64k
