{
  "requests": 54,
  "valid": 54,
  "conditions": [
    {
      "first_body_ms": 163.43535052146763,
      "first_frame_ms": 477.0683200331405,
      "three_frames_ms": 478.6083059152588,
      "first_frame_samples_ms": [
        558.4933259524405,
        395.64331411384046,
        559.6734499558806,
        394.88166803494096,
        558.9592740871012,
        395.2379240654409
      ],
      "mode": "default",
      "protocol": "h1",
      "count": 6,
      "median_s": 1.1972266915254295,
      "samples_s": [
        1.2649660899769515,
        1.1288896191399544,
        1.2663543748203665,
        1.1287984631489962,
        1.266532524023205,
        1.1294872930739075
      ],
      "fresh_median_s": 1.2663543748203665,
      "reused_median_s": 1.1288896191399544
    },
    {
      "first_body_ms": 125.53769606165588,
      "first_frame_ms": 438.73174814507365,
      "three_frames_ms": 440.36542903631926,
      "first_frame_samples_ms": [
        481.9243880920112,
        395.6226052250713,
        481.840891065076,
        394.0956809092313,
        564.997942885384,
        394.83437105081975
      ],
      "mode": "default",
      "protocol": "h3",
      "count": 6,
      "median_s": 1.5170439394423738,
      "samples_s": [
        1.3807513359934092,
        1.2494184041861445,
        1.4005276130046695,
        1.633560265880078,
        3.8486695759929717,
        2.6098529850132763
      ],
      "fresh_median_s": 1.4005276130046695,
      "reused_median_s": 1.633560265880078
    },
    {
      "first_body_ms": 163.30104041844606,
      "first_frame_ms": 476.898408960551,
      "three_frames_ms": 478.47021848428994,
      "first_frame_samples_ms": [
        558.4066219162196,
        394.829582888633,
        558.3609179593623,
        395.34018305130303,
        558.4616078995168,
        395.4358999617398
      ],
      "mode": "64k",
      "protocol": "h1",
      "count": 6,
      "median_s": 1.6919610215118155,
      "samples_s": [
        1.8929972779005766,
        1.511584963882342,
        1.8722197429742664,
        1.5117023000493646,
        1.953631732845679,
        1.4974660719744861
      ],
      "fresh_median_s": 1.8929972779005766,
      "reused_median_s": 1.511584963882342
    },
    {
      "first_body_ms": 125.6353510543704,
      "first_frame_ms": 438.36729251779616,
      "three_frames_ms": 439.9864849401638,
      "first_frame_samples_ms": [
        481.44448501989245,
        394.95812403038144,
        481.80307098664343,
        395.29010001569986,
        481.776769971475,
        394.435556139797
      ],
      "mode": "64k",
      "protocol": "h3",
      "count": 6,
      "median_s": 1.7431028104620054,
      "samples_s": [
        3.840411664918065,
        2.064953377004713,
        1.2797126399818808,
        1.1773270978592336,
        1.421252243919298,
        2.594766213092953
      ],
      "fresh_median_s": 1.421252243919298,
      "reused_median_s": 2.064953377004713
    },
    {
      "first_body_ms": 163.38832152541727,
      "first_frame_ms": 477.1677079843357,
      "three_frames_ms": 478.7252388196066,
      "first_frame_samples_ms": [
        559.2800970189273,
        395.0332449749112,
        558.4848001599312,
        395.6831810064614,
        558.2043079193681,
        396.1311080493033
      ],
      "mode": "4m",
      "protocol": "h1",
      "count": 6,
      "median_s": 1.191047817002982,
      "samples_s": [
        1.2530289660207927,
        1.1286145010963082,
        1.2912615530658513,
        1.129066667985171,
        1.2908948208205402,
        1.128723420901224
      ],
      "fresh_median_s": 1.2908948208205402,
      "reused_median_s": 1.128723420901224
    },
    {
      "first_body_ms": 125.9705905104056,
      "first_frame_ms": 438.3354369783774,
      "three_frames_ms": 439.9648574180901,
      "first_frame_samples_ms": [
        481.55680601485074,
        394.3552791606635,
        481.42952704802155,
        394.7547059506178,
        481.0055340640247,
        395.6653398927301
      ],
      "mode": "4m",
      "protocol": "h3",
      "count": 6,
      "median_s": 1.2118489640997723,
      "samples_s": [
        1.2973671010695398,
        1.1759741981513798,
        1.2477237300481647,
        1.0978072499856353,
        1.2927644599694759,
        1.1516198248136789
      ],
      "fresh_median_s": 1.2927644599694759,
      "reused_median_s": 1.1516198248136789
    }
  ]
}
