{
  "requests": 54,
  "valid": 54,
  "conditions": [
    {
      "mode": "default",
      "protocol": "h1",
      "count": 6,
      "median_s": 7.293085607467219,
      "samples_s": [
        7.522748374845833,
        7.026178197935224,
        7.631820059148595,
        7.063422840088606,
        7.546106783207506,
        6.997834326932207
      ],
      "fresh_median_s": 7.546106783207506,
      "reused_median_s": 7.026178197935224
    },
    {
      "mode": "default",
      "protocol": "h3",
      "count": 6,
      "median_s": 29.09927099896595,
      "samples_s": [
        23.98673770390451,
        27.429488813038915,
        30.769053184892982,
        31.136420167051256,
        32.04953723703511,
        21.490581024205312
      ],
      "fresh_median_s": 30.769053184892982,
      "reused_median_s": 27.429488813038915
    },
    {
      "mode": "64k",
      "protocol": "h1",
      "count": 6,
      "median_s": 17.21864205400925,
      "samples_s": [
        19.400999979116023,
        13.576418352080509,
        19.213477998040617,
        15.195497838081792,
        19.275557739194483,
        15.223806109977886
      ],
      "fresh_median_s": 19.275557739194483,
      "reused_median_s": 15.195497838081792
    },
    {
      "mode": "64k",
      "protocol": "h3",
      "count": 6,
      "median_s": 20.2272436178755,
      "samples_s": [
        20.977107206825167,
        28.309006273048,
        17.78375373315066,
        17.528316157171503,
        19.477380028925836,
        22.30013776407577
      ],
      "fresh_median_s": 19.477380028925836,
      "reused_median_s": 22.30013776407577
    },
    {
      "mode": "4m",
      "protocol": "h1",
      "count": 6,
      "median_s": 7.168954731081612,
      "samples_s": [
        7.298838577931747,
        7.0875815148465335,
        7.266214479925111,
        7.055836105020717,
        7.24593645404093,
        7.091973008122295
      ],
      "fresh_median_s": 7.266214479925111,
      "reused_median_s": 7.0875815148465335
    },
    {
      "mode": "4m",
      "protocol": "h3",
      "count": 6,
      "median_s": 19.843667521490715,
      "samples_s": [
        15.819575847126544,
        30.65496614598669,
        19.19780242908746,
        20.48953261389397,
        17.492763292975724,
        30.325476720929146
      ],
      "fresh_median_s": 17.492763292975724,
      "reused_median_s": 30.325476720929146
    }
  ]
}
