START trial0-4m
{"requests": 6, "failures": 0, "server_errors": []}
DONE trial0-4m
START trial0-default
{"requests": 6, "failures": 0, "server_errors": []}
DONE trial0-default
START trial0-64k
{"requests": 6, "failures": 0, "server_errors": []}
DONE trial0-64k
START trial1-4m
{"requests": 6, "failures": 0, "server_errors": []}
DONE trial1-4m
START trial1-default
{"requests": 6, "failures": 0, "server_errors": []}
DONE trial1-default
START trial1-64k
{"requests": 6, "failures": 0, "server_errors": []}
DONE trial1-64k
START trial2-4m
{"requests": 6, "failures": 0, "server_errors": []}
DONE trial2-4m
START trial2-default
{"requests": 6, "failures": 0, "server_errors": []}
DONE trial2-default
START trial2-64k
{"requests": 6, "failures": 0, "server_errors": []}
DONE trial2-64k
