[
  {
    "policy": "fixed",
    "evaluated_attempts": 4,
    "no_route_states": 0,
    "successes": 0,
    "failure_rate": 1.0,
    "teaching_spent": 0.0012732,
    "teaching_cost_per_success_including_failures": null,
    "real_provider_billed_cost": null
  },
  {
    "policy": "lowest_token_unit_price",
    "evaluated_attempts": 4,
    "no_route_states": 0,
    "successes": 0,
    "failure_rate": 1.0,
    "teaching_spent": 0.000174,
    "teaching_cost_per_success_including_failures": null,
    "real_provider_billed_cost": null
  },
  {
    "policy": "quality_constrained",
    "evaluated_attempts": 0,
    "no_route_states": 4,
    "successes": 0,
    "failure_rate": null,
    "teaching_spent": 0,
    "teaching_cost_per_success_including_failures": null,
    "real_provider_billed_cost": null
  }
]
