time="2026-09-14T18:57:15.977778570Z" level=info msg="Starting up"
time="2026-09-14T18:57:15.977849352Z" level=warning msg="Running experimental build"
time="2026-09-14T18:57:15.978709941Z" level=debug msg="Listener created for HTTP on unix (/run/book1102-d24.sock)"
time="2026-09-14T18:57:15.978856603Z" level=info msg="detected 127.0.0.53 nameserver, assuming systemd-resolved, so using resolv.conf: /run/systemd/resolve/resolv.conf"
time="2026-09-14T18:57:15.978985338Z" level=debug msg="Golang's threads limit set to 1387350"
time="2026-09-14T18:57:15.979363373Z" level=debug msg="metrics API listening on /run/book1102-d24/metrics.sock"
time="2026-09-14T18:57:15.980803967Z" level=debug msg="Using default logging driver json-file"
time="2026-09-14T18:57:15.980917288Z" level=debug msg="No quota support for local volumes in /home/ubuntu/ai-infra-book-experiments/ch11/11-02/docker-lifecycle/isolated-daemon/docker24/data/volumes: Filesystem does not support, or has not enabled quotas"
time="2026-09-14T18:57:15.980938618Z" level=debug msg="processing event stream" module=libcontainerd namespace=plugins.moby
time="2026-09-14T18:57:16.020486338Z" level=debug msg="[graphdriver] priority list: [overlay2 fuse-overlayfs btrfs zfs devicemapper vfs]"
time="2026-09-14T18:57:16.527751623Z" level=debug msg="successfully detected metacopy status" storage-driver=overlay2 usingMetacopy=false
time="2026-09-14T18:57:16.534028620Z" level=debug msg="backingFs=extfs, projectQuotaSupported=false, usingMetacopy=false, indexOff=\"index=off,\", userxattr=\"\"" storage-driver=overlay2
time="2026-09-14T18:57:16.534064350Z" level=debug msg="Initialized graph driver overlay2"
time="2026-09-14T18:57:16.539791731Z" level=debug msg="Max Concurrent Downloads: 3"
time="2026-09-14T18:57:16.539806239Z" level=debug msg="Max Concurrent Uploads: 5"
time="2026-09-14T18:57:16.539810518Z" level=debug msg="Max Download Attempts: 5"
time="2026-09-14T18:57:16.539836981Z" level=info msg="Loading containers: start."
time="2026-09-14T18:57:16.539866952Z" level=debug msg="Option DefaultDriver: bridge"
time="2026-09-14T18:57:16.539872789Z" level=debug msg="Option DefaultNetwork: bridge"
time="2026-09-14T18:57:16.539879507Z" level=debug msg="Network Control Plane MTU: 1500"
time="2026-09-14T18:57:16.539941704Z" level=debug msg="processing event stream" module=libcontainerd namespace=book1102
time="2026-09-14T18:57:16.575314057Z" level=info msg="Loading containers: done."
time="2026-09-14T18:57:16.584622942Z" level=warning msg="WARNING: bridge-nf-call-iptables is disabled"
time="2026-09-14T18:57:16.584642084Z" level=warning msg="WARNING: bridge-nf-call-ip6tables is disabled"
time="2026-09-14T18:57:16.584656974Z" level=info msg="Docker daemon" commit=fca702d graphdriver=overlay2 version=24.0.9
time="2026-09-14T18:57:16.584724657Z" level=info msg="Daemon has completed initialization"
time="2026-09-14T18:57:16.639974926Z" level=debug msg="Registering routers"
time="2026-09-14T18:57:16.640000487Z" level=debug msg="Registering GET, /containers/{name:.*}/checkpoints"
time="2026-09-14T18:57:16.640058266Z" level=debug msg="Registering POST, /containers/{name:.*}/checkpoints"
time="2026-09-14T18:57:16.640088091Z" level=debug msg="Registering DELETE, /containers/{name}/checkpoints/{checkpoint}"
time="2026-09-14T18:57:16.640154529Z" level=debug msg="Registering HEAD, /containers/{name:.*}/archive"
time="2026-09-14T18:57:16.640184542Z" level=debug msg="Registering GET, /containers/json"
time="2026-09-14T18:57:16.640212083Z" level=debug msg="Registering GET, /containers/{name:.*}/export"
time="2026-09-14T18:57:16.640243026Z" level=debug msg="Registering GET, /containers/{name:.*}/changes"
time="2026-09-14T18:57:16.640284176Z" level=debug msg="Registering GET, /containers/{name:.*}/json"
time="2026-09-14T18:57:16.640314316Z" level=debug msg="Registering GET, /containers/{name:.*}/top"
time="2026-09-14T18:57:16.640341387Z" level=debug msg="Registering GET, /containers/{name:.*}/logs"
time="2026-09-14T18:57:16.640364874Z" level=debug msg="Registering GET, /containers/{name:.*}/stats"
time="2026-09-14T18:57:16.640387969Z" level=debug msg="Registering GET, /containers/{name:.*}/attach/ws"
time="2026-09-14T18:57:16.640441177Z" level=debug msg="Registering GET, /exec/{id:.*}/json"
time="2026-09-14T18:57:16.640462893Z" level=debug msg="Registering GET, /containers/{name:.*}/archive"
time="2026-09-14T18:57:16.640485826Z" level=debug msg="Registering POST, /containers/create"
time="2026-09-14T18:57:16.640507355Z" level=debug msg="Registering POST, /containers/{name:.*}/kill"
time="2026-09-14T18:57:16.640533965Z" level=debug msg="Registering POST, /containers/{name:.*}/pause"
time="2026-09-14T18:57:16.640568314Z" level=debug msg="Registering POST, /containers/{name:.*}/unpause"
time="2026-09-14T18:57:16.640599910Z" level=debug msg="Registering POST, /containers/{name:.*}/restart"
time="2026-09-14T18:57:16.640623872Z" level=debug msg="Registering POST, /containers/{name:.*}/start"
time="2026-09-14T18:57:16.640652875Z" level=debug msg="Registering POST, /containers/{name:.*}/stop"
time="2026-09-14T18:57:16.640683108Z" level=debug msg="Registering POST, /containers/{name:.*}/wait"
time="2026-09-14T18:57:16.640704492Z" level=debug msg="Registering POST, /containers/{name:.*}/resize"
time="2026-09-14T18:57:16.640733395Z" level=debug msg="Registering POST, /containers/{name:.*}/attach"
time="2026-09-14T18:57:16.640763599Z" level=debug msg="Registering POST, /containers/{name:.*}/copy"
time="2026-09-14T18:57:16.640787297Z" level=debug msg="Registering POST, /containers/{name:.*}/exec"
time="2026-09-14T18:57:16.640811242Z" level=debug msg="Registering POST, /exec/{name:.*}/start"
time="2026-09-14T18:57:16.640834196Z" level=debug msg="Registering POST, /exec/{name:.*}/resize"
time="2026-09-14T18:57:16.640862399Z" level=debug msg="Registering POST, /containers/{name:.*}/rename"
time="2026-09-14T18:57:16.640886308Z" level=debug msg="Registering POST, /containers/{name:.*}/update"
time="2026-09-14T18:57:16.640907434Z" level=debug msg="Registering POST, /containers/prune"
time="2026-09-14T18:57:16.640924412Z" level=debug msg="Registering POST, /commit"
time="2026-09-14T18:57:16.640940343Z" level=debug msg="Registering PUT, /containers/{name:.*}/archive"
time="2026-09-14T18:57:16.640966883Z" level=debug msg="Registering DELETE, /containers/{name:.*}"
time="2026-09-14T18:57:16.640989559Z" level=debug msg="Registering GET, /images/json"
time="2026-09-14T18:57:16.641008761Z" level=debug msg="Registering GET, /images/search"
time="2026-09-14T18:57:16.641029756Z" level=debug msg="Registering GET, /images/get"
time="2026-09-14T18:57:16.641048719Z" level=debug msg="Registering GET, /images/{name:.*}/get"
time="2026-09-14T18:57:16.641068230Z" level=debug msg="Registering GET, /images/{name:.*}/history"
time="2026-09-14T18:57:16.641090261Z" level=debug msg="Registering GET, /images/{name:.*}/json"
time="2026-09-14T18:57:16.641111365Z" level=debug msg="Registering POST, /images/load"
time="2026-09-14T18:57:16.641126531Z" level=debug msg="Registering POST, /images/create"
time="2026-09-14T18:57:16.641140578Z" level=debug msg="Registering POST, /images/{name:.*}/push"
time="2026-09-14T18:57:16.641166240Z" level=debug msg="Registering POST, /images/{name:.*}/tag"
time="2026-09-14T18:57:16.641185915Z" level=debug msg="Registering POST, /images/prune"
time="2026-09-14T18:57:16.641205759Z" level=debug msg="Registering DELETE, /images/{name:.*}"
time="2026-09-14T18:57:16.641234899Z" level=debug msg="Registering OPTIONS, /{anyroute:.*}"
time="2026-09-14T18:57:16.641254696Z" level=debug msg="Registering GET, /_ping"
time="2026-09-14T18:57:16.641269733Z" level=debug msg="Registering HEAD, /_ping"
time="2026-09-14T18:57:16.641282517Z" level=debug msg="Registering GET, /events"
time="2026-09-14T18:57:16.641297412Z" level=debug msg="Registering GET, /info"
time="2026-09-14T18:57:16.641316333Z" level=debug msg="Registering GET, /version"
time="2026-09-14T18:57:16.641332628Z" level=debug msg="Registering GET, /system/df"
time="2026-09-14T18:57:16.641354246Z" level=debug msg="Registering POST, /auth"
time="2026-09-14T18:57:16.641372946Z" level=debug msg="Registering GET, /volumes"
time="2026-09-14T18:57:16.641393989Z" level=debug msg="Registering GET, /volumes/{name:.*}"
time="2026-09-14T18:57:16.641426854Z" level=debug msg="Registering POST, /volumes/create"
time="2026-09-14T18:57:16.641443598Z" level=debug msg="Registering POST, /volumes/prune"
time="2026-09-14T18:57:16.641465166Z" level=debug msg="Registering PUT, /volumes/{name:.*}"
time="2026-09-14T18:57:16.641486011Z" level=debug msg="Registering DELETE, /volumes/{name:.*}"
time="2026-09-14T18:57:16.641505986Z" level=debug msg="Registering POST, /build"
time="2026-09-14T18:57:16.641518995Z" level=debug msg="Registering POST, /build/prune"
time="2026-09-14T18:57:16.641532106Z" level=debug msg="Registering POST, /build/cancel"
time="2026-09-14T18:57:16.641548077Z" level=debug msg="Registering POST, /session"
time="2026-09-14T18:57:16.641564235Z" level=debug msg="Registering POST, /swarm/init"
time="2026-09-14T18:57:16.641581188Z" level=debug msg="Registering POST, /swarm/join"
time="2026-09-14T18:57:16.641595157Z" level=debug msg="Registering POST, /swarm/leave"
time="2026-09-14T18:57:16.641610183Z" level=debug msg="Registering GET, /swarm"
time="2026-09-14T18:57:16.641626047Z" level=debug msg="Registering GET, /swarm/unlockkey"
time="2026-09-14T18:57:16.641641913Z" level=debug msg="Registering POST, /swarm/update"
time="2026-09-14T18:57:16.641656874Z" level=debug msg="Registering POST, /swarm/unlock"
time="2026-09-14T18:57:16.641674576Z" level=debug msg="Registering GET, /services"
time="2026-09-14T18:57:16.641718899Z" level=debug msg="Registering GET, /services/{id}"
time="2026-09-14T18:57:16.641740608Z" level=debug msg="Registering POST, /services/create"
time="2026-09-14T18:57:16.641758205Z" level=debug msg="Registering POST, /services/{id}/update"
time="2026-09-14T18:57:16.641786179Z" level=debug msg="Registering DELETE, /services/{id}"
time="2026-09-14T18:57:16.641812330Z" level=debug msg="Registering GET, /services/{id}/logs"
time="2026-09-14T18:57:16.641834693Z" level=debug msg="Registering GET, /nodes"
time="2026-09-14T18:57:16.641848777Z" level=debug msg="Registering GET, /nodes/{id}"
time="2026-09-14T18:57:16.641870482Z" level=debug msg="Registering DELETE, /nodes/{id}"
time="2026-09-14T18:57:16.641890069Z" level=debug msg="Registering POST, /nodes/{id}/update"
time="2026-09-14T18:57:16.641914823Z" level=debug msg="Registering GET, /tasks"
time="2026-09-14T18:57:16.641927113Z" level=debug msg="Registering GET, /tasks/{id}"
time="2026-09-14T18:57:16.641949607Z" level=debug msg="Registering GET, /tasks/{id}/logs"
time="2026-09-14T18:57:16.641988845Z" level=debug msg="Registering GET, /secrets"
time="2026-09-14T18:57:16.642002982Z" level=debug msg="Registering POST, /secrets/create"
time="2026-09-14T18:57:16.642018969Z" level=debug msg="Registering DELETE, /secrets/{id}"
time="2026-09-14T18:57:16.642043543Z" level=debug msg="Registering GET, /secrets/{id}"
time="2026-09-14T18:57:16.642068167Z" level=debug msg="Registering POST, /secrets/{id}/update"
time="2026-09-14T18:57:16.642093343Z" level=debug msg="Registering GET, /configs"
time="2026-09-14T18:57:16.642108836Z" level=debug msg="Registering POST, /configs/create"
time="2026-09-14T18:57:16.642126957Z" level=debug msg="Registering DELETE, /configs/{id}"
time="2026-09-14T18:57:16.642147687Z" level=debug msg="Registering GET, /configs/{id}"
time="2026-09-14T18:57:16.642169180Z" level=debug msg="Registering POST, /configs/{id}/update"
time="2026-09-14T18:57:16.642199373Z" level=debug msg="Registering GET, /plugins"
time="2026-09-14T18:57:16.642221389Z" level=debug msg="Registering GET, /plugins/{name:.*}/json"
time="2026-09-14T18:57:16.642245576Z" level=debug msg="Registering GET, /plugins/privileges"
time="2026-09-14T18:57:16.642266666Z" level=debug msg="Registering DELETE, /plugins/{name:.*}"
time="2026-09-14T18:57:16.642290008Z" level=debug msg="Registering POST, /plugins/{name:.*}/enable"
time="2026-09-14T18:57:16.642312621Z" level=debug msg="Registering POST, /plugins/{name:.*}/disable"
time="2026-09-14T18:57:16.642335151Z" level=debug msg="Registering POST, /plugins/pull"
time="2026-09-14T18:57:16.642353550Z" level=debug msg="Registering POST, /plugins/{name:.*}/push"
time="2026-09-14T18:57:16.642373696Z" level=debug msg="Registering POST, /plugins/{name:.*}/upgrade"
time="2026-09-14T18:57:16.642395946Z" level=debug msg="Registering POST, /plugins/{name:.*}/set"
time="2026-09-14T18:57:16.642418181Z" level=debug msg="Registering POST, /plugins/create"
time="2026-09-14T18:57:16.642434693Z" level=debug msg="Registering GET, /distribution/{name:.*}/json"
time="2026-09-14T18:57:16.642465468Z" level=debug msg="Registering POST, /grpc"
time="2026-09-14T18:57:16.642481588Z" level=debug msg="Registering GET, /networks"
time="2026-09-14T18:57:16.642496437Z" level=debug msg="Registering GET, /networks/"
time="2026-09-14T18:57:16.642511333Z" level=debug msg="Registering GET, /networks/{id:.+}"
time="2026-09-14T18:57:16.642533247Z" level=debug msg="Registering POST, /networks/create"
time="2026-09-14T18:57:16.642549074Z" level=debug msg="Registering POST, /networks/{id:.*}/connect"
time="2026-09-14T18:57:16.642586644Z" level=debug msg="Registering POST, /networks/{id:.*}/disconnect"
time="2026-09-14T18:57:16.642612558Z" level=debug msg="Registering POST, /networks/prune"
time="2026-09-14T18:57:16.642627951Z" level=debug msg="Registering DELETE, /networks/{id:.*}"
time="2026-09-14T18:57:16.642790916Z" level=info msg="API listen on /run/book1102-d24.sock"
time="2026-09-14T18:57:16.642991633Z" level=debug msg="Calling HEAD /_ping"
time="2026-09-14T18:57:16.643239956Z" level=debug msg="Calling GET /v1.43/info"
time="2026-09-14T18:57:17.350230697Z" level=debug msg="Calling HEAD /_ping"
time="2026-09-14T18:57:17.350478138Z" level=debug msg="Calling POST /v1.43/images/load?quiet=1"
time="2026-09-14T18:57:17.432787967Z" level=debug msg="Applying tar in /home/ubuntu/ai-infra-book-experiments/ch11/11-02/docker-lifecycle/isolated-daemon/docker24/data/overlay2/1f74d6a66bbe4dce955fb5583707318d9177aef9e8ea82856c4cb6706cfa1432/diff" storage-driver=overlay2
time="2026-09-14T18:57:17.957732684Z" level=debug msg="Applied tar sha256:6f94328331290cbd81edab450664d42da7b64c191416c9346cd5d28c84f76035 to 1f74d6a66bbe4dce955fb5583707318d9177aef9e8ea82856c4cb6706cfa1432, size: 78621580"
time="2026-09-14T18:57:17.987146236Z" level=debug msg="Applying tar in /home/ubuntu/ai-infra-book-experiments/ch11/11-02/docker-lifecycle/isolated-daemon/docker24/data/overlay2/06762805c4b515888f3822c85b219d603a823113dff227b04290d0bf1d986afe/diff" storage-driver=overlay2
time="2026-09-14T18:57:18.042305053Z" level=debug msg="Applied tar sha256:275f0a9e4758b8a31c628ab748d8184bd103fb27ec8aeff6b588003a3056d082 to 06762805c4b515888f3822c85b219d603a823113dff227b04290d0bf1d986afe, size: 3811541"
time="2026-09-14T18:57:18.079804583Z" level=debug msg="Applying tar in /home/ubuntu/ai-infra-book-experiments/ch11/11-02/docker-lifecycle/isolated-daemon/docker24/data/overlay2/93ce59509d9737b868eb09fea2675e8a8aecadcd0f740e163fcef401c7969089/diff" storage-driver=overlay2
time="2026-09-14T18:57:18.407752618Z" level=debug msg="Applied tar sha256:3d7dddf62be3a47f3c072a9dc069ac228beea659375d9fff022792deaaf08d61 to 93ce59509d9737b868eb09fea2675e8a8aecadcd0f740e163fcef401c7969089, size: 42415046"
time="2026-09-14T18:57:18.446857571Z" level=debug msg="Applying tar in /home/ubuntu/ai-infra-book-experiments/ch11/11-02/docker-lifecycle/isolated-daemon/docker24/data/overlay2/b682907d900423604acf47d12262f41600b0ac349b55fa1251b297fdfa9668ae/diff" storage-driver=overlay2
time="2026-09-14T18:57:18.448663526Z" level=debug msg="Applied tar sha256:1a8800d1b976e9a254659bbce8213f99d55639c12cc4d2ebecafe95a163797c5 to b682907d900423604acf47d12262f41600b0ac349b55fa1251b297fdfa9668ae, size: 36"
time="2026-09-14T18:57:18.516070539Z" level=debug msg="Calling HEAD /_ping"
time="2026-09-14T18:57:18.516413844Z" level=debug msg="Calling GET /v1.43/images/python:3.11-slim/json"
time="2026-09-14T18:57:18.527384330Z" level=debug msg="Calling HEAD /_ping"
time="2026-09-14T18:57:18.528045365Z" level=debug msg="Calling POST /v1.43/containers/create?name=book1102-probe-23d17e508d"
time="2026-09-14T18:57:18.528187127Z" level=debug msg="form data: {\"AttachStderr\":true,\"AttachStdin\":false,\"AttachStdout\":true,\"Cmd\":[\"python\",\"-u\",\"-c\",\"import time,uuid; print(uuid.uuid4().hex,flush=True); time.sleep(3600)\"],\"Domainname\":\"\",\"Entrypoint\":null,\"Env\":null,\"HostConfig\":{\"AutoRemove\":false,\"Binds\":null,\"BlkioDeviceReadBps\":[],\"BlkioDeviceReadIOps\":[],\"BlkioDeviceWriteBps\":[],\"BlkioDeviceWriteIOps\":[],\"BlkioWeight\":0,\"BlkioWeightDevice\":[],\"CapAdd\":null,\"CapDrop\":null,\"Cgroup\":\"\",\"CgroupParent\":\"\",\"CgroupnsMode\":\"\",\"ConsoleSize\":[0,0],\"ContainerIDFile\":\"\",\"CpuCount\":0,\"CpuPercent\":0,\"CpuPeriod\":0,\"CpuQuota\":0,\"CpuRealtimePeriod\":0,\"CpuRealtimeRuntime\":0,\"CpuShares\":0,\"CpusetCpus\":\"\",\"CpusetMems\":\"\",\"DeviceCgroupRules\":null,\"DeviceRequests\":null,\"Devices\":[],\"Dns\":[],\"DnsOptions\":[],\"DnsSearch\":[],\"ExtraHosts\":null,\"GroupAdd\":null,\"IOMaximumBandwidth\":0,\"IOMaximumIOps\":0,\"IpcMode\":\"\",\"Isolation\":\"\",\"Links\":null,\"LogConfig\":{\"Config\":{},\"Type\":\"\"},\"MaskedPaths\":null,\"Memory\":134217728,\"MemoryReservation\":0,\"MemorySwap\":0,\"MemorySwappiness\":-1,\"NanoCpus\":1000000000,\"NetworkMode\":\"host\",\"OomKillDisable\":false,\"OomScoreAdj\":0,\"PidMode\":\"\",\"PidsLimit\":0,\"PortBindings\":{},\"Privileged\":false,\"PublishAllPorts\":false,\"ReadonlyPaths\":null,\"ReadonlyRootfs\":false,\"RestartPolicy\":{\"MaximumRetryCount\":0,\"Name\":\"no\"},\"SecurityOpt\":null,\"ShmSize\":0,\"UTSMode\":\"\",\"Ulimits\":null,\"UsernsMode\":\"\",\"VolumeDriver\":\"\",\"VolumesFrom\":null},\"Hostname\":\"\",\"Image\":\"sha256:002792ac193538382f4aa5b2f696e5669c20e3c972e60d75e6df90d64d4e696e\",\"Labels\":{\"book.experiment\":\"restore-probe\"},\"NetworkingConfig\":{\"EndpointsConfig\":{}},\"OnBuild\":null,\"OpenStdin\":false,\"StdinOnce\":false,\"Tty\":false,\"User\":\"\",\"Volumes\":{},\"WorkingDir\":\"\"}"
time="2026-09-14T18:57:18.993127295Z" level=debug msg="container mounted via layerStore: /home/ubuntu/ai-infra-book-experiments/ch11/11-02/docker-lifecycle/isolated-daemon/docker24/data/overlay2/50e74e9d6abb7a3a284f985fe5e1c179d1eab6e5ccf72f8e6a82b534df4558db/merged" container=fd460a108aab99dd242c6cb04695e5682bfe1f3386e910491908591d41388ffd
time="2026-09-14T18:57:19.015093784Z" level=debug msg="Calling HEAD /_ping"
time="2026-09-14T18:57:19.015416552Z" level=debug msg="Calling POST /v1.43/containers/fd460a108aab99dd242c6cb04695e5682bfe1f3386e910491908591d41388ffd/start"
time="2026-09-14T18:57:19.015935357Z" level=debug msg="container mounted via layerStore: /home/ubuntu/ai-infra-book-experiments/ch11/11-02/docker-lifecycle/isolated-daemon/docker24/data/overlay2/50e74e9d6abb7a3a284f985fe5e1c179d1eab6e5ccf72f8e6a82b534df4558db/merged" container=fd460a108aab99dd242c6cb04695e5682bfe1f3386e910491908591d41388ffd
time="2026-09-14T18:57:19.044388505Z" level=debug msg="EnableService fd460a108aab99dd242c6cb04695e5682bfe1f3386e910491908591d41388ffd START"
time="2026-09-14T18:57:19.044416141Z" level=debug msg="EnableService fd460a108aab99dd242c6cb04695e5682bfe1f3386e910491908591d41388ffd DONE"
time="2026-09-14T18:57:19.048255371Z" level=debug msg="createSpec: cgroupsPath: system.slice:docker:fd460a108aab99dd242c6cb04695e5682bfe1f3386e910491908591d41388ffd"
time="2026-09-14T18:57:19.048595507Z" level=debug msg="bundle dir created" bundle=/run/book1102-d24/containerd/fd460a108aab99dd242c6cb04695e5682bfe1f3386e910491908591d41388ffd module=libcontainerd namespace=book1102 root=/home/ubuntu/ai-infra-book-experiments/ch11/11-02/docker-lifecycle/isolated-daemon/docker24/data/overlay2/50e74e9d6abb7a3a284f985fe5e1c179d1eab6e5ccf72f8e6a82b534df4558db/merged
time="2026-09-14T18:57:19.143786934Z" level=debug msg=event module=libcontainerd namespace=book1102 topic=/tasks/create
time="2026-09-14T18:57:19.149170696Z" level=debug msg=event module=libcontainerd namespace=book1102 topic=/tasks/start
time="2026-09-14T18:57:19.667827725Z" level=debug msg="Calling HEAD /_ping"
time="2026-09-14T18:57:19.668079699Z" level=debug msg="Calling GET /v1.43/containers/fd460a108aab99dd242c6cb04695e5682bfe1f3386e910491908591d41388ffd/json"
time="2026-09-14T18:57:19.669106212Z" level=debug msg="Calling GET /v1.43/containers/fd460a108aab99dd242c6cb04695e5682bfe1f3386e910491908591d41388ffd/logs?stderr=1&stdout=1&tail=all"
time="2026-09-14T18:57:19.669168240Z" level=debug msg="begin logs" container=fd460a108aab99dd242c6cb04695e5682bfe1f3386e910491908591d41388ffd method="(*Daemon).ContainerLogs" module=daemon
time="2026-09-14T18:57:19.669284224Z" level=debug msg="end logs (<nil>)" container=fd460a108aab99dd242c6cb04695e5682bfe1f3386e910491908591d41388ffd method="(*Daemon).ContainerLogs" module=daemon
time="2026-09-14T18:57:19.677103855Z" level=debug msg="Calling HEAD /_ping"
time="2026-09-14T18:57:19.677391364Z" level=debug msg="Calling POST /v1.43/containers/fd460a108aab99dd242c6cb04695e5682bfe1f3386e910491908591d41388ffd/checkpoints"
time="2026-09-14T18:57:19.677447566Z" level=debug msg="form data: {\"CheckpointDir\":\"\",\"CheckpointID\":\"probe\",\"Exit\":true}"
time="2026-09-14T18:57:19.688922046Z" level=debug msg=event module=libcontainerd namespace=book1102 topic=/tasks/paused
time="2026-09-14T18:57:19.753267514Z" level=debug msg=event module=libcontainerd namespace=book1102 topic=/tasks/exit
time="2026-09-14T18:57:19.757673446Z" level=debug msg=event module=libcontainerd namespace=book1102 topic=/tasks/delete
time="2026-09-14T18:57:19.757708324Z" level=info msg="ignoring event" container=fd460a108aab99dd242c6cb04695e5682bfe1f3386e910491908591d41388ffd module=libcontainerd namespace=book1102 topic=/tasks/delete type="*events.TaskDelete"
time="2026-09-14T18:57:19.973333713Z" level=debug msg="Calling HEAD /_ping"
time="2026-09-14T18:57:19.973653678Z" level=debug msg="Calling POST /v1.43/containers/fd460a108aab99dd242c6cb04695e5682bfe1f3386e910491908591d41388ffd/start?checkpoint=probe"
time="2026-09-14T18:57:19.974188718Z" level=debug msg="container mounted via layerStore: /home/ubuntu/ai-infra-book-experiments/ch11/11-02/docker-lifecycle/isolated-daemon/docker24/data/overlay2/50e74e9d6abb7a3a284f985fe5e1c179d1eab6e5ccf72f8e6a82b534df4558db/merged" container=fd460a108aab99dd242c6cb04695e5682bfe1f3386e910491908591d41388ffd
time="2026-09-14T18:57:19.998388601Z" level=debug msg="EnableService fd460a108aab99dd242c6cb04695e5682bfe1f3386e910491908591d41388ffd START"
time="2026-09-14T18:57:19.998412694Z" level=debug msg="EnableService fd460a108aab99dd242c6cb04695e5682bfe1f3386e910491908591d41388ffd DONE"
time="2026-09-14T18:57:20.005861678Z" level=debug msg="createSpec: cgroupsPath: system.slice:docker:fd460a108aab99dd242c6cb04695e5682bfe1f3386e910491908591d41388ffd"
time="2026-09-14T18:57:20.006137067Z" level=debug msg="bundle dir created" bundle=/run/book1102-d24/containerd/fd460a108aab99dd242c6cb04695e5682bfe1f3386e910491908591d41388ffd module=libcontainerd namespace=book1102 root=/home/ubuntu/ai-infra-book-experiments/ch11/11-02/docker-lifecycle/isolated-daemon/docker24/data/overlay2/50e74e9d6abb7a3a284f985fe5e1c179d1eab6e5ccf72f8e6a82b534df4558db/merged
time="2026-09-14T18:57:20.022851937Z" level=debug msg="Using single walk diff for /home/ubuntu/ai-infra-book-experiments/ch11/11-02/docker-lifecycle/isolated-daemon/docker24/data/containers/fd460a108aab99dd242c6cb04695e5682bfe1f3386e910491908591d41388ffd/checkpoints/probe"
time="2026-09-14T18:57:20.705152226Z" level=error msg="fd460a108aab99dd242c6cb04695e5682bfe1f3386e910491908591d41388ffd cleanup: failed to delete container from containerd: container \"fd460a108aab99dd242c6cb04695e5682bfe1f3386e910491908591d41388ffd\" in namespace \"book1102\": not found"
time="2026-09-14T18:57:20.740028180Z" level=error msg="Handler for POST /v1.43/containers/fd460a108aab99dd242c6cb04695e5682bfe1f3386e910491908591d41388ffd/start returned error: failed to upload checkpoint to containerd: commit failed: content sha256:73109bcaa38a920f6189bef6c1dc0ebf5d1929e7b14c9f0506a4389bde258f1f: already exists"
time="2026-09-14T18:57:20.750342864Z" level=debug msg="Calling HEAD /_ping"
time="2026-09-14T18:57:20.750591719Z" level=debug msg="Calling GET /v1.43/containers/fd460a108aab99dd242c6cb04695e5682bfe1f3386e910491908591d41388ffd/json"
time="2026-09-14T18:57:20.760889336Z" level=debug msg="Calling HEAD /_ping"
time="2026-09-14T18:57:20.761214841Z" level=debug msg="Calling DELETE /v1.43/containers/fd460a108aab99dd242c6cb04695e5682bfe1f3386e910491908591d41388ffd?force=1"
time="2026-09-14T18:57:20.785064051Z" level=debug msg="Calling HEAD /_ping"
time="2026-09-14T18:57:20.785657555Z" level=debug msg="Calling POST /v1.43/containers/create?name=book1102-probe-19c9b81052"
time="2026-09-14T18:57:20.785777778Z" level=debug msg="form data: {\"AttachStderr\":true,\"AttachStdin\":false,\"AttachStdout\":true,\"Cmd\":[\"python\",\"-u\",\"-c\",\"import time,uuid; print(uuid.uuid4().hex,flush=True); time.sleep(3600)\"],\"Domainname\":\"\",\"Entrypoint\":null,\"Env\":null,\"HostConfig\":{\"AutoRemove\":false,\"Binds\":null,\"BlkioDeviceReadBps\":[],\"BlkioDeviceReadIOps\":[],\"BlkioDeviceWriteBps\":[],\"BlkioDeviceWriteIOps\":[],\"BlkioWeight\":0,\"BlkioWeightDevice\":[],\"CapAdd\":null,\"CapDrop\":null,\"Cgroup\":\"\",\"CgroupParent\":\"\",\"CgroupnsMode\":\"\",\"ConsoleSize\":[0,0],\"ContainerIDFile\":\"\",\"CpuCount\":0,\"CpuPercent\":0,\"CpuPeriod\":0,\"CpuQuota\":0,\"CpuRealtimePeriod\":0,\"CpuRealtimeRuntime\":0,\"CpuShares\":0,\"CpusetCpus\":\"\",\"CpusetMems\":\"\",\"DeviceCgroupRules\":null,\"DeviceRequests\":null,\"Devices\":[],\"Dns\":[],\"DnsOptions\":[],\"DnsSearch\":[],\"ExtraHosts\":null,\"GroupAdd\":null,\"IOMaximumBandwidth\":0,\"IOMaximumIOps\":0,\"IpcMode\":\"\",\"Isolation\":\"\",\"Links\":null,\"LogConfig\":{\"Config\":{},\"Type\":\"\"},\"MaskedPaths\":null,\"Memory\":134217728,\"MemoryReservation\":0,\"MemorySwap\":0,\"MemorySwappiness\":-1,\"NanoCpus\":1000000000,\"NetworkMode\":\"host\",\"OomKillDisable\":false,\"OomScoreAdj\":0,\"PidMode\":\"\",\"PidsLimit\":0,\"PortBindings\":{},\"Privileged\":false,\"PublishAllPorts\":false,\"ReadonlyPaths\":null,\"ReadonlyRootfs\":false,\"RestartPolicy\":{\"MaximumRetryCount\":0,\"Name\":\"no\"},\"SecurityOpt\":[\"seccomp=unconfined\",\"apparmor=unconfined\"],\"ShmSize\":0,\"UTSMode\":\"\",\"Ulimits\":null,\"UsernsMode\":\"\",\"VolumeDriver\":\"\",\"VolumesFrom\":null},\"Hostname\":\"\",\"Image\":\"sha256:002792ac193538382f4aa5b2f696e5669c20e3c972e60d75e6df90d64d4e696e\",\"Labels\":{\"book.experiment\":\"restore-probe\"},\"NetworkingConfig\":{\"EndpointsConfig\":{}},\"OnBuild\":null,\"OpenStdin\":false,\"StdinOnce\":false,\"Tty\":false,\"User\":\"\",\"Volumes\":{},\"WorkingDir\":\"\"}"
time="2026-09-14T18:57:20.825645493Z" level=debug msg="container mounted via layerStore: /home/ubuntu/ai-infra-book-experiments/ch11/11-02/docker-lifecycle/isolated-daemon/docker24/data/overlay2/c14fbaa773258bd4c632095a3c0a34aa998b99fad2541983d153961129718fa3/merged" container=e84e3adebedd80e997c40c2d8ed733cde251cd315a1608e5133d4b0c181e67d7
time="2026-09-14T18:57:20.855697524Z" level=debug msg="Calling HEAD /_ping"
time="2026-09-14T18:57:20.855978819Z" level=debug msg="Calling POST /v1.43/containers/e84e3adebedd80e997c40c2d8ed733cde251cd315a1608e5133d4b0c181e67d7/start"
time="2026-09-14T18:57:20.856505485Z" level=debug msg="container mounted via layerStore: /home/ubuntu/ai-infra-book-experiments/ch11/11-02/docker-lifecycle/isolated-daemon/docker24/data/overlay2/c14fbaa773258bd4c632095a3c0a34aa998b99fad2541983d153961129718fa3/merged" container=e84e3adebedd80e997c40c2d8ed733cde251cd315a1608e5133d4b0c181e67d7
time="2026-09-14T18:57:20.879329948Z" level=debug msg="EnableService e84e3adebedd80e997c40c2d8ed733cde251cd315a1608e5133d4b0c181e67d7 START"
time="2026-09-14T18:57:20.879347409Z" level=debug msg="EnableService e84e3adebedd80e997c40c2d8ed733cde251cd315a1608e5133d4b0c181e67d7 DONE"
time="2026-09-14T18:57:20.882769466Z" level=debug msg="createSpec: cgroupsPath: system.slice:docker:e84e3adebedd80e997c40c2d8ed733cde251cd315a1608e5133d4b0c181e67d7"
time="2026-09-14T18:57:20.883007547Z" level=debug msg="bundle dir created" bundle=/run/book1102-d24/containerd/e84e3adebedd80e997c40c2d8ed733cde251cd315a1608e5133d4b0c181e67d7 module=libcontainerd namespace=book1102 root=/home/ubuntu/ai-infra-book-experiments/ch11/11-02/docker-lifecycle/isolated-daemon/docker24/data/overlay2/c14fbaa773258bd4c632095a3c0a34aa998b99fad2541983d153961129718fa3/merged
time="2026-09-14T18:57:20.936633434Z" level=debug msg=event module=libcontainerd namespace=book1102 topic=/tasks/create
time="2026-09-14T18:57:20.941681424Z" level=debug msg=event module=libcontainerd namespace=book1102 topic=/tasks/start
time="2026-09-14T18:57:21.458688944Z" level=debug msg="Calling HEAD /_ping"
time="2026-09-14T18:57:21.458911156Z" level=debug msg="Calling GET /v1.43/containers/e84e3adebedd80e997c40c2d8ed733cde251cd315a1608e5133d4b0c181e67d7/json"
time="2026-09-14T18:57:21.459704629Z" level=debug msg="Calling GET /v1.43/containers/e84e3adebedd80e997c40c2d8ed733cde251cd315a1608e5133d4b0c181e67d7/logs?stderr=1&stdout=1&tail=all"
time="2026-09-14T18:57:21.459791111Z" level=debug msg="begin logs" container=e84e3adebedd80e997c40c2d8ed733cde251cd315a1608e5133d4b0c181e67d7 method="(*Daemon).ContainerLogs" module=daemon
time="2026-09-14T18:57:21.459857679Z" level=debug msg="end logs (<nil>)" container=e84e3adebedd80e997c40c2d8ed733cde251cd315a1608e5133d4b0c181e67d7 method="(*Daemon).ContainerLogs" module=daemon
time="2026-09-14T18:57:21.475177436Z" level=debug msg="Calling HEAD /_ping"
time="2026-09-14T18:57:21.475418039Z" level=debug msg="Calling POST /v1.43/containers/e84e3adebedd80e997c40c2d8ed733cde251cd315a1608e5133d4b0c181e67d7/checkpoints"
time="2026-09-14T18:57:21.475463946Z" level=debug msg="form data: {\"CheckpointDir\":\"\",\"CheckpointID\":\"probe\",\"Exit\":true}"
time="2026-09-14T18:57:21.486912886Z" level=debug msg=event module=libcontainerd namespace=book1102 topic=/tasks/paused
time="2026-09-14T18:57:21.560184873Z" level=debug msg=event module=libcontainerd namespace=book1102 topic=/tasks/exit
time="2026-09-14T18:57:21.564525795Z" level=debug msg=event module=libcontainerd namespace=book1102 topic=/tasks/delete
time="2026-09-14T18:57:21.564558829Z" level=info msg="ignoring event" container=e84e3adebedd80e997c40c2d8ed733cde251cd315a1608e5133d4b0c181e67d7 module=libcontainerd namespace=book1102 topic=/tasks/delete type="*events.TaskDelete"
time="2026-09-14T18:57:21.776737445Z" level=debug msg="Calling HEAD /_ping"
time="2026-09-14T18:57:21.777011481Z" level=debug msg="Calling POST /v1.43/containers/e84e3adebedd80e997c40c2d8ed733cde251cd315a1608e5133d4b0c181e67d7/start?checkpoint=probe"
time="2026-09-14T18:57:21.777520931Z" level=debug msg="container mounted via layerStore: /home/ubuntu/ai-infra-book-experiments/ch11/11-02/docker-lifecycle/isolated-daemon/docker24/data/overlay2/c14fbaa773258bd4c632095a3c0a34aa998b99fad2541983d153961129718fa3/merged" container=e84e3adebedd80e997c40c2d8ed733cde251cd315a1608e5133d4b0c181e67d7
time="2026-09-14T18:57:21.801415051Z" level=debug msg="EnableService e84e3adebedd80e997c40c2d8ed733cde251cd315a1608e5133d4b0c181e67d7 START"
time="2026-09-14T18:57:21.801435817Z" level=debug msg="EnableService e84e3adebedd80e997c40c2d8ed733cde251cd315a1608e5133d4b0c181e67d7 DONE"
time="2026-09-14T18:57:21.805898427Z" level=debug msg="createSpec: cgroupsPath: system.slice:docker:e84e3adebedd80e997c40c2d8ed733cde251cd315a1608e5133d4b0c181e67d7"
time="2026-09-14T18:57:21.806063682Z" level=debug msg="bundle dir created" bundle=/run/book1102-d24/containerd/e84e3adebedd80e997c40c2d8ed733cde251cd315a1608e5133d4b0c181e67d7 module=libcontainerd namespace=book1102 root=/home/ubuntu/ai-infra-book-experiments/ch11/11-02/docker-lifecycle/isolated-daemon/docker24/data/overlay2/c14fbaa773258bd4c632095a3c0a34aa998b99fad2541983d153961129718fa3/merged
time="2026-09-14T18:57:21.822621222Z" level=debug msg="Using single walk diff for /home/ubuntu/ai-infra-book-experiments/ch11/11-02/docker-lifecycle/isolated-daemon/docker24/data/containers/e84e3adebedd80e997c40c2d8ed733cde251cd315a1608e5133d4b0c181e67d7/checkpoints/probe"
time="2026-09-14T18:57:21.902548393Z" level=error msg="e84e3adebedd80e997c40c2d8ed733cde251cd315a1608e5133d4b0c181e67d7 cleanup: failed to delete container from containerd: container \"e84e3adebedd80e997c40c2d8ed733cde251cd315a1608e5133d4b0c181e67d7\" in namespace \"book1102\": not found"
time="2026-09-14T18:57:21.936735137Z" level=error msg="Handler for POST /v1.43/containers/e84e3adebedd80e997c40c2d8ed733cde251cd315a1608e5133d4b0c181e67d7/start returned error: failed to upload checkpoint to containerd: commit failed: content sha256:380a68db1786fdff175e896ccf1feff4f4094b1b40c9475fe0e209830ec9ed54: already exists"
time="2026-09-14T18:57:21.951805090Z" level=debug msg="Calling HEAD /_ping"
time="2026-09-14T18:57:21.952040950Z" level=debug msg="Calling GET /v1.43/containers/e84e3adebedd80e997c40c2d8ed733cde251cd315a1608e5133d4b0c181e67d7/json"
time="2026-09-14T18:57:21.962833130Z" level=debug msg="Calling HEAD /_ping"
time="2026-09-14T18:57:21.963165759Z" level=debug msg="Calling DELETE /v1.43/containers/e84e3adebedd80e997c40c2d8ed733cde251cd315a1608e5133d4b0c181e67d7?force=1"
time="2026-09-14T18:57:21.981451153Z" level=info msg="Processing signal 'terminated'"
time="2026-09-14T18:57:21.981573208Z" level=debug msg="daemon configured with a 15 seconds minimum shutdown timeout"
time="2026-09-14T18:57:21.981596138Z" level=debug msg="start clean shutdown of all containers with a 15 seconds timeout..."
time="2026-09-14T18:57:21.982416721Z" level=debug msg="Unix socket /run/book1102-d24/libnetwork/69b0d65ef1bc.sock doesn't exist. cannot accept client connections"
time="2026-09-14T18:57:21.982464375Z" level=debug msg="Cleaning up old mountid : start."
time="2026-09-14T18:57:21.982526944Z" level=info msg="stopping event stream following graceful shutdown" error="<nil>" module=libcontainerd namespace=book1102
time="2026-09-14T18:57:21.982812153Z" level=debug msg="Cleaning up old mountid : done."
time="2026-09-14T18:57:21.983110699Z" level=debug msg="Clean shutdown succeeded"
time="2026-09-14T18:57:21.983126331Z" level=info msg="Daemon shutdown complete"
time="2026-09-14T18:57:21.983159406Z" level=info msg="stopping event stream following graceful shutdown" error="context canceled" module=libcontainerd namespace=plugins.moby
